
R version 3.6.1 (2019-07-05) -- "Action of the Toes"
Copyright (C) 2019 The R Foundation for Statistical Computing
Platform: x86_64-pc-linux-gnu (64-bit)

R is free software and comes with ABSOLUTELY NO WARRANTY.
You are welcome to redistribute it under certain conditions.
Type 'license()' or 'licence()' for distribution details.

  Natural language support but running in an English locale

R is a collaborative project with many contributors.
Type 'contributors()' for more information and
'citation()' on how to cite R or R packages in publications.

Type 'demo()' for some demos, 'help()' for on-line help, or
'help.start()' for an HTML browser interface to help.
Type 'q()' to quit R.

> 
> rm(list=ls())
> .libPaths( c( "/data/KI/R/x86_64-pc-linux-gnu-library/3.6/" , .libPaths() ) )
> source(paste0(here::here(), "/0-config.R"))
here() starts at /home/andrew.mertens/ki-longitudinal-manuscripts
── Attaching packages ─────────────────────────────────────── tidyverse 1.2.1 ──
✔ ggplot2 3.2.1     ✔ purrr   0.3.3
✔ tibble  2.1.3     ✔ dplyr   0.8.3
✔ tidyr   1.0.0     ✔ stringr 1.4.0
✔ readr   1.3.1     ✔ forcats 0.4.0
── Conflicts ────────────────────────────────────────── tidyverse_conflicts() ──
✖ dplyr::filter() masks stats::filter()
✖ dplyr::lag()    masks stats::lag()

Attaching package: ‘gridExtra’

The following object is masked from ‘package:dplyr’:

    combine


Attaching package: ‘reshape2’

The following object is masked from ‘package:tidyr’:

    smiths

Loading required package: Matrix

Attaching package: ‘Matrix’

The following objects are masked from ‘package:tidyr’:

    expand, pack, unpack

Loading 'metafor' package (version 2.1-0). For an overview 
and introduction to the package please type: help(metafor).

Attaching package: ‘data.table’

The following objects are masked from ‘package:reshape2’:

    dcast, melt

The following objects are masked from ‘package:dplyr’:

    between, first, last

The following object is masked from ‘package:purrr’:

    transpose

Loading required package: viridisLite

Attaching package: ‘maps’

The following object is masked from ‘package:purrr’:

    map

Loading required package: ggridges

Attaching package: ‘ggridges’

The following object is masked from ‘package:ggplot2’:

    scale_discrete_manual

The ggjoy package has been deprecated. Please switch over to the
ggridges package, which provides the same functionality. Porting
guidelines can be found here:
https://github.com/clauswilke/ggjoy/blob/master/README.md

Attaching package: ‘assertthat’

The following object is masked from ‘package:tibble’:

    has_name

Loading required package: nlme

Attaching package: ‘nlme’

The following object is masked from ‘package:dplyr’:

    collapse

This is mgcv 1.8-30. For overview type 'help("mgcv-package")'.

Attaching package: ‘lazyeval’

The following objects are masked from ‘package:purrr’:

    is_atomic, is_formula


Attaching package: ‘rlang’

The following objects are masked from ‘package:lazyeval’:

    as_name, call_modify, call_standardise, expr_label, expr_text,
    f_env, f_env<-, f_label, f_lhs, f_lhs<-, f_rhs, f_rhs<-, f_text,
    is_atomic, is_call, is_formula, is_lang, is_pairlist, missing_arg

The following object is masked from ‘package:assertthat’:

    has_name

The following object is masked from ‘package:data.table’:

    :=

The following objects are masked from ‘package:purrr’:

    %@%, as_function, flatten, flatten_chr, flatten_dbl, flatten_int,
    flatten_lgl, flatten_raw, invoke, list_along, modify, prepend,
    splice


Attaching package: ‘scales’

The following object is masked from ‘package:viridis’:

    viridis_pal

The following object is masked from ‘package:purrr’:

    discard

The following object is masked from ‘package:readr’:

    col_factor


Attaching package: ‘foreach’

The following objects are masked from ‘package:purrr’:

    accumulate, when

Loading required package: iterators
Loading required package: parallel
Loading required package: survival

Attaching package: ‘survey’

The following object is masked from ‘package:graphics’:

    dotchart

Loading required package: bit
Attaching package bit
package:bit (c) 2008-2012 Jens Oehlschlaegel (GPL-2)
creators: bit bitwhich
coercion: as.logical as.integer as.bit as.bitwhich which
operator: ! & | xor != ==
querying: print length any all min max range sum summary
bit access: length<- [ [<- [[ [[<-
for more help type ?bit

Attaching package: ‘bit’

The following object is masked from ‘package:data.table’:

    setattr

The following object is masked from ‘package:base’:

    xor

Attaching package bit64
package:bit64 (c) 2011-2012 Jens Oehlschlaegel
creators: integer64 seq :
coercion: as.integer64 as.vector as.logical as.integer as.double as.character as.bin
logical operator: ! & | xor != == < <= >= >
arithmetic operator: + - * / %/% %% ^
math: sign abs sqrt log log2 log10
math: floor ceiling trunc round
querying: is.integer64 is.vector [is.atomic} [length] format print str
values: is.na is.nan is.finite is.infinite
aggregation: any all min max range sum prod
cumulation: diff cummin cummax cumsum cumprod
access: length<- [ [<- [[ [[<-
combine: c rep cbind rbind as.data.frame
WARNING don't use as subscripts
WARNING semantics differ from integer
for more help type ?bit64

Attaching package: ‘bit64’

The following object is masked from ‘package:bit’:

    still.identical

The following objects are masked from ‘package:base’:

    :, %in%, is.double, match, order, rank

Warning message:
New theme missing the following elements: line, rect, text, axis.title.x, axis.title.x.top, axis.title.y, axis.title.y.right, axis.text, axis.text.x, axis.text.x.top, axis.text.y, axis.text.y.right, axis.ticks, axis.ticks.length, axis.ticks.length.x, axis.ticks.length.x.top, axis.ticks.length.x.bottom, axis.ticks.length.y, axis.ticks.length.y.left, axis.ticks.length.y.right, axis.line, axis.line.x, axis.line.y, legend.background, legend.margin, legend.spacing, legend.spacing.x, legend.spacing.y, legend.key, legend.key.size, legend.key.height, legend.key.width, legend.text, legend.text.align, legend.title, legend.title.align, legend.position, legend.direction, legend.justification, legend.box, legend.box.margin, legend.box.background, legend.box.spacing, panel.background, panel.border, panel.spacing, panel.spacing.x, panel.spacing.y, panel.grid, panel.grid.minor, panel.ontop, plot.background, plot.title, plot.subtitle, plot.caption, plot.tag, plot.tag.position, plot.margin, strip.backgr [... truncated] 
> 
> library(longbowtools)
> library(progress)
> library(longbowRiskFactors)
> library(jsonlite)

Attaching package: ‘jsonlite’

The following objects are masked from ‘package:rlang’:

    flatten, unbox

The following object is masked from ‘package:purrr’:

    flatten

> 
> #get IP address
> system("ifconfig", intern=TRUE)
 [1] "docker0: flags=4099<UP,BROADCAST,MULTICAST>  mtu 1500"                       
 [2] "        inet 172.17.0.1  netmask 255.255.0.0  broadcast 0.0.0.0"             
 [3] "        ether 02:42:74:63:24:b0  txqueuelen 0  (Ethernet)"                   
 [4] "        RX packets 0  bytes 0 (0.0 B)"                                       
 [5] "        RX errors 0  dropped 0  overruns 0  frame 0"                         
 [6] "        TX packets 0  bytes 0 (0.0 B)"                                       
 [7] "        TX errors 0  dropped 0 overruns 0  carrier 0  collisions 0"          
 [8] ""                                                                            
 [9] "eno1: flags=4163<UP,BROADCAST,RUNNING,MULTICAST>  mtu 1500"                  
[10] "        inet 128.32.59.171  netmask 255.255.255.192  broadcast 128.32.59.191"
[11] "        inet6 fe80::bbf0:bbef:f2ed:28dd  prefixlen 64  scopeid 0x20<link>"   
[12] "        ether ac:1f:6b:41:46:7c  txqueuelen 1000  (Ethernet)"                
[13] "        RX packets 973320545  bytes 435083399159 (405.2 GiB)"                
[14] "        RX errors 0  dropped 1256640  overruns 0  frame 0"                   
[15] "        TX packets 6016977272  bytes 8628148877258 (7.8 TiB)"                
[16] "        TX errors 0  dropped 0 overruns 0  carrier 0  collisions 0"          
[17] ""                                                                            
[18] "eno2: flags=4163<UP,BROADCAST,RUNNING,MULTICAST>  mtu 1500"                  
[19] "        inet6 fe80::efc1:1731:6d5b:2246  prefixlen 64  scopeid 0x20<link>"   
[20] "        ether ac:1f:6b:41:46:7d  txqueuelen 1000  (Ethernet)"                
[21] "        RX packets 71587  bytes 62645598 (59.7 MiB)"                         
[22] "        RX errors 0  dropped 0  overruns 0  frame 0"                         
[23] "        TX packets 6796  bytes 482296 (470.9 KiB)"                           
[24] "        TX errors 0  dropped 0 overruns 0  carrier 0  collisions 0"          
[25] ""                                                                            
[26] "lo: flags=73<UP,LOOPBACK,RUNNING>  mtu 65536"                                
[27] "        inet 127.0.0.1  netmask 255.0.0.0"                                   
[28] "        inet6 ::1  prefixlen 128  scopeid 0x10<host>"                        
[29] "        loop  txqueuelen 1000  (Local Loopback)"                             
[30] "        RX packets 49502132  bytes 1541483423190 (1.4 TiB)"                  
[31] "        RX errors 0  dropped 0  overruns 0  frame 0"                         
[32] "        TX packets 49502132  bytes 1541483423190 (1.4 TiB)"                  
[33] "        TX errors 0  dropped 0 overruns 0  carrier 0  collisions 0"          
[34] ""                                                                            
> 
> #setwd('~/Desktop/sprint_7D_longbow/adjusted_binary/')
> # setwd("~/Dropbox/gates/sprint_7D_longbow/adjusted_binary/")
> setwd(here("4-longbow-tmle-analysis","run-longbow","primary-analysis"))
> inputs <- "inputs_template.json"
> default_params <- fromJSON(inputs)
> #Set to continious
> default_params$script_params$count_Y <- FALSE
> 
> load(here("4-longbow-tmle-analysis","analysis specification","adjusted_continuous.rdata"))
> 
> analyses$file <- "data/birthwt_data.csv"
> 
> #Drop growth velocity
> analyses <- analyses %>% filter(Y=="haz" | Y=="whz")
> analyses <- analyses[1:2,]
> 
> i=1
> enumerated_analyses <- lapply(seq_len(nrow(analyses)),function(i){
+   analysis <- analyses[i,]
+   analysis_params <- default_params
+   analysis_nodes <- as.list(analysis)[c("W","A","Y","strata","id")]
+   analysis_nodes$W <- NULL
+   analysis_nodes$strata <- NULL
+   analysis_nodes$Y <- "haz"
+   analysis_nodes$A <- "sex"
+   analysis_nodes$id <- "subjid"
+   analysis_params$nodes <- analysis_nodes
+   analysis_params$data$repository_path <- analysis$file
+   return(analysis_params)
+ })
> 
> 
> rmd_filename <- system.file("templates/longbow_RiskFactors.Rmd", package="longbowRiskFactors")
> 
> inputs <- "inputs_template.json"
> 
> 
> 
> writeLines(toJSON(enumerated_analyses[[1]]),"single_cont_analysis.json")
> writeLines(toJSON(enumerated_analyses),"all_cont_analyses.json")
> 
> 
> # 2. run batch
> 
> configure_cluster(here("0-project-functions","cluster_credentials.json"))
> 
> rmd_filename <- system.file("templates/longbow_RiskFactors.Rmd", package="longbowRiskFactors")
> # inputs <- "inputs_template.json"
> inputs <- "single_cont_analysis.json"
> 
> #run test/provisioning job
> #run_on_longbow(rmd_filename, inputs, provision = TRUE)
> 
> 
> # send the batch to longbow (with provisioning disabled)
> batch_inputs <- "all_cont_analyses.json"
> batch_id_cont <- run_on_longbow(rmd_filename, batch_inputs, provision = FALSE)
> 
> # wait for the batch to finish and track progress
> wait_for_batch(batch_id_cont)
Running jobs...
