
R version 4.0.3 (2020-10-10) -- "Bunny-Wunnies Freak Out"
Copyright (C) 2020 The R Foundation for Statistical Computing
Platform: x86_64-pc-linux-gnu (64-bit)

R is free software and comes with ABSOLUTELY NO WARRANTY.
You are welcome to redistribute it under certain conditions.
Type 'license()' or 'licence()' for distribution details.

  Natural language support but running in an English locale

R is a collaborative project with many contributors.
Type 'contributors()' for more information and
'citation()' on how to cite R or R packages in publications.

Type 'demo()' for some demos, 'help()' for on-line help, or
'help.start()' for an HTML browser interface to help.
Type 'q()' to quit R.

[Previously saved workspace restored]

> 
> 
> 
> 
> rm(list = ls())
> source(paste0(here::here(), "/0-config.R"))
── Attaching packages ─────────────────────────────────────── tidyverse 1.3.0 ──
✔ ggplot2 3.3.2     ✔ purrr   0.3.4
✔ tibble  3.0.3     ✔ dplyr   1.0.1
✔ tidyr   1.1.1     ✔ stringr 1.4.0
✔ readr   1.3.1     ✔ forcats 0.5.0
── Conflicts ────────────────────────────────────────── tidyverse_conflicts() ──
✖ dplyr::filter() masks stats::filter()
✖ dplyr::lag()    masks stats::lag()
here() starts at /home/andrew.mertens/ki-longitudinal-manuscripts

Attaching package: ‘gridExtra’

The following object is masked from ‘package:dplyr’:

    combine


Attaching package: ‘reshape2’

The following object is masked from ‘package:tidyr’:

    smiths

Loading required package: Matrix

Attaching package: ‘Matrix’

The following objects are masked from ‘package:tidyr’:

    expand, pack, unpack

Loading 'metafor' package (version 2.4-0). For an overview 
and introduction to the package please type: help(metafor).

Attaching package: ‘data.table’

The following objects are masked from ‘package:reshape2’:

    dcast, melt

The following objects are masked from ‘package:dplyr’:

    between, first, last

The following object is masked from ‘package:purrr’:

    transpose

Loading required package: viridisLite

Attaching package: ‘maps’

The following object is masked from ‘package:purrr’:

    map


Attaching package: ‘assertthat’

The following object is masked from ‘package:tibble’:

    has_name

Loading required package: nlme

Attaching package: ‘nlme’

The following object is masked from ‘package:dplyr’:

    collapse

This is mgcv 1.8-31. For overview type 'help("mgcv-package")'.

Attaching package: ‘lazyeval’

The following objects are masked from ‘package:purrr’:

    is_atomic, is_formula


Attaching package: ‘rlang’

The following objects are masked from ‘package:lazyeval’:

    as_name, call_modify, call_standardise, expr_label, expr_text,
    f_env, f_env<-, f_label, f_lhs, f_lhs<-, f_rhs, f_rhs<-, f_text,
    is_atomic, is_call, is_formula, is_lang, is_pairlist, missing_arg

The following object is masked from ‘package:assertthat’:

    has_name

The following object is masked from ‘package:data.table’:

    :=

The following objects are masked from ‘package:purrr’:

    %@%, as_function, flatten, flatten_chr, flatten_dbl, flatten_int,
    flatten_lgl, flatten_raw, invoke, list_along, modify, prepend,
    splice


Attaching package: ‘scales’

The following object is masked from ‘package:viridis’:

    viridis_pal

The following object is masked from ‘package:purrr’:

    discard

The following object is masked from ‘package:readr’:

    col_factor


Attaching package: ‘foreach’

The following objects are masked from ‘package:purrr’:

    accumulate, when

Loading required package: iterators
Loading required package: parallel
Loading required package: survival

Attaching package: ‘survey’

The following object is masked from ‘package:graphics’:

    dotchart

Loading required package: bit

Attaching package: ‘bit’

The following object is masked from ‘package:data.table’:

    setattr

The following object is masked from ‘package:base’:

    xor

Attaching package bit64
package:bit64 (c) 2011-2017 Jens Oehlschlaegel
creators: integer64 runif64 seq :
coercion: as.integer64 as.vector as.logical as.integer as.double as.character as.bitstring
logical operator: ! & | xor != == < <= >= >
arithmetic operator: + - * / %/% %% ^
math: sign abs sqrt log log2 log10
math: floor ceiling trunc round
querying: is.integer64 is.vector [is.atomic} [length] format print str
values: is.na is.nan is.finite is.infinite
aggregation: any all min max range sum prod
cumulation: diff cummin cummax cumsum cumprod
access: length<- [ [<- [[ [[<-
combine: c rep cbind rbind as.data.frame
WARNING don't use as subscripts
WARNING semantics differ from integer
for more help type ?bit64

Attaching package: ‘bit64’

The following objects are masked from ‘package:base’:

    :, %in%, is.double, match, order, rank


Attaching package: ‘zoo’

The following objects are masked from ‘package:base’:

    as.Date, as.Date.numeric

> source(paste0(here::here(),"/0-project-functions/0_descriptive_epi_wast_functions.R"))
> 
> load(paste0(ghapdata_dir, "Wasting_inc_data.RData"))
> 
> #Subset to monthly
> d <- d %>% filter(measurefreq == "monthly")
> d_noBW <- d_noBW %>% filter(measurefreq == "monthly")
> 
> 
> #Overall absolute counts
> df <- d %>% filter(agedays < 24 *30.4167) %>%
+             mutate(wast = 1*(whz < -2),
+                    sevwast = 1*(whz < -3))
> table(df$wast)

     0      1 
163817  15540 
> prop.table(table(df$wast))

         0          1 
0.91335716 0.08664284 
> table(df$sevwast)

     0      1 
176054   3303 
> prop.table(table(df$sevwast))

         0          1 
0.98158421 0.01841579 
> 
> 
> #Number wasted by 3 months
> df2 <- df %>% filter(agedays < 3 *30.4167) %>% group_by(studyid, country, subjid) %>% mutate(anywast = 1*(min(whz) < -2)) %>% slice(1)
> table(df2$anywast)

   0    1 
7886 1791 
> prop.table(table(df2$anywast))

       0        1 
0.814922 0.185078 
> 
> 
> #Wasting recovery
> df2 <- d %>% group_by(studyid, country, subjid) %>% mutate(wast=max(wast_inc), rec=max(wast_rec)) %>% 
+               filter(wast==1)
> table(df2$rec)

    0     1 
 7187 79553 
> prop.table(table(df2$rec))

         0          1 
0.08285681 0.91714319 
> 
> 
> #Severe wasting recovery
> df2 <- d %>% group_by(studyid, country, subjid) %>% mutate(wast=max(sevwast_inc), rec=max(sevwast_rec)) %>% 
+   filter(wast==1)
> table(df2$rec)

    0     1 
 5718 27917 
> prop.table(table(df2$rec))

        0         1 
0.1700015 0.8299985 
> 
> 
> 
> #Prevalence
> d <- calc.prev.agecat(d)
> prev.data <- summary.prev.whz(d)
`summarise()` regrouping output by 'studyid', 'country', 'subjid' (override with `.groups` argument)
`summarise()` regrouping output by 'studyid', 'country' (override with `.groups` argument)
Warning messages:
1: Extra argument ('method') disregarded. 
2: Extra argument ('method') disregarded. 
3: Extra argument ('method') disregarded. 
4: Extra argument ('method') disregarded. 
5: Extra argument ('method') disregarded. 
6: Extra argument ('method') disregarded. 
7: Extra argument ('method') disregarded. 
8: Extra argument ('method') disregarded. 
9: Extra argument ('method') disregarded. 
10: `as.tibble()` is deprecated as of tibble 2.0.0.
Please use `as_tibble()` instead.
The signature and semantics have changed, see `?as_tibble`.
This warning is displayed once every 8 hours.
Call `lifecycle::last_warnings()` to see where this warning was generated. 
> prev.region <- d %>% group_by(region) %>% do(summary.prev.whz(.)$prev.res)
`summarise()` regrouping output by 'studyid', 'country', 'subjid' (override with `.groups` argument)
`summarise()` regrouping output by 'studyid', 'country' (override with `.groups` argument)
`summarise()` regrouping output by 'studyid', 'country', 'subjid' (override with `.groups` argument)
`summarise()` regrouping output by 'studyid', 'country' (override with `.groups` argument)
`summarise()` regrouping output by 'studyid', 'country', 'subjid' (override with `.groups` argument)
`summarise()` regrouping output by 'studyid', 'country' (override with `.groups` argument)
Error in rma(data = data, ni = data[[ni]], method = method, xi = data[[xi]],  : 
  Fisher scoring algorithm did not converge. See 'help(rma)' for possible remedies.
In addition: There were 27 warnings (use warnings() to see them)
> prev.country <- d %>% group_by(region, country) %>% do(summary.prev.whz(.)$prev.res) 
`summarise()` regrouping output by 'studyid', 'country', 'subjid' (override with `.groups` argument)
`summarise()` regrouping output by 'studyid', 'country' (override with `.groups` argument)
`summarise()` regrouping output by 'studyid', 'country', 'subjid' (override with `.groups` argument)
`summarise()` regrouping output by 'studyid', 'country' (override with `.groups` argument)
`summarise()` regrouping output by 'studyid', 'country', 'subjid' (override with `.groups` argument)
`summarise()` regrouping output by 'studyid', 'country' (override with `.groups` argument)
`summarise()` regrouping output by 'studyid', 'country', 'subjid' (override with `.groups` argument)
`summarise()` regrouping output by 'studyid', 'country' (override with `.groups` argument)
`summarise()` regrouping output by 'studyid', 'country', 'subjid' (override with `.groups` argument)
`summarise()` regrouping output by 'studyid', 'country' (override with `.groups` argument)
`summarise()` regrouping output by 'studyid', 'country', 'subjid' (override with `.groups` argument)
`summarise()` regrouping output by 'studyid', 'country' (override with `.groups` argument)
`summarise()` regrouping output by 'studyid', 'country', 'subjid' (override with `.groups` argument)
`summarise()` regrouping output by 'studyid', 'country' (override with `.groups` argument)
`summarise()` regrouping output by 'studyid', 'country', 'subjid' (override with `.groups` argument)
`summarise()` regrouping output by 'studyid', 'country' (override with `.groups` argument)
`summarise()` regrouping output by 'studyid', 'country', 'subjid' (override with `.groups` argument)
`summarise()` regrouping output by 'studyid', 'country' (override with `.groups` argument)
`summarise()` regrouping output by 'studyid', 'country', 'subjid' (override with `.groups` argument)
`summarise()` regrouping output by 'studyid', 'country' (override with `.groups` argument)
There were 50 or more warnings (use warnings() to see the first 50)
> prev.cohort <-
+   prev.data$prev.cohort %>% subset(., select = c(cohort, region, agecat, nmeas,  prev,  ci.lb,  ci.ub)) %>%
+   rename(est = prev,  lb = ci.lb,  ub = ci.ub)
> 
> prev <- bind_rows(
+   data.frame(cohort = "pooled", region = "Overall", prev.data$prev.res),
+   data.frame(cohort = "pooled", prev.country),
+   data.frame(cohort = "pooled", prev.region),
+   prev.cohort
+ )
> 
> #Severe wasting prevalence
> sev.prev.data <- summary.prev.whz(d, severe.wasted = T)
`summarise()` regrouping output by 'studyid', 'country', 'subjid' (override with `.groups` argument)
`summarise()` regrouping output by 'studyid', 'country' (override with `.groups` argument)
Warning messages:
1: Extra argument ('method') disregarded. 
2: Extra argument ('method') disregarded. 
3: Extra argument ('method') disregarded. 
4: Extra argument ('method') disregarded. 
5: Extra argument ('method') disregarded. 
6: Extra argument ('method') disregarded. 
7: Extra argument ('method') disregarded. 
8: Extra argument ('method') disregarded. 
9: Extra argument ('method') disregarded. 
> sev.prev.region <- d %>% group_by(region) %>% do(summary.prev.whz(., severe.wasted = T)$prev.res)
`summarise()` regrouping output by 'studyid', 'country', 'subjid' (override with `.groups` argument)
`summarise()` regrouping output by 'studyid', 'country' (override with `.groups` argument)
`summarise()` regrouping output by 'studyid', 'country', 'subjid' (override with `.groups` argument)
`summarise()` regrouping output by 'studyid', 'country' (override with `.groups` argument)
`summarise()` regrouping output by 'studyid', 'country', 'subjid' (override with `.groups` argument)
`summarise()` regrouping output by 'studyid', 'country' (override with `.groups` argument)
There were 27 warnings (use warnings() to see them)
> sev.prev.country <- d %>% group_by(region, country) %>% do(summary.prev.whz(., severe.wasted = T)$prev.res) 
`summarise()` regrouping output by 'studyid', 'country', 'subjid' (override with `.groups` argument)
`summarise()` regrouping output by 'studyid', 'country' (override with `.groups` argument)
`summarise()` regrouping output by 'studyid', 'country', 'subjid' (override with `.groups` argument)
`summarise()` regrouping output by 'studyid', 'country' (override with `.groups` argument)
`summarise()` regrouping output by 'studyid', 'country', 'subjid' (override with `.groups` argument)
`summarise()` regrouping output by 'studyid', 'country' (override with `.groups` argument)
`summarise()` regrouping output by 'studyid', 'country', 'subjid' (override with `.groups` argument)
`summarise()` regrouping output by 'studyid', 'country' (override with `.groups` argument)
`summarise()` regrouping output by 'studyid', 'country', 'subjid' (override with `.groups` argument)
`summarise()` regrouping output by 'studyid', 'country' (override with `.groups` argument)
`summarise()` regrouping output by 'studyid', 'country', 'subjid' (override with `.groups` argument)
`summarise()` regrouping output by 'studyid', 'country' (override with `.groups` argument)
`summarise()` regrouping output by 'studyid', 'country', 'subjid' (override with `.groups` argument)
`summarise()` regrouping output by 'studyid', 'country' (override with `.groups` argument)
`summarise()` regrouping output by 'studyid', 'country', 'subjid' (override with `.groups` argument)
`summarise()` regrouping output by 'studyid', 'country' (override with `.groups` argument)
`summarise()` regrouping output by 'studyid', 'country', 'subjid' (override with `.groups` argument)
`summarise()` regrouping output by 'studyid', 'country' (override with `.groups` argument)
`summarise()` regrouping output by 'studyid', 'country', 'subjid' (override with `.groups` argument)
`summarise()` regrouping output by 'studyid', 'country' (override with `.groups` argument)
There were 50 or more warnings (use warnings() to see the first 50)
> 
> sev.prev.cohort <-
+   sev.prev.data$prev.cohort %>% subset(., select = c(cohort, region, agecat, nmeas,  prev,  ci.lb,  ci.ub)) %>%
+   rename(est = prev,  lb = ci.lb,  ub = ci.ub)
> 
> sev.prev <- bind_rows(
+   data.frame(cohort = "pooled", region = "Overall", sev.prev.data$prev.res),
+   data.frame(cohort = "pooled", sev.prev.country),
+   data.frame(cohort = "pooled", sev.prev.region),
+   sev.prev.cohort
+ )
> 
> #mean whz
> whz.data <- summary.whz(d)
`summarise()` regrouping output by 'studyid', 'country', 'subjid' (override with `.groups` argument)
`summarise()` regrouping output by 'studyid', 'country' (override with `.groups` argument)
Warning messages:
1: Extra argument ('method') disregarded. 
2: Extra argument ('method') disregarded. 
3: Extra argument ('method') disregarded. 
4: Extra argument ('method') disregarded. 
5: Extra argument ('method') disregarded. 
6: Extra argument ('method') disregarded. 
7: Extra argument ('method') disregarded. 
8: Extra argument ('method') disregarded. 
9: Extra argument ('method') disregarded. 
> whz.region <- d %>% group_by(region) %>% do(summary.whz(.)$whz.res)
`summarise()` regrouping output by 'studyid', 'country', 'subjid' (override with `.groups` argument)
`summarise()` regrouping output by 'studyid', 'country' (override with `.groups` argument)
`summarise()` regrouping output by 'studyid', 'country', 'subjid' (override with `.groups` argument)
`summarise()` regrouping output by 'studyid', 'country' (override with `.groups` argument)
`summarise()` regrouping output by 'studyid', 'country', 'subjid' (override with `.groups` argument)
`summarise()` regrouping output by 'studyid', 'country' (override with `.groups` argument)
There were 27 warnings (use warnings() to see them)
> whz.country <- d %>% group_by(region, country) %>% do(summary.whz(.)$whz.res) 
`summarise()` regrouping output by 'studyid', 'country', 'subjid' (override with `.groups` argument)
`summarise()` regrouping output by 'studyid', 'country' (override with `.groups` argument)
`summarise()` regrouping output by 'studyid', 'country', 'subjid' (override with `.groups` argument)
`summarise()` regrouping output by 'studyid', 'country' (override with `.groups` argument)
`summarise()` regrouping output by 'studyid', 'country', 'subjid' (override with `.groups` argument)
`summarise()` regrouping output by 'studyid', 'country' (override with `.groups` argument)
`summarise()` regrouping output by 'studyid', 'country', 'subjid' (override with `.groups` argument)
`summarise()` regrouping output by 'studyid', 'country' (override with `.groups` argument)
`summarise()` regrouping output by 'studyid', 'country', 'subjid' (override with `.groups` argument)
`summarise()` regrouping output by 'studyid', 'country' (override with `.groups` argument)
`summarise()` regrouping output by 'studyid', 'country', 'subjid' (override with `.groups` argument)
`summarise()` regrouping output by 'studyid', 'country' (override with `.groups` argument)
`summarise()` regrouping output by 'studyid', 'country', 'subjid' (override with `.groups` argument)
`summarise()` regrouping output by 'studyid', 'country' (override with `.groups` argument)
`summarise()` regrouping output by 'studyid', 'country', 'subjid' (override with `.groups` argument)
`summarise()` regrouping output by 'studyid', 'country' (override with `.groups` argument)
`summarise()` regrouping output by 'studyid', 'country', 'subjid' (override with `.groups` argument)
`summarise()` regrouping output by 'studyid', 'country' (override with `.groups` argument)
`summarise()` regrouping output by 'studyid', 'country', 'subjid' (override with `.groups` argument)
`summarise()` regrouping output by 'studyid', 'country' (override with `.groups` argument)
There were 50 or more warnings (use warnings() to see the first 50)
> whz.cohort <-
+   whz.data$whz.cohort %>% subset(., select = c(cohort, region, agecat, nmeas,  meanwhz,  ci.lb,  ci.ub)) %>%
+   rename(est = meanwhz,  lb = ci.lb,  ub = ci.ub)
> 
> whz <- bind_rows(
+   data.frame(cohort = "pooled", region = "Overall", whz.data$whz.res),
+   data.frame(cohort = "pooled", whz.country),
+   data.frame(cohort = "pooled", whz.region),
+   whz.cohort
+ )
> 
> 
> #monthly mean whz
> d <- calc.monthly.agecat(d)
> #get range of N obs for figure caption
> d %>% filter(!is.na(agecat)) %>% group_by(agecat) %>% summarize(N=n()) %>% ungroup() %>% summarise(min(N), max(N))
`summarise()` ungrouping output (override with `.groups` argument)
# A tibble: 1 x 2
  `min(N)` `max(N)`
     <int>    <int>
1     4165    10074
> d %>% filter(!is.na(agecat)) %>% group_by(agecat, region) %>% summarize(N=n()) %>% group_by(region) %>% summarise(min(N), max(N))
`summarise()` regrouping output by 'agecat' (override with `.groups` argument)
`summarise()` ungrouping output (override with `.groups` argument)
# A tibble: 3 x 3
  region        `min(N)` `max(N)`
  <fct>            <int>    <int>
1 Africa            1067     5428
2 South Asia        2224     3204
3 Latin America      569     1718
> 
> monthly.data <- summary.whz(d)
`summarise()` regrouping output by 'studyid', 'country', 'subjid' (override with `.groups` argument)
`summarise()` regrouping output by 'studyid', 'country' (override with `.groups` argument)
There were 25 warnings (use warnings() to see them)
> monthly.region <- d %>% group_by(region) %>% do(summary.whz(.)$whz.res)
`summarise()` regrouping output by 'studyid', 'country', 'subjid' (override with `.groups` argument)
`summarise()` regrouping output by 'studyid', 'country' (override with `.groups` argument)
`summarise()` regrouping output by 'studyid', 'country', 'subjid' (override with `.groups` argument)
`summarise()` regrouping output by 'studyid', 'country' (override with `.groups` argument)
`summarise()` regrouping output by 'studyid', 'country', 'subjid' (override with `.groups` argument)
`summarise()` regrouping output by 'studyid', 'country' (override with `.groups` argument)
There were 50 or more warnings (use warnings() to see the first 50)
> monthly.country <- d %>% group_by(region, country) %>% do(summary.whz(.)$whz.res) 
`summarise()` regrouping output by 'studyid', 'country', 'subjid' (override with `.groups` argument)
`summarise()` regrouping output by 'studyid', 'country' (override with `.groups` argument)
`summarise()` regrouping output by 'studyid', 'country', 'subjid' (override with `.groups` argument)
`summarise()` regrouping output by 'studyid', 'country' (override with `.groups` argument)
`summarise()` regrouping output by 'studyid', 'country', 'subjid' (override with `.groups` argument)
`summarise()` regrouping output by 'studyid', 'country' (override with `.groups` argument)
`summarise()` regrouping output by 'studyid', 'country', 'subjid' (override with `.groups` argument)
`summarise()` regrouping output by 'studyid', 'country' (override with `.groups` argument)
`summarise()` regrouping output by 'studyid', 'country', 'subjid' (override with `.groups` argument)
`summarise()` regrouping output by 'studyid', 'country' (override with `.groups` argument)
`summarise()` regrouping output by 'studyid', 'country', 'subjid' (override with `.groups` argument)
`summarise()` regrouping output by 'studyid', 'country' (override with `.groups` argument)
`summarise()` regrouping output by 'studyid', 'country', 'subjid' (override with `.groups` argument)
`summarise()` regrouping output by 'studyid', 'country' (override with `.groups` argument)
`summarise()` regrouping output by 'studyid', 'country', 'subjid' (override with `.groups` argument)
`summarise()` regrouping output by 'studyid', 'country' (override with `.groups` argument)
`summarise()` regrouping output by 'studyid', 'country', 'subjid' (override with `.groups` argument)
`summarise()` regrouping output by 'studyid', 'country' (override with `.groups` argument)
`summarise()` regrouping output by 'studyid', 'country', 'subjid' (override with `.groups` argument)
`summarise()` regrouping output by 'studyid', 'country' (override with `.groups` argument)
There were 50 or more warnings (use warnings() to see the first 50)
> monthly.cohort <-
+   monthly.data$whz.cohort %>% subset(., select = c(cohort, region, agecat, nmeas,  meanwhz,  ci.lb,  ci.ub)) %>%
+   rename(est = meanwhz,  lb = ci.lb,  ub = ci.ub)
> 
> monthly.whz <- bind_rows(
+   data.frame(cohort = "pooled", region = "Overall", monthly.data$whz.res),
+   data.frame(cohort = "pooled", monthly.country),
+   data.frame(cohort = "pooled", monthly.region),
+   monthly.cohort
+ )
> 
> #Get monthly whz quantiles
> quantile_d <- d %>% group_by(agecat, region) %>%
+   mutate(N=n(),
+          fifth_perc = quantile(whz, probs = c(0.05))[[1]],
+          fiftieth_perc = quantile(whz, probs = c(0.5))[[1]],
+          ninetyfifth_perc = quantile(whz, probs = c(0.95))[[1]]) %>%
+   select(agecat, region, fifth_perc, fiftieth_perc, ninetyfifth_perc, N)
> quantile_d_country <- d %>% group_by(agecat, country) %>%
+   mutate(N=n(),
+          fifth_perc = quantile(whz, probs = c(0.05))[[1]],
+          fiftieth_perc = quantile(whz, probs = c(0.5))[[1]],
+          ninetyfifth_perc = quantile(whz, probs = c(0.95))[[1]]) %>%
+   select(agecat, region, fifth_perc, fiftieth_perc, ninetyfifth_perc, N)
Adding missing grouping variables: `country`
> quantile_d_overall <- d %>% group_by(agecat) %>%
+   mutate(N=n(),
+         fifth_perc = quantile(whz, probs = c(0.05))[[1]],
+          fiftieth_perc = quantile(whz, probs = c(0.5))[[1]],
+          ninetyfifth_perc = quantile(whz, probs = c(0.95))[[1]]) %>%
+   select(agecat, fifth_perc, fiftieth_perc, ninetyfifth_perc, N)
> 
> saveRDS(list(quantile_d=quantile_d, 
+              quantile_d_country=quantile_d_country, 
+              quantile_d_overall=quantile_d_overall), 
+         file = paste0(here(),"/results/quantile_data_wasting.RDS"))
> 
> 
> 
> 
> #Cumulative inc
> # d <- calc.ci.agecat(d, range = 6)
> # agelst = list("0-6 months", "6-12 months", "12-18 months", "18-24 months")
> # ci.data <- summary.wast.ci(d)
> # ci.region <- d %>% group_by(region) %>% do(summary.wast.ci(.)$ci.res)
> # ci.cohort <-
> #   ci.data$ci.cohort %>% subset(., select = c(cohort, region, agecat,  yi,  ci.lb,  ci.ub)) %>%
> #   rename(est = yi,  lb = ci.lb,  ub = ci.ub)
> # 
> # ci <- bind_rows(
> #   data.frame(cohort = "pooled", region = "Overall", ci.data$ci.res),
> #   data.frame(cohort = "pooled", ci.region),
> #   ci.cohort
> # )
> 
> #Cumulative inc 3 month intervals
> d3 <- calc.ci.agecat(d, range = 3)
> length(unique(paste0(d3$studyid, d3$subjid)))
[1] 10738
> 
> #Calculate the raw  proportion of ever-wasted children who became wasted at each age
> d3_raw <- d3 %>% group_by(studyid, subjid) %>% filter(!is.na(agecat)) %>%
+   mutate(minwhz=min(whz)) %>% filter(minwhz < -2) %>% arrange(agedays) %>% mutate(sum_inc=cumsum(wast_inc))
> length(unique(paste0(d3_raw$studyid, d3_raw$subjid)))
[1] 3839
> d3_raw_first_inc <- d3_raw %>% filter(sum_inc==1) %>% slice(1)
> dim(d3_raw_first_inc)
[1] 3839   52
> table(d3_raw_first_inc$agecat)

  0-3 months   3-6 months   6-9 months  9-12 months 12-15 months 15-18 months 
        1791          526          425          409          272          189 
18-21 months 21-24 months 
         128           99 
> prop.table(table(d3_raw_first_inc$agecat)) * 100

  0-3 months   3-6 months   6-9 months  9-12 months 12-15 months 15-18 months 
   46.652774    13.701485    11.070591    10.653816     7.085178     4.923157 
18-21 months 21-24 months 
    3.334202     2.578797 
> 
> #RE pooled estimates
> ci.data3 <- summary.wast.ci(d3, age.range=3)
`summarise()` regrouping output by 'studyid', 'country', 'agecat' (override with `.groups` argument)
`summarise()` regrouping output by 'studyid', 'country' (override with `.groups` argument)
Warning messages:
1: Extra argument ('method') disregarded. 
2: Extra argument ('method') disregarded. 
3: Extra argument ('method') disregarded. 
4: Extra argument ('method') disregarded. 
5: Extra argument ('method') disregarded. 
6: Extra argument ('method') disregarded. 
7: Extra argument ('method') disregarded. 
8: Extra argument ('method') disregarded. 
> ci.region3 <- d3 %>% group_by(region) %>% do(summary.wast.ci(., age.range=3)$ci.res)
`summarise()` regrouping output by 'studyid', 'country', 'agecat' (override with `.groups` argument)
`summarise()` regrouping output by 'studyid', 'country' (override with `.groups` argument)
`summarise()` regrouping output by 'studyid', 'country', 'agecat' (override with `.groups` argument)
`summarise()` regrouping output by 'studyid', 'country' (override with `.groups` argument)
`summarise()` regrouping output by 'studyid', 'country', 'agecat' (override with `.groups` argument)
`summarise()` regrouping output by 'studyid', 'country' (override with `.groups` argument)
There were 24 warnings (use warnings() to see them)
> ci.country3 <- d3 %>% group_by(region, country) %>% do(summary.wast.ci(., age.range=3)$ci.res) 
`summarise()` regrouping output by 'studyid', 'country', 'agecat' (override with `.groups` argument)
`summarise()` regrouping output by 'studyid', 'country' (override with `.groups` argument)
`summarise()` regrouping output by 'studyid', 'country', 'agecat' (override with `.groups` argument)
`summarise()` regrouping output by 'studyid', 'country' (override with `.groups` argument)
`summarise()` regrouping output by 'studyid', 'country', 'agecat' (override with `.groups` argument)
`summarise()` regrouping output by 'studyid', 'country' (override with `.groups` argument)
`summarise()` regrouping output by 'studyid', 'country', 'agecat' (override with `.groups` argument)
`summarise()` regrouping output by 'studyid', 'country' (override with `.groups` argument)
`summarise()` regrouping output by 'studyid', 'country', 'agecat' (override with `.groups` argument)
`summarise()` regrouping output by 'studyid', 'country' (override with `.groups` argument)
`summarise()` regrouping output by 'studyid', 'country', 'agecat' (override with `.groups` argument)
`summarise()` regrouping output by 'studyid', 'country' (override with `.groups` argument)
`summarise()` regrouping output by 'studyid', 'country', 'agecat' (override with `.groups` argument)
`summarise()` regrouping output by 'studyid', 'country' (override with `.groups` argument)
`summarise()` regrouping output by 'studyid', 'country', 'agecat' (override with `.groups` argument)
`summarise()` regrouping output by 'studyid', 'country' (override with `.groups` argument)
`summarise()` regrouping output by 'studyid', 'country', 'agecat' (override with `.groups` argument)
`summarise()` regrouping output by 'studyid', 'country' (override with `.groups` argument)
`summarise()` regrouping output by 'studyid', 'country', 'agecat' (override with `.groups` argument)
`summarise()` regrouping output by 'studyid', 'country' (override with `.groups` argument)
There were 50 or more warnings (use warnings() to see the first 50)
> ci.cohort3 <-
+   ci.data3$ci.cohort %>% subset(., select = c(cohort, region, agecat,  yi,  ci.lb,  ci.ub)) %>%
+   rename(est = yi,  lb = ci.lb,  ub = ci.ub)
> 
> ci_3 <- bind_rows(
+   data.frame(cohort = "pooled", region = "Overall", ci.data3$ci.res),
+   data.frame(cohort = "pooled", ci.country3),
+   data.frame(cohort = "pooled", ci.region3),
+   ci.cohort3
+ ) 
> 
> #Cumulative inc 3 month - birth as seperate category
> d3_nobirth <- calc.ci.agecat(d, range = 3, birth="no")
> 
> ci.data3_nobirth <- summary.wast.ci(d3_nobirth, age.range=3, birthstrat = T)
`summarise()` regrouping output by 'studyid', 'country', 'agecat' (override with `.groups` argument)
`summarise()` regrouping output by 'studyid', 'country' (override with `.groups` argument)
Warning messages:
1: Extra argument ('method') disregarded. 
2: Extra argument ('method') disregarded. 
3: Extra argument ('method') disregarded. 
4: Extra argument ('method') disregarded. 
5: Extra argument ('method') disregarded. 
6: Extra argument ('method') disregarded. 
7: Extra argument ('method') disregarded. 
8: Extra argument ('method') disregarded. 
9: Extra argument ('method') disregarded. 
> ci.region3_nobirth <- d3_nobirth %>% group_by(region) %>% do(summary.wast.ci(., age.range=3, birthstrat = T)$ci.res)
`summarise()` regrouping output by 'studyid', 'country', 'agecat' (override with `.groups` argument)
`summarise()` regrouping output by 'studyid', 'country' (override with `.groups` argument)
`summarise()` regrouping output by 'studyid', 'country', 'agecat' (override with `.groups` argument)
`summarise()` regrouping output by 'studyid', 'country' (override with `.groups` argument)
`summarise()` regrouping output by 'studyid', 'country', 'agecat' (override with `.groups` argument)
`summarise()` regrouping output by 'studyid', 'country' (override with `.groups` argument)
There were 27 warnings (use warnings() to see them)
> ci.country3_nobirth <- d3_nobirth %>% group_by(region, country) %>% do(summary.wast.ci(., age.range=3, birthstrat = T)$ci.res) 
`summarise()` regrouping output by 'studyid', 'country', 'agecat' (override with `.groups` argument)
`summarise()` regrouping output by 'studyid', 'country' (override with `.groups` argument)
`summarise()` regrouping output by 'studyid', 'country', 'agecat' (override with `.groups` argument)
`summarise()` regrouping output by 'studyid', 'country' (override with `.groups` argument)
`summarise()` regrouping output by 'studyid', 'country', 'agecat' (override with `.groups` argument)
`summarise()` regrouping output by 'studyid', 'country' (override with `.groups` argument)
`summarise()` regrouping output by 'studyid', 'country', 'agecat' (override with `.groups` argument)
`summarise()` regrouping output by 'studyid', 'country' (override with `.groups` argument)
`summarise()` regrouping output by 'studyid', 'country', 'agecat' (override with `.groups` argument)
`summarise()` regrouping output by 'studyid', 'country' (override with `.groups` argument)
`summarise()` regrouping output by 'studyid', 'country', 'agecat' (override with `.groups` argument)
`summarise()` regrouping output by 'studyid', 'country' (override with `.groups` argument)
`summarise()` regrouping output by 'studyid', 'country', 'agecat' (override with `.groups` argument)
`summarise()` regrouping output by 'studyid', 'country' (override with `.groups` argument)
`summarise()` regrouping output by 'studyid', 'country', 'agecat' (override with `.groups` argument)
`summarise()` regrouping output by 'studyid', 'country' (override with `.groups` argument)
`summarise()` regrouping output by 'studyid', 'country', 'agecat' (override with `.groups` argument)
`summarise()` regrouping output by 'studyid', 'country' (override with `.groups` argument)
`summarise()` regrouping output by 'studyid', 'country', 'agecat' (override with `.groups` argument)
`summarise()` regrouping output by 'studyid', 'country' (override with `.groups` argument)
There were 50 or more warnings (use warnings() to see the first 50)
> ci.cohort3_nobirth <-
+   ci.data3_nobirth$ci.cohort %>% subset(., select = c(cohort, region, agecat,  yi,  ci.lb,  ci.ub)) %>%
+   rename(est = yi,  lb = ci.lb,  ub = ci.ub)
> 
> ci_3_nobirth <- bind_rows(
+   data.frame(cohort = "pooled", region = "Overall", ci.data3_nobirth$ci.res),
+   data.frame(cohort = "pooled", ci.country3_nobirth),
+   data.frame(cohort = "pooled", ci.region3_nobirth),
+   ci.cohort3
+ ) 
> 
> 
> #Incidence proportions 3 month intervals
> ip.data3 <- summary.incprop(d3)
`summarise()` regrouping output by 'studyid', 'country', 'agecat' (override with `.groups` argument)
`summarise()` regrouping output by 'studyid', 'country' (override with `.groups` argument)
Warning messages:
1: Extra argument ('method') disregarded. 
2: Extra argument ('method') disregarded. 
3: Extra argument ('method') disregarded. 
4: Extra argument ('method') disregarded. 
5: Extra argument ('method') disregarded. 
6: Extra argument ('method') disregarded. 
7: Extra argument ('method') disregarded. 
8: Extra argument ('method') disregarded. 
> ip.region3 <- d3 %>% group_by(region) %>% do(summary.incprop(.)$ci.res)
`summarise()` regrouping output by 'studyid', 'country', 'agecat' (override with `.groups` argument)
`summarise()` regrouping output by 'studyid', 'country' (override with `.groups` argument)
`summarise()` regrouping output by 'studyid', 'country', 'agecat' (override with `.groups` argument)
`summarise()` regrouping output by 'studyid', 'country' (override with `.groups` argument)
`summarise()` regrouping output by 'studyid', 'country', 'agecat' (override with `.groups` argument)
`summarise()` regrouping output by 'studyid', 'country' (override with `.groups` argument)
There were 24 warnings (use warnings() to see them)
> ip.country3 <- d3 %>% group_by(region, country) %>% do(summary.incprop(.)$ci.res) 
`summarise()` regrouping output by 'studyid', 'country', 'agecat' (override with `.groups` argument)
`summarise()` regrouping output by 'studyid', 'country' (override with `.groups` argument)
`summarise()` regrouping output by 'studyid', 'country', 'agecat' (override with `.groups` argument)
`summarise()` regrouping output by 'studyid', 'country' (override with `.groups` argument)
`summarise()` regrouping output by 'studyid', 'country', 'agecat' (override with `.groups` argument)
`summarise()` regrouping output by 'studyid', 'country' (override with `.groups` argument)
`summarise()` regrouping output by 'studyid', 'country', 'agecat' (override with `.groups` argument)
`summarise()` regrouping output by 'studyid', 'country' (override with `.groups` argument)
`summarise()` regrouping output by 'studyid', 'country', 'agecat' (override with `.groups` argument)
`summarise()` regrouping output by 'studyid', 'country' (override with `.groups` argument)
`summarise()` regrouping output by 'studyid', 'country', 'agecat' (override with `.groups` argument)
`summarise()` regrouping output by 'studyid', 'country' (override with `.groups` argument)
`summarise()` regrouping output by 'studyid', 'country', 'agecat' (override with `.groups` argument)
`summarise()` regrouping output by 'studyid', 'country' (override with `.groups` argument)
`summarise()` regrouping output by 'studyid', 'country', 'agecat' (override with `.groups` argument)
`summarise()` regrouping output by 'studyid', 'country' (override with `.groups` argument)
`summarise()` regrouping output by 'studyid', 'country', 'agecat' (override with `.groups` argument)
`summarise()` regrouping output by 'studyid', 'country' (override with `.groups` argument)
`summarise()` regrouping output by 'studyid', 'country', 'agecat' (override with `.groups` argument)
`summarise()` regrouping output by 'studyid', 'country' (override with `.groups` argument)
There were 50 or more warnings (use warnings() to see the first 50)
> ip.cohort3 <-
+   ip.data3$ci.cohort %>% subset(., select = c(cohort, region, agecat,  yi,  ci.lb,  ci.ub)) %>%
+   rename(est = yi,  lb = ci.lb,  ub = ci.ub)
> 
> ip_3 <- bind_rows(
+   data.frame(cohort = "pooled", region = "Overall", ip.data3$ci.res),
+   data.frame(cohort = "pooled", ip.country3),
+   data.frame(cohort = "pooled", ip.region3),
+   ip.cohort3
+ )
> 
> #Incidence proportions 3 month intervals - no birth
> ip.data3_nobirth <- summary.incprop(d3_nobirth)
`summarise()` regrouping output by 'studyid', 'country', 'agecat' (override with `.groups` argument)
`summarise()` regrouping output by 'studyid', 'country' (override with `.groups` argument)
Warning messages:
1: Extra argument ('method') disregarded. 
2: Extra argument ('method') disregarded. 
3: Extra argument ('method') disregarded. 
4: Extra argument ('method') disregarded. 
5: Extra argument ('method') disregarded. 
6: Extra argument ('method') disregarded. 
7: Extra argument ('method') disregarded. 
8: Extra argument ('method') disregarded. 
9: Extra argument ('method') disregarded. 
> ip.region3_nobirth <- d3_nobirth %>% group_by(region) %>% do(summary.incprop(.)$ci.res)
`summarise()` regrouping output by 'studyid', 'country', 'agecat' (override with `.groups` argument)
`summarise()` regrouping output by 'studyid', 'country' (override with `.groups` argument)
`summarise()` regrouping output by 'studyid', 'country', 'agecat' (override with `.groups` argument)
`summarise()` regrouping output by 'studyid', 'country' (override with `.groups` argument)
`summarise()` regrouping output by 'studyid', 'country', 'agecat' (override with `.groups` argument)
`summarise()` regrouping output by 'studyid', 'country' (override with `.groups` argument)
There were 27 warnings (use warnings() to see them)
> ip.country3_nobirth <- d3_nobirth %>% group_by(region, country) %>% do(summary.incprop(.)$ci.res) 
`summarise()` regrouping output by 'studyid', 'country', 'agecat' (override with `.groups` argument)
`summarise()` regrouping output by 'studyid', 'country' (override with `.groups` argument)
`summarise()` regrouping output by 'studyid', 'country', 'agecat' (override with `.groups` argument)
`summarise()` regrouping output by 'studyid', 'country' (override with `.groups` argument)
`summarise()` regrouping output by 'studyid', 'country', 'agecat' (override with `.groups` argument)
`summarise()` regrouping output by 'studyid', 'country' (override with `.groups` argument)
`summarise()` regrouping output by 'studyid', 'country', 'agecat' (override with `.groups` argument)
`summarise()` regrouping output by 'studyid', 'country' (override with `.groups` argument)
`summarise()` regrouping output by 'studyid', 'country', 'agecat' (override with `.groups` argument)
`summarise()` regrouping output by 'studyid', 'country' (override with `.groups` argument)
`summarise()` regrouping output by 'studyid', 'country', 'agecat' (override with `.groups` argument)
`summarise()` regrouping output by 'studyid', 'country' (override with `.groups` argument)
`summarise()` regrouping output by 'studyid', 'country', 'agecat' (override with `.groups` argument)
`summarise()` regrouping output by 'studyid', 'country' (override with `.groups` argument)
`summarise()` regrouping output by 'studyid', 'country', 'agecat' (override with `.groups` argument)
`summarise()` regrouping output by 'studyid', 'country' (override with `.groups` argument)
`summarise()` regrouping output by 'studyid', 'country', 'agecat' (override with `.groups` argument)
`summarise()` regrouping output by 'studyid', 'country' (override with `.groups` argument)
`summarise()` regrouping output by 'studyid', 'country', 'agecat' (override with `.groups` argument)
`summarise()` regrouping output by 'studyid', 'country' (override with `.groups` argument)
There were 50 or more warnings (use warnings() to see the first 50)
> ip.cohort3_nobirth <-
+   ip.data3_nobirth$ci.cohort %>% subset(., select = c(cohort, region, agecat,  yi,  ci.lb,  ci.ub)) %>%
+   rename(est = yi,  lb = ci.lb,  ub = ci.ub)
> 
> ip_3_nobirth <- bind_rows(
+   data.frame(cohort = "pooled", region = "Overall", ip.data3_nobirth$ci.res),
+   data.frame(cohort = "pooled", ip.country3_nobirth),
+   data.frame(cohort = "pooled", ip.region3_nobirth),
+   ip.cohort3_nobirth
+ )
> 
> 
> #Cumulative inc, no birth
> d_noBW <- calc.ci.agecat(d_noBW, range = 6)
> ci.data.nobirth <- summary.wast.ci(d_noBW, age.range=6)
`summarise()` regrouping output by 'studyid', 'country', 'agecat' (override with `.groups` argument)
`summarise()` regrouping output by 'studyid', 'country' (override with `.groups` argument)
Warning messages:
1: Extra argument ('method') disregarded. 
2: Extra argument ('method') disregarded. 
3: Extra argument ('method') disregarded. 
4: Extra argument ('method') disregarded. 
> ci.region.nobirth <- d %>% group_by(region) %>% do(summary.wast.ci(., age.range=6)$ci.res)
`summarise()` regrouping output by 'studyid', 'country', 'agecat' (override with `.groups` argument)
`summarise()` regrouping output by 'studyid', 'country' (override with `.groups` argument)
`summarise()` regrouping output by 'studyid', 'country', 'agecat' (override with `.groups` argument)
`summarise()` regrouping output by 'studyid', 'country' (override with `.groups` argument)
`summarise()` regrouping output by 'studyid', 'country', 'agecat' (override with `.groups` argument)
`summarise()` regrouping output by 'studyid', 'country' (override with `.groups` argument)
There were 50 or more warnings (use warnings() to see the first 50)
> ci.country.nobirth <- d %>% group_by(region, country) %>% do(summary.wast.ci(., age.range=6)$ci.res) 
`summarise()` regrouping output by 'studyid', 'country', 'agecat' (override with `.groups` argument)
`summarise()` regrouping output by 'studyid', 'country' (override with `.groups` argument)
`summarise()` regrouping output by 'studyid', 'country', 'agecat' (override with `.groups` argument)
`summarise()` regrouping output by 'studyid', 'country' (override with `.groups` argument)
`summarise()` regrouping output by 'studyid', 'country', 'agecat' (override with `.groups` argument)
`summarise()` regrouping output by 'studyid', 'country' (override with `.groups` argument)
`summarise()` regrouping output by 'studyid', 'country', 'agecat' (override with `.groups` argument)
`summarise()` regrouping output by 'studyid', 'country' (override with `.groups` argument)
`summarise()` regrouping output by 'studyid', 'country', 'agecat' (override with `.groups` argument)
`summarise()` regrouping output by 'studyid', 'country' (override with `.groups` argument)
`summarise()` regrouping output by 'studyid', 'country', 'agecat' (override with `.groups` argument)
`summarise()` regrouping output by 'studyid', 'country' (override with `.groups` argument)
`summarise()` regrouping output by 'studyid', 'country', 'agecat' (override with `.groups` argument)
`summarise()` regrouping output by 'studyid', 'country' (override with `.groups` argument)
`summarise()` regrouping output by 'studyid', 'country', 'agecat' (override with `.groups` argument)
`summarise()` regrouping output by 'studyid', 'country' (override with `.groups` argument)
`summarise()` regrouping output by 'studyid', 'country', 'agecat' (override with `.groups` argument)
`summarise()` regrouping output by 'studyid', 'country' (override with `.groups` argument)
`summarise()` regrouping output by 'studyid', 'country', 'agecat' (override with `.groups` argument)
`summarise()` regrouping output by 'studyid', 'country' (override with `.groups` argument)
There were 50 or more warnings (use warnings() to see the first 50)
> ci.cohort.nobirth <-
+   ci.data.nobirth$ci.cohort %>% subset(., select = c(cohort, region, agecat,  yi,  ci.lb,  ci.ub)) %>%
+   rename(est = yi,  lb = ci.lb,  ub = ci.ub)
> 
> ci_nobw <- bind_rows(
+   data.frame(cohort = "pooled", region = "Overall", ci.data.nobirth$ci.res),
+   data.frame(cohort = "pooled", ci.country.nobirth),
+   data.frame(cohort = "pooled", ci.region.nobirth),
+   ci.cohort.nobirth
+ )
> 
> 
> #Cumulative inc 3 month intervals
> d3 <- calc.ci.agecat(d_noBW)
> ci.data.nobirth3 <- summary.wast.ci(d3, age.range=3)
`summarise()` regrouping output by 'studyid', 'country', 'agecat' (override with `.groups` argument)
`summarise()` regrouping output by 'studyid', 'country' (override with `.groups` argument)
Warning messages:
1: Extra argument ('method') disregarded. 
2: Extra argument ('method') disregarded. 
3: Extra argument ('method') disregarded. 
4: Extra argument ('method') disregarded. 
5: Extra argument ('method') disregarded. 
6: Extra argument ('method') disregarded. 
7: Extra argument ('method') disregarded. 
8: Extra argument ('method') disregarded. 
> ci.region.nobirth3 <- d3 %>% group_by(region) %>% do(summary.wast.ci(., age.range=3)$ci.res)
`summarise()` regrouping output by 'studyid', 'country', 'agecat' (override with `.groups` argument)
`summarise()` regrouping output by 'studyid', 'country' (override with `.groups` argument)
`summarise()` regrouping output by 'studyid', 'country', 'agecat' (override with `.groups` argument)
`summarise()` regrouping output by 'studyid', 'country' (override with `.groups` argument)
`summarise()` regrouping output by 'studyid', 'country', 'agecat' (override with `.groups` argument)
`summarise()` regrouping output by 'studyid', 'country' (override with `.groups` argument)
There were 24 warnings (use warnings() to see them)
> ci.country.nobirth3 <- d3 %>% group_by(region, country) %>% do(summary.wast.ci(., age.range=3)$ci.res) 
`summarise()` regrouping output by 'studyid', 'country', 'agecat' (override with `.groups` argument)
`summarise()` regrouping output by 'studyid', 'country' (override with `.groups` argument)
`summarise()` regrouping output by 'studyid', 'country', 'agecat' (override with `.groups` argument)
`summarise()` regrouping output by 'studyid', 'country' (override with `.groups` argument)
`summarise()` regrouping output by 'studyid', 'country', 'agecat' (override with `.groups` argument)
`summarise()` regrouping output by 'studyid', 'country' (override with `.groups` argument)
`summarise()` regrouping output by 'studyid', 'country', 'agecat' (override with `.groups` argument)
`summarise()` regrouping output by 'studyid', 'country' (override with `.groups` argument)
`summarise()` regrouping output by 'studyid', 'country', 'agecat' (override with `.groups` argument)
`summarise()` regrouping output by 'studyid', 'country' (override with `.groups` argument)
`summarise()` regrouping output by 'studyid', 'country', 'agecat' (override with `.groups` argument)
`summarise()` regrouping output by 'studyid', 'country' (override with `.groups` argument)
`summarise()` regrouping output by 'studyid', 'country', 'agecat' (override with `.groups` argument)
`summarise()` regrouping output by 'studyid', 'country' (override with `.groups` argument)
`summarise()` regrouping output by 'studyid', 'country', 'agecat' (override with `.groups` argument)
`summarise()` regrouping output by 'studyid', 'country' (override with `.groups` argument)
`summarise()` regrouping output by 'studyid', 'country', 'agecat' (override with `.groups` argument)
`summarise()` regrouping output by 'studyid', 'country' (override with `.groups` argument)
`summarise()` regrouping output by 'studyid', 'country', 'agecat' (override with `.groups` argument)
`summarise()` regrouping output by 'studyid', 'country' (override with `.groups` argument)
There were 50 or more warnings (use warnings() to see the first 50)
> ci.cohort.nobirth3 <-
+   ci.data.nobirth3$ci.cohort %>% subset(., select = c(cohort, region, agecat,  yi,  ci.lb,  ci.ub)) %>%
+   rename(est = yi,  lb = ci.lb,  ub = ci.ub)
> 
> ci_nobw3 <- bind_rows(
+   data.frame(
+     cohort = "pooled",
+     region = "Overall",
+     ci.data.nobirth3$ci.res
+   ),
+   data.frame(cohort = "pooled", ci.country.nobirth3),
+   data.frame(cohort = "pooled", ci.region.nobirth3),
+   ci.cohort.nobirth3
+ )
> 
> 
> #Cumulative inc of severe wasting
> d <- calc.ci.agecat(d, range = 6)
> agelst = list("0-6 months", "6-12 months", "12-18 months", "18-24 months")
> sev.ci.data <- summary.wast.ci(d=d,  severe.wasted = T, age.range=6)
`summarise()` regrouping output by 'studyid', 'country', 'agecat' (override with `.groups` argument)
`summarise()` regrouping output by 'studyid', 'country' (override with `.groups` argument)
Warning messages:
1: Extra argument ('method') disregarded. 
2: Extra argument ('method') disregarded. 
3: Extra argument ('method') disregarded. 
4: Extra argument ('method') disregarded. 
> sev.ci.region <- d %>% group_by(region) %>% do(summary.wast.ci(., severe.wasted = T, age.range=6)$ci.res)
`summarise()` regrouping output by 'studyid', 'country', 'agecat' (override with `.groups` argument)
`summarise()` regrouping output by 'studyid', 'country' (override with `.groups` argument)
`summarise()` regrouping output by 'studyid', 'country', 'agecat' (override with `.groups` argument)
`summarise()` regrouping output by 'studyid', 'country' (override with `.groups` argument)
`summarise()` regrouping output by 'studyid', 'country', 'agecat' (override with `.groups` argument)
`summarise()` regrouping output by 'studyid', 'country' (override with `.groups` argument)
There were 12 warnings (use warnings() to see them)
> sev.ci.country <- d %>% group_by(region, country) %>% do(summary.wast.ci(., severe.wasted = T, age.range=6)$ci.res) 
`summarise()` regrouping output by 'studyid', 'country', 'agecat' (override with `.groups` argument)
`summarise()` regrouping output by 'studyid', 'country' (override with `.groups` argument)
`summarise()` regrouping output by 'studyid', 'country', 'agecat' (override with `.groups` argument)
`summarise()` regrouping output by 'studyid', 'country' (override with `.groups` argument)
`summarise()` regrouping output by 'studyid', 'country', 'agecat' (override with `.groups` argument)
`summarise()` regrouping output by 'studyid', 'country' (override with `.groups` argument)
`summarise()` regrouping output by 'studyid', 'country', 'agecat' (override with `.groups` argument)
`summarise()` regrouping output by 'studyid', 'country' (override with `.groups` argument)
`summarise()` regrouping output by 'studyid', 'country', 'agecat' (override with `.groups` argument)
`summarise()` regrouping output by 'studyid', 'country' (override with `.groups` argument)
`summarise()` regrouping output by 'studyid', 'country', 'agecat' (override with `.groups` argument)
`summarise()` regrouping output by 'studyid', 'country' (override with `.groups` argument)
`summarise()` regrouping output by 'studyid', 'country', 'agecat' (override with `.groups` argument)
`summarise()` regrouping output by 'studyid', 'country' (override with `.groups` argument)
`summarise()` regrouping output by 'studyid', 'country', 'agecat' (override with `.groups` argument)
`summarise()` regrouping output by 'studyid', 'country' (override with `.groups` argument)
`summarise()` regrouping output by 'studyid', 'country', 'agecat' (override with `.groups` argument)
`summarise()` regrouping output by 'studyid', 'country' (override with `.groups` argument)
`summarise()` regrouping output by 'studyid', 'country', 'agecat' (override with `.groups` argument)
`summarise()` regrouping output by 'studyid', 'country' (override with `.groups` argument)
There were 50 or more warnings (use warnings() to see the first 50)
> sev.ci.cohort <-
+   sev.ci.data$ci.cohort %>% subset(., select = c(cohort, region, agecat,  yi,  ci.lb,  ci.ub)) %>%
+   rename(est = yi,  lb = ci.lb,  ub = ci.ub)
> 
> sev.ci <- bind_rows(
+   data.frame(cohort = "pooled", region = "Overall", sev.ci.data$ci.res),
+   data.frame(cohort = "pooled", sev.ci.country),
+   data.frame(cohort = "pooled", sev.ci.region),
+   sev.ci.cohort
+ )
> 
> 
> 
> 
> 
> #Incidence rate
> ir.data <- summary.ir(d)
`summarise()` ungrouping output (override with `.groups` argument)
# A tibble: 5 x 4
  agecat       inc.case     ptar cruderate
  <fct>           <dbl>    <dbl>     <dbl>
1 0-6 months       2427 1258466   0.00193 
2 6-12 months      1326 1438328   0.000922
3 12-18 months      987 1223366.  0.000807
4 18-24 months      710 1081632.  0.000656
5 <NA>              548 1702955   0.000322
`summarise()` regrouping output by 'studyid', 'country' (override with `.groups` argument)
# A tibble: 78 x 7
# Groups:   studyid, country [20]
   studyid           country    agecat         ptar ncase nchild nstudy
   <chr>             <chr>      <fct>         <dbl> <dbl>  <int>  <int>
 1 CMC-V-BCS-2002    INDIA      0-6 months   39740    201    368      1
 2 CMC-V-BCS-2002    INDIA      6-12 months  54754     66    372      1
 3 CMC-V-BCS-2002    INDIA      12-18 months 58134.    34    373      1
 4 CMC-V-BCS-2002    INDIA      18-24 months 61138.    23    373      1
 5 CMIN Bangladesh93 BANGLADESH 0-6 months   35058.    52    272      1
 6 CMIN Bangladesh93 BANGLADESH 6-12 months  40490.    56    252      1
 7 CMIN Bangladesh93 BANGLADESH 12-18 months 36807     43    250      1
 8 CMIN Bangladesh93 BANGLADESH 18-24 months 37222.    39    247      1
 9 CMIN Peru89       PERU       0-6 months   29156.     4    209      1
10 CMIN Peru89       PERU       6-12 months  32658      2    195      1
# … with 68 more rows
Warning messages:
1: Extra argument ('method') disregarded. 
2: Extra argument ('method') disregarded. 
3: Extra argument ('method') disregarded. 
4: Extra argument ('method') disregarded. 
> ir.region <- d %>% group_by(region) %>% do(summary.ir(.)$ir.res)
`summarise()` ungrouping output (override with `.groups` argument)
# A tibble: 5 x 4
  agecat       inc.case   ptar cruderate
  <fct>           <dbl>  <dbl>     <dbl>
1 0-6 months       1114 674629  0.00165 
2 6-12 months       738 732546  0.00101 
3 12-18 months      485 622889  0.000779
4 18-24 months      342 533542  0.000641
5 <NA>              180 542801  0.000332
`summarise()` regrouping output by 'studyid', 'country' (override with `.groups` argument)
# A tibble: 16 x 7
# Groups:   studyid, country [4]
   studyid       country                  agecat        ptar ncase nchild nstudy
   <chr>         <chr>                    <fct>        <dbl> <dbl>  <int>  <int>
 1 Keneba        GAMBIA                   0-6 months  2.86e5   724   2466      1
 2 Keneba        GAMBIA                   6-12 months 3.56e5   489   2388      1
 3 Keneba        GAMBIA                   12-18 mont… 3.28e5   317   2283      1
 4 Keneba        GAMBIA                   18-24 mont… 4.02e5   298   2206      1
 5 MAL-ED        SOUTH AFRICA             0-6 months  3.79e4    36    312      1
 6 MAL-ED        SOUTH AFRICA             6-12 months 4.49e4    23    259      1
 7 MAL-ED        SOUTH AFRICA             12-18 mont… 4.25e4    18    253      1
 8 MAL-ED        SOUTH AFRICA             18-24 mont… 4.28e4    10    242      1
 9 MAL-ED        TANZANIA, UNITED REPUBL… 0-6 months  3.80e4    14    261      1
10 MAL-ED        TANZANIA, UNITED REPUBL… 6-12 months 4.32e4    16    245      1
11 MAL-ED        TANZANIA, UNITED REPUBL… 12-18 mont… 3.91e4    11    233      1
12 MAL-ED        TANZANIA, UNITED REPUBL… 18-24 mont… 4.02e4    10    228      1
13 TanzaniaChil… TANZANIA, UNITED REPUBL… 0-6 months  3.13e5   340   2396      1
14 TanzaniaChil… TANZANIA, UNITED REPUBL… 6-12 months 2.88e5   210   1996      1
15 TanzaniaChil… TANZANIA, UNITED REPUBL… 12-18 mont… 2.13e5   139   1455      1
16 TanzaniaChil… TANZANIA, UNITED REPUBL… 18-24 mont… 4.85e4    24    960      1
`summarise()` ungrouping output (override with `.groups` argument)
# A tibble: 5 x 4
  agecat       inc.case    ptar cruderate
  <fct>           <dbl>   <dbl>     <dbl>
1 0-6 months       1264 376310.  0.00336 
2 6-12 months       553 465527   0.00119 
3 12-18 months      480 423556.  0.00113 
4 18-24 months      353 406512.  0.000868
5 <NA>              358 886815   0.000404
`summarise()` regrouping output by 'studyid', 'country' (override with `.groups` argument)
# A tibble: 39 x 7
# Groups:   studyid, country [10]
   studyid           country    agecat         ptar ncase nchild nstudy
   <chr>             <chr>      <fct>         <dbl> <dbl>  <int>  <int>
 1 CMC-V-BCS-2002    INDIA      0-6 months   39740    201    368      1
 2 CMC-V-BCS-2002    INDIA      6-12 months  54754     66    372      1
 3 CMC-V-BCS-2002    INDIA      12-18 months 58134.    34    373      1
 4 CMC-V-BCS-2002    INDIA      18-24 months 61138.    23    373      1
 5 CMIN Bangladesh93 BANGLADESH 0-6 months   35058.    52    272      1
 6 CMIN Bangladesh93 BANGLADESH 6-12 months  40490.    56    252      1
 7 CMIN Bangladesh93 BANGLADESH 12-18 months 36807     43    250      1
 8 CMIN Bangladesh93 BANGLADESH 18-24 months 37222.    39    247      1
 9 EE                PAKISTAN   0-6 months   47991    127    380      1
10 EE                PAKISTAN   6-12 months  55494.    62    374      1
# … with 29 more rows
`summarise()` ungrouping output (override with `.groups` argument)
# A tibble: 5 x 4
  agecat       inc.case    ptar cruderate
  <fct>           <dbl>   <dbl>     <dbl>
1 0-6 months         49 207526. 0.000236 
2 6-12 months        35 240255  0.000146 
3 12-18 months       22 176921  0.000124 
4 18-24 months       15 141577  0.000106 
5 <NA>               10 273339  0.0000366
`summarise()` regrouping output by 'studyid', 'country' (override with `.groups` argument)
# A tibble: 23 x 7
# Groups:   studyid, country [6]
   studyid     country agecat         ptar ncase nchild nstudy
   <chr>       <chr>   <fct>         <dbl> <dbl>  <int>  <int>
 1 CMIN Peru89 PERU    0-6 months   29156.     4    209      1
 2 CMIN Peru89 PERU    6-12 months  32658      2    195      1
 3 CMIN Peru89 PERU    12-18 months 23220.     1    148      1
 4 CMIN Peru89 PERU    18-24 months 12751      0     87      1
 5 CMIN Peru95 PERU    0-6 months   32457      5    224      1
 6 CMIN Peru95 PERU    6-12 months  37916.     2    223      1
 7 CMIN Peru95 PERU    12-18 months 31373      1    180      1
 8 CMIN Peru95 PERU    18-24 months 26138      2    159      1
 9 CONTENT     PERU    0-6 months   34982.     4    215      1
10 CONTENT     PERU    6-12 months  40798.     0    215      1
# … with 13 more rows
There were 12 warnings (use warnings() to see them)
> ir.country <- d %>% group_by(region, country) %>% do(summary.ir(.)$ir.res) 
`summarise()` ungrouping output (override with `.groups` argument)
# A tibble: 5 x 4
  agecat       inc.case    ptar cruderate
  <fct>           <dbl>   <dbl>     <dbl>
1 0-6 months        724 285788.  0.00253 
2 6-12 months       489 356000.  0.00137 
3 12-18 months      317 328275   0.000966
4 18-24 months      298 402040   0.000741
5 <NA>              136 166442.  0.000817
`summarise()` regrouping output by 'studyid', 'country' (override with `.groups` argument)
# A tibble: 4 x 7
# Groups:   studyid, country [1]
  studyid country agecat          ptar ncase nchild nstudy
  <chr>   <chr>   <fct>          <dbl> <dbl>  <int>  <int>
1 Keneba  GAMBIA  0-6 months   285788.   724   2466      1
2 Keneba  GAMBIA  6-12 months  356000.   489   2388      1
3 Keneba  GAMBIA  12-18 months 328275    317   2283      1
4 Keneba  GAMBIA  18-24 months 402040    298   2206      1
`summarise()` ungrouping output (override with `.groups` argument)
# A tibble: 5 x 4
  agecat       inc.case    ptar cruderate
  <fct>           <dbl>   <dbl>     <dbl>
1 0-6 months         36  37930   0.000949
2 6-12 months        23  44895   0.000512
3 12-18 months       18  42525   0.000423
4 18-24 months       10  42836.  0.000233
5 <NA>               25 200511   0.000125
`summarise()` regrouping output by 'studyid', 'country' (override with `.groups` argument)
# A tibble: 4 x 7
# Groups:   studyid, country [1]
  studyid country      agecat         ptar ncase nchild nstudy
  <chr>   <chr>        <fct>         <dbl> <dbl>  <int>  <int>
1 MAL-ED  SOUTH AFRICA 0-6 months   37930     36    312      1
2 MAL-ED  SOUTH AFRICA 6-12 months  44895     23    259      1
3 MAL-ED  SOUTH AFRICA 12-18 months 42525     18    253      1
4 MAL-ED  SOUTH AFRICA 18-24 months 42836.    10    242      1
`summarise()` ungrouping output (override with `.groups` argument)
# A tibble: 5 x 4
  agecat       inc.case    ptar cruderate
  <fct>           <dbl>   <dbl>     <dbl>
1 0-6 months        354 350912.  0.00101 
2 6-12 months       226 331652.  0.000681
3 12-18 months      150 252089   0.000595
4 18-24 months       34  88666.  0.000383
5 <NA>               19 175848.  0.000108
`summarise()` regrouping output by 'studyid', 'country' (override with `.groups` argument)
# A tibble: 8 x 7
# Groups:   studyid, country [2]
  studyid       country                   agecat        ptar ncase nchild nstudy
  <chr>         <chr>                     <fct>        <dbl> <dbl>  <int>  <int>
1 MAL-ED        TANZANIA, UNITED REPUBLI… 0-6 months  3.80e4    14    261      1
2 MAL-ED        TANZANIA, UNITED REPUBLI… 6-12 months 4.32e4    16    245      1
3 MAL-ED        TANZANIA, UNITED REPUBLI… 12-18 mont… 3.91e4    11    233      1
4 MAL-ED        TANZANIA, UNITED REPUBLI… 18-24 mont… 4.02e4    10    228      1
5 TanzaniaChil… TANZANIA, UNITED REPUBLI… 0-6 months  3.13e5   340   2396      1
6 TanzaniaChil… TANZANIA, UNITED REPUBLI… 6-12 months 2.88e5   210   1996      1
7 TanzaniaChil… TANZANIA, UNITED REPUBLI… 12-18 mont… 2.13e5   139   1455      1
8 TanzaniaChil… TANZANIA, UNITED REPUBLI… 18-24 mont… 4.85e4    24    960      1
`summarise()` ungrouping output (override with `.groups` argument)
# A tibble: 5 x 4
  agecat       inc.case    ptar cruderate
  <fct>           <dbl>   <dbl>     <dbl>
1 0-6 months        115  67338.  0.00171 
2 6-12 months        74  81162.  0.000912
3 12-18 months       68  73070.  0.000931
4 18-24 months       57  71698.  0.000795
5 <NA>               36 199616.  0.000180
`summarise()` regrouping output by 'studyid', 'country' (override with `.groups` argument)
# A tibble: 8 x 7
# Groups:   studyid, country [2]
  studyid           country    agecat         ptar ncase nchild nstudy
  <chr>             <chr>      <fct>         <dbl> <dbl>  <int>  <int>
1 CMIN Bangladesh93 BANGLADESH 0-6 months   35058.    52    272      1
2 CMIN Bangladesh93 BANGLADESH 6-12 months  40490.    56    252      1
3 CMIN Bangladesh93 BANGLADESH 12-18 months 36807     43    250      1
4 CMIN Bangladesh93 BANGLADESH 18-24 months 37222.    39    247      1
5 MAL-ED            BANGLADESH 0-6 months   32279     63    263      1
6 MAL-ED            BANGLADESH 6-12 months  40672     18    240      1
7 MAL-ED            BANGLADESH 12-18 months 36262.    25    231      1
8 MAL-ED            BANGLADESH 18-24 months 34475     18    219      1
`summarise()` ungrouping output (override with `.groups` argument)
# A tibble: 5 x 4
  agecat       inc.case    ptar cruderate
  <fct>           <dbl>   <dbl>     <dbl>
1 0-6 months        598 130128   0.00460 
2 6-12 months       203 174123   0.00117 
3 12-18 months      157 169773   0.000925
4 18-24 months      110 185448.  0.000593
5 <NA>              289 544134.  0.000531
`summarise()` regrouping output by 'studyid', 'country' (override with `.groups` argument)
# A tibble: 16 x 7
# Groups:   studyid, country [4]
   studyid        country agecat         ptar ncase nchild nstudy
   <chr>          <chr>   <fct>         <dbl> <dbl>  <int>  <int>
 1 CMC-V-BCS-2002 INDIA   0-6 months   39740    201    368      1
 2 CMC-V-BCS-2002 INDIA   6-12 months  54754     66    372      1
 3 CMC-V-BCS-2002 INDIA   12-18 months 58134.    34    373      1
 4 CMC-V-BCS-2002 INDIA   18-24 months 61138.    23    373      1
 5 IRC            INDIA   0-6 months   42886.   240    410      1
 6 IRC            INDIA   6-12 months  58724.    68    409      1
 7 IRC            INDIA   12-18 months 58184     50    410      1
 8 IRC            INDIA   18-24 months 64657     37    410      1
 9 MAL-ED         INDIA   0-6 months   29286     86    251      1
10 MAL-ED         INDIA   6-12 months  36794.    41    235      1
11 MAL-ED         INDIA   12-18 months 32740.    27    229      1
12 MAL-ED         INDIA   18-24 months 36200.    27    228      1
13 TDC            INDIA   0-6 months   18216.    71    160      1
14 TDC            INDIA   6-12 months  23851     28    160      1
15 TDC            INDIA   12-18 months 20715     46    160      1
16 TDC            INDIA   18-24 months 23454.    23    160      1
`summarise()` ungrouping output (override with `.groups` argument)
# A tibble: 5 x 4
  agecat       inc.case    ptar cruderate
  <fct>           <dbl>   <dbl>     <dbl>
1 0-6 months        311 100082.  0.00311 
2 6-12 months       166 121646.  0.00136 
3 12-18 months      125 113550   0.00110 
4 18-24 months      139 110104.  0.00126 
5 <NA>               32 140611   0.000228
`summarise()` regrouping output by 'studyid', 'country' (override with `.groups` argument)
# A tibble: 8 x 7
# Groups:   studyid, country [2]
  studyid   country agecat         ptar ncase nchild nstudy
  <chr>     <chr>   <fct>         <dbl> <dbl>  <int>  <int>
1 GMS-Nepal NEPAL   0-6 months   67850.   263    686      1
2 GMS-Nepal NEPAL   6-12 months  79330    155    582      1
3 GMS-Nepal NEPAL   12-18 months 75572.   106    574      1
4 GMS-Nepal NEPAL   18-24 months 69404.   119    568      1
5 MAL-ED    NEPAL   0-6 months   32233     48    240      1
6 MAL-ED    NEPAL   6-12 months  42316.    11    235      1
7 MAL-ED    NEPAL   12-18 months 37978.    19    231      1
8 MAL-ED    NEPAL   18-24 months 40699     20    229      1
`summarise()` ungrouping output (override with `.groups` argument)
# A tibble: 5 x 4
  agecat       inc.case   ptar cruderate
  <fct>           <dbl>  <dbl>     <dbl>
1 0-6 months        240 78762.  0.00305 
2 6-12 months       110 88596   0.00124 
3 12-18 months      130 67163   0.00194 
4 18-24 months       47 39263   0.00120 
5 <NA>                1  2453   0.000408
`summarise()` regrouping output by 'studyid', 'country' (override with `.groups` argument)
# A tibble: 7 x 7
# Groups:   studyid, country [2]
  studyid country  agecat         ptar ncase nchild nstudy
  <chr>   <chr>    <fct>         <dbl> <dbl>  <int>  <int>
1 EE      PAKISTAN 0-6 months   47991    127    380      1
2 EE      PAKISTAN 6-12 months  55494.    62    374      1
3 EE      PAKISTAN 12-18 months 52752.    87    365      1
4 EE      PAKISTAN 18-24 months 39263     47    350      1
5 ResPak  PAKISTAN 0-6 months   30772.   113    282      1
6 ResPak  PAKISTAN 6-12 months  33102.    48    236      1
7 ResPak  PAKISTAN 12-18 months 14410.    43    189      1
`summarise()` ungrouping output (override with `.groups` argument)
# A tibble: 5 x 4
  agecat       inc.case    ptar cruderate
  <fct>           <dbl>   <dbl>     <dbl>
1 0-6 months         15  31084. 0.000483 
2 6-12 months         3  35566. 0.0000844
3 12-18 months        2  33302. 0.0000601
4 18-24 months        4  30342  0.000132 
5 <NA>                8 152908. 0.0000523
`summarise()` regrouping output by 'studyid', 'country' (override with `.groups` argument)
# A tibble: 4 x 7
# Groups:   studyid, country [1]
  studyid country agecat         ptar ncase nchild nstudy
  <chr>   <chr>   <fct>         <dbl> <dbl>  <int>  <int>
1 MAL-ED  BRAZIL  0-6 months   31084.    15    233      1
2 MAL-ED  BRAZIL  6-12 months  35566.     3    207      1
3 MAL-ED  BRAZIL  12-18 months 33302.     2    194      1
4 MAL-ED  BRAZIL  18-24 months 30342      4    176      1
`summarise()` ungrouping output (override with `.groups` argument)
# A tibble: 3 x 4
  agecat       inc.case   ptar cruderate
  <fct>           <dbl>  <dbl>     <dbl>
1 0-6 months         10 39983   0.000250
2 6-12 months        22 47372.  0.000464
3 12-18 months        6 15858.  0.000378
`summarise()` regrouping output by 'studyid', 'country' (override with `.groups` argument)
# A tibble: 3 x 7
# Groups:   studyid, country [1]
  studyid       country   agecat         ptar ncase nchild nstudy
  <chr>         <chr>     <fct>         <dbl> <dbl>  <int>  <int>
1 Guatemala BSC GUATEMALA 0-6 months   39983     10    295      1
2 Guatemala BSC GUATEMALA 6-12 months  47372.    22    277      1
3 Guatemala BSC GUATEMALA 12-18 months 15858.     6    186      1
`summarise()` ungrouping output (override with `.groups` argument)
# A tibble: 5 x 4
  agecat       inc.case    ptar cruderate
  <fct>           <dbl>   <dbl>     <dbl>
1 0-6 months         24 136460  0.000176 
2 6-12 months        10 157318  0.0000636
3 12-18 months       14 127761  0.000110 
4 18-24 months       11 111235  0.0000989
5 <NA>                2 120432. 0.0000166
`summarise()` regrouping output by 'studyid', 'country' (override with `.groups` argument)
# A tibble: 16 x 7
# Groups:   studyid, country [4]
   studyid     country agecat         ptar ncase nchild nstudy
   <chr>       <chr>   <fct>         <dbl> <dbl>  <int>  <int>
 1 CMIN Peru89 PERU    0-6 months   29156.     4    209      1
 2 CMIN Peru89 PERU    6-12 months  32658      2    195      1
 3 CMIN Peru89 PERU    12-18 months 23220.     1    148      1
 4 CMIN Peru89 PERU    18-24 months 12751      0     87      1
 5 CMIN Peru95 PERU    0-6 months   32457      5    224      1
 6 CMIN Peru95 PERU    6-12 months  37916.     2    223      1
 7 CMIN Peru95 PERU    12-18 months 31373      1    180      1
 8 CMIN Peru95 PERU    18-24 months 26138      2    159      1
 9 CONTENT     PERU    0-6 months   34982.     4    215      1
10 CONTENT     PERU    6-12 months  40798.     0    215      1
11 CONTENT     PERU    12-18 months 31704.     1    214      1
12 CONTENT     PERU    18-24 months 35398      2    197      1
13 MAL-ED      PERU    0-6 months   39866     11    302      1
14 MAL-ED      PERU    6-12 months  45946      6    270      1
15 MAL-ED      PERU    12-18 months 41464     11    244      1
16 MAL-ED      PERU    18-24 months 36948      7    219      1
There were 39 warnings (use warnings() to see them)
> ir.cohort <-
+   ir.data$ir.cohort %>% subset(., select = c(cohort, agecat,  yi,  ci.lb,  ci.ub)) %>%
+   rename(est = yi,  lb = ci.lb,  ub = ci.ub)
> 
> ir <- bind_rows(
+   data.frame(cohort = "pooled", region = "Overall", ir.data$ir.res),
+   data.frame(cohort = "pooled", ir.country),
+   data.frame(cohort = "pooled", ir.region),
+   ir.cohort
+ )
> 
> #Incidence rate - no birth wasting
> ir.data.nobirth <- summary.ir(d_noBW)
`summarise()` ungrouping output (override with `.groups` argument)
# A tibble: 5 x 4
  agecat       inc.case     ptar cruderate
  <fct>           <dbl>    <dbl>     <dbl>
1 0-6 months       1184 1248174.  0.000949
2 6-12 months      1305 1435473   0.000909
3 12-18 months      966 1218562.  0.000793
4 18-24 months      700 1078332   0.000649
5 <NA>              541 1700310.  0.000318
`summarise()` regrouping output by 'studyid', 'country' (override with `.groups` argument)
# A tibble: 78 x 7
# Groups:   studyid, country [20]
   studyid           country    agecat         ptar ncase nchild nstudy
   <chr>             <chr>      <fct>         <dbl> <dbl>  <int>  <int>
 1 CMC-V-BCS-2002    INDIA      0-6 months   38288.   110    368      1
 2 CMC-V-BCS-2002    INDIA      6-12 months  54754     66    372      1
 3 CMC-V-BCS-2002    INDIA      12-18 months 58134.    34    373      1
 4 CMC-V-BCS-2002    INDIA      18-24 months 61138.    23    373      1
 5 CMIN Bangladesh93 BANGLADESH 0-6 months   34766     32    272      1
 6 CMIN Bangladesh93 BANGLADESH 6-12 months  40490.    56    252      1
 7 CMIN Bangladesh93 BANGLADESH 12-18 months 36807     43    250      1
 8 CMIN Bangladesh93 BANGLADESH 18-24 months 37222.    39    247      1
 9 CMIN Peru89       PERU       0-6 months   29120      1    209      1
10 CMIN Peru89       PERU       6-12 months  32658      2    195      1
# … with 68 more rows
Warning messages:
1: Extra argument ('method') disregarded. 
2: Extra argument ('method') disregarded. 
3: Extra argument ('method') disregarded. 
4: Extra argument ('method') disregarded. 
> ir.region.nobirth <- d_noBW %>% group_by(region) %>% do(summary.ir(.)$ir.res)
`summarise()` ungrouping output (override with `.groups` argument)
# A tibble: 5 x 4
  agecat       inc.case    ptar cruderate
  <fct>           <dbl>   <dbl>     <dbl>
1 0-6 months        512 669648.  0.000765
2 6-12 months       718 729792.  0.000984
3 12-18 months      464 618085   0.000751
4 18-24 months      332 530242.  0.000626
5 <NA>              173 540156.  0.000320
`summarise()` regrouping output by 'studyid', 'country' (override with `.groups` argument)
# A tibble: 16 x 7
# Groups:   studyid, country [4]
   studyid       country                  agecat        ptar ncase nchild nstudy
   <chr>         <chr>                    <fct>        <dbl> <dbl>  <int>  <int>
 1 Keneba        GAMBIA                   0-6 months  2.84e5   283   2466      1
 2 Keneba        GAMBIA                   6-12 months 3.53e5   469   2388      1
 3 Keneba        GAMBIA                   12-18 mont… 3.23e5   296   2283      1
 4 Keneba        GAMBIA                   18-24 mont… 3.99e5   288   2206      1
 5 MAL-ED        SOUTH AFRICA             0-6 months  3.78e4    14    312      1
 6 MAL-ED        SOUTH AFRICA             6-12 months 4.49e4    23    259      1
 7 MAL-ED        SOUTH AFRICA             12-18 mont… 4.25e4    18    253      1
 8 MAL-ED        SOUTH AFRICA             18-24 mont… 4.28e4    10    242      1
 9 MAL-ED        TANZANIA, UNITED REPUBL… 0-6 months  3.80e4    11    261      1
10 MAL-ED        TANZANIA, UNITED REPUBL… 6-12 months 4.32e4    16    245      1
11 MAL-ED        TANZANIA, UNITED REPUBL… 12-18 mont… 3.91e4    11    233      1
12 MAL-ED        TANZANIA, UNITED REPUBL… 18-24 mont… 4.02e4    10    228      1
13 TanzaniaChil… TANZANIA, UNITED REPUBL… 0-6 months  3.10e5   204   2396      1
14 TanzaniaChil… TANZANIA, UNITED REPUBL… 6-12 months 2.88e5   210   1996      1
15 TanzaniaChil… TANZANIA, UNITED REPUBL… 12-18 mont… 2.13e5   139   1455      1
16 TanzaniaChil… TANZANIA, UNITED REPUBL… 18-24 mont… 4.85e4    24    960      1
`summarise()` ungrouping output (override with `.groups` argument)
# A tibble: 5 x 4
  agecat       inc.case    ptar cruderate
  <fct>           <dbl>   <dbl>     <dbl>
1 0-6 months        648 371527   0.00174 
2 6-12 months       553 465527   0.00119 
3 12-18 months      480 423556.  0.00113 
4 18-24 months      353 406512.  0.000868
5 <NA>              358 886815   0.000404
`summarise()` regrouping output by 'studyid', 'country' (override with `.groups` argument)
# A tibble: 39 x 7
# Groups:   studyid, country [10]
   studyid           country    agecat         ptar ncase nchild nstudy
   <chr>             <chr>      <fct>         <dbl> <dbl>  <int>  <int>
 1 CMC-V-BCS-2002    INDIA      0-6 months   38288.   110    368      1
 2 CMC-V-BCS-2002    INDIA      6-12 months  54754     66    372      1
 3 CMC-V-BCS-2002    INDIA      12-18 months 58134.    34    373      1
 4 CMC-V-BCS-2002    INDIA      18-24 months 61138.    23    373      1
 5 CMIN Bangladesh93 BANGLADESH 0-6 months   34766     32    272      1
 6 CMIN Bangladesh93 BANGLADESH 6-12 months  40490.    56    252      1
 7 CMIN Bangladesh93 BANGLADESH 12-18 months 36807     43    250      1
 8 CMIN Bangladesh93 BANGLADESH 18-24 months 37222.    39    247      1
 9 EE                PAKISTAN   0-6 months   47767     83    380      1
10 EE                PAKISTAN   6-12 months  55494.    62    374      1
# … with 29 more rows
`summarise()` ungrouping output (override with `.groups` argument)
# A tibble: 5 x 4
  agecat       inc.case    ptar cruderate
  <fct>           <dbl>   <dbl>     <dbl>
1 0-6 months         24 206999  0.000116 
2 6-12 months        34 240154. 0.000142 
3 12-18 months       22 176921  0.000124 
4 18-24 months       15 141577  0.000106 
5 <NA>               10 273339  0.0000366
`summarise()` regrouping output by 'studyid', 'country' (override with `.groups` argument)
# A tibble: 23 x 7
# Groups:   studyid, country [6]
   studyid     country agecat         ptar ncase nchild nstudy
   <chr>       <chr>   <fct>         <dbl> <dbl>  <int>  <int>
 1 CMIN Peru89 PERU    0-6 months   29120      1    209      1
 2 CMIN Peru89 PERU    6-12 months  32658      2    195      1
 3 CMIN Peru89 PERU    12-18 months 23220.     1    148      1
 4 CMIN Peru89 PERU    18-24 months 12751      0     87      1
 5 CMIN Peru95 PERU    0-6 months   32401      2    224      1
 6 CMIN Peru95 PERU    6-12 months  37916.     2    223      1
 7 CMIN Peru95 PERU    12-18 months 31373      1    180      1
 8 CMIN Peru95 PERU    18-24 months 26138      2    159      1
 9 CONTENT     PERU    0-6 months   34970.     3    215      1
10 CONTENT     PERU    6-12 months  40798.     0    215      1
# … with 13 more rows
There were 12 warnings (use warnings() to see them)
> ir.country.nobirth <- d_noBW %>% group_by(region, country) %>% do(summary.ir(.)$ir.res) 
`summarise()` ungrouping output (override with `.groups` argument)
# A tibble: 5 x 4
  agecat       inc.case    ptar cruderate
  <fct>           <dbl>   <dbl>     <dbl>
1 0-6 months        283 283824   0.000997
2 6-12 months       469 353246   0.00133 
3 12-18 months      296 323471   0.000915
4 18-24 months      288 398740.  0.000722
5 <NA>              129 163797   0.000788
`summarise()` regrouping output by 'studyid', 'country' (override with `.groups` argument)
# A tibble: 4 x 7
# Groups:   studyid, country [1]
  studyid country agecat          ptar ncase nchild nstudy
  <chr>   <chr>   <fct>          <dbl> <dbl>  <int>  <int>
1 Keneba  GAMBIA  0-6 months   283824    283   2466      1
2 Keneba  GAMBIA  6-12 months  353246    469   2388      1
3 Keneba  GAMBIA  12-18 months 323471    296   2283      1
4 Keneba  GAMBIA  18-24 months 398740.   288   2206      1
`summarise()` ungrouping output (override with `.groups` argument)
# A tibble: 5 x 4
  agecat       inc.case    ptar cruderate
  <fct>           <dbl>   <dbl>     <dbl>
1 0-6 months         14  37834   0.000370
2 6-12 months        23  44895   0.000512
3 12-18 months       18  42525   0.000423
4 18-24 months       10  42836.  0.000233
5 <NA>               25 200511   0.000125
`summarise()` regrouping output by 'studyid', 'country' (override with `.groups` argument)
# A tibble: 4 x 7
# Groups:   studyid, country [1]
  studyid country      agecat         ptar ncase nchild nstudy
  <chr>   <chr>        <fct>         <dbl> <dbl>  <int>  <int>
1 MAL-ED  SOUTH AFRICA 0-6 months   37834     14    312      1
2 MAL-ED  SOUTH AFRICA 6-12 months  44895     23    259      1
3 MAL-ED  SOUTH AFRICA 12-18 months 42525     18    253      1
4 MAL-ED  SOUTH AFRICA 18-24 months 42836.    10    242      1
`summarise()` ungrouping output (override with `.groups` argument)
# A tibble: 5 x 4
  agecat       inc.case    ptar cruderate
  <fct>           <dbl>   <dbl>     <dbl>
1 0-6 months        215 347990.  0.000618
2 6-12 months       226 331652.  0.000681
3 12-18 months      150 252089   0.000595
4 18-24 months       34  88666.  0.000383
5 <NA>               19 175848.  0.000108
`summarise()` regrouping output by 'studyid', 'country' (override with `.groups` argument)
# A tibble: 8 x 7
# Groups:   studyid, country [2]
  studyid       country                   agecat        ptar ncase nchild nstudy
  <chr>         <chr>                     <fct>        <dbl> <dbl>  <int>  <int>
1 MAL-ED        TANZANIA, UNITED REPUBLI… 0-6 months  3.80e4    11    261      1
2 MAL-ED        TANZANIA, UNITED REPUBLI… 6-12 months 4.32e4    16    245      1
3 MAL-ED        TANZANIA, UNITED REPUBLI… 12-18 mont… 3.91e4    11    233      1
4 MAL-ED        TANZANIA, UNITED REPUBLI… 18-24 mont… 4.02e4    10    228      1
5 TanzaniaChil… TANZANIA, UNITED REPUBLI… 0-6 months  3.10e5   204   2396      1
6 TanzaniaChil… TANZANIA, UNITED REPUBLI… 6-12 months 2.88e5   210   1996      1
7 TanzaniaChil… TANZANIA, UNITED REPUBLI… 12-18 mont… 2.13e5   139   1455      1
8 TanzaniaChil… TANZANIA, UNITED REPUBLI… 18-24 mont… 4.85e4    24    960      1
`summarise()` ungrouping output (override with `.groups` argument)
# A tibble: 5 x 4
  agecat       inc.case    ptar cruderate
  <fct>           <dbl>   <dbl>     <dbl>
1 0-6 months         51  66908.  0.000762
2 6-12 months        74  81162.  0.000912
3 12-18 months       68  73070.  0.000931
4 18-24 months       57  71698.  0.000795
5 <NA>               36 199616.  0.000180
`summarise()` regrouping output by 'studyid', 'country' (override with `.groups` argument)
# A tibble: 8 x 7
# Groups:   studyid, country [2]
  studyid           country    agecat         ptar ncase nchild nstudy
  <chr>             <chr>      <fct>         <dbl> <dbl>  <int>  <int>
1 CMIN Bangladesh93 BANGLADESH 0-6 months   34766     32    272      1
2 CMIN Bangladesh93 BANGLADESH 6-12 months  40490.    56    252      1
3 CMIN Bangladesh93 BANGLADESH 12-18 months 36807     43    250      1
4 CMIN Bangladesh93 BANGLADESH 18-24 months 37222.    39    247      1
5 MAL-ED            BANGLADESH 0-6 months   32142.    19    263      1
6 MAL-ED            BANGLADESH 6-12 months  40672     18    240      1
7 MAL-ED            BANGLADESH 12-18 months 36262.    25    231      1
8 MAL-ED            BANGLADESH 18-24 months 34475     18    219      1
`summarise()` ungrouping output (override with `.groups` argument)
# A tibble: 5 x 4
  agecat       inc.case    ptar cruderate
  <fct>           <dbl>   <dbl>     <dbl>
1 0-6 months        311 127198.  0.00245 
2 6-12 months       203 174123   0.00117 
3 12-18 months      157 169773   0.000925
4 18-24 months      110 185448.  0.000593
5 <NA>              289 544134.  0.000531
`summarise()` regrouping output by 'studyid', 'country' (override with `.groups` argument)
# A tibble: 16 x 7
# Groups:   studyid, country [4]
   studyid        country agecat         ptar ncase nchild nstudy
   <chr>          <chr>   <fct>         <dbl> <dbl>  <int>  <int>
 1 CMC-V-BCS-2002 INDIA   0-6 months   38288.   110    368      1
 2 CMC-V-BCS-2002 INDIA   6-12 months  54754     66    372      1
 3 CMC-V-BCS-2002 INDIA   12-18 months 58134.    34    373      1
 4 CMC-V-BCS-2002 INDIA   18-24 months 61138.    23    373      1
 5 IRC            INDIA   0-6 months   42550.   134    410      1
 6 IRC            INDIA   6-12 months  58724.    68    409      1
 7 IRC            INDIA   12-18 months 58184     50    410      1
 8 IRC            INDIA   18-24 months 64657     37    410      1
 9 MAL-ED         INDIA   0-6 months   28998.    40    251      1
10 MAL-ED         INDIA   6-12 months  36794.    41    235      1
11 MAL-ED         INDIA   12-18 months 32740.    27    229      1
12 MAL-ED         INDIA   18-24 months 36200.    27    228      1
13 TDC            INDIA   0-6 months   17361     27    160      1
14 TDC            INDIA   6-12 months  23851     28    160      1
15 TDC            INDIA   12-18 months 20715     46    160      1
16 TDC            INDIA   18-24 months 23454.    23    160      1
`summarise()` ungrouping output (override with `.groups` argument)
# A tibble: 5 x 4
  agecat       inc.case    ptar cruderate
  <fct>           <dbl>   <dbl>     <dbl>
1 0-6 months        140  99528.  0.00141 
2 6-12 months       166 121646.  0.00136 
3 12-18 months      125 113550   0.00110 
4 18-24 months      139 110104.  0.00126 
5 <NA>               32 140611   0.000228
`summarise()` regrouping output by 'studyid', 'country' (override with `.groups` argument)
# A tibble: 8 x 7
# Groups:   studyid, country [2]
  studyid   country agecat         ptar ncase nchild nstudy
  <chr>     <chr>   <fct>         <dbl> <dbl>  <int>  <int>
1 GMS-Nepal NEPAL   0-6 months   67521    124    686      1
2 GMS-Nepal NEPAL   6-12 months  79330    155    582      1
3 GMS-Nepal NEPAL   12-18 months 75572.   106    574      1
4 GMS-Nepal NEPAL   18-24 months 69404.   119    568      1
5 MAL-ED    NEPAL   0-6 months   32008.    16    240      1
6 MAL-ED    NEPAL   6-12 months  42316.    11    235      1
7 MAL-ED    NEPAL   12-18 months 37978.    19    231      1
8 MAL-ED    NEPAL   18-24 months 40699     20    229      1
`summarise()` ungrouping output (override with `.groups` argument)
# A tibble: 5 x 4
  agecat       inc.case   ptar cruderate
  <fct>           <dbl>  <dbl>     <dbl>
1 0-6 months        146 77894.  0.00187 
2 6-12 months       110 88596   0.00124 
3 12-18 months      130 67163   0.00194 
4 18-24 months       47 39263   0.00120 
5 <NA>                1  2453   0.000408
`summarise()` regrouping output by 'studyid', 'country' (override with `.groups` argument)
# A tibble: 7 x 7
# Groups:   studyid, country [2]
  studyid country  agecat         ptar ncase nchild nstudy
  <chr>   <chr>    <fct>         <dbl> <dbl>  <int>  <int>
1 EE      PAKISTAN 0-6 months   47767     83    380      1
2 EE      PAKISTAN 6-12 months  55494.    62    374      1
3 EE      PAKISTAN 12-18 months 52752.    87    365      1
4 EE      PAKISTAN 18-24 months 39263     47    350      1
5 ResPak  PAKISTAN 0-6 months   30126.    63    282      1
6 ResPak  PAKISTAN 6-12 months  33102.    48    236      1
7 ResPak  PAKISTAN 12-18 months 14410.    43    189      1
`summarise()` ungrouping output (override with `.groups` argument)
# A tibble: 5 x 4
  agecat       inc.case    ptar cruderate
  <fct>           <dbl>   <dbl>     <dbl>
1 0-6 months          8  31051  0.000258 
2 6-12 months         3  35566. 0.0000844
3 12-18 months        2  33302. 0.0000601
4 18-24 months        4  30342  0.000132 
5 <NA>                8 152908. 0.0000523
`summarise()` regrouping output by 'studyid', 'country' (override with `.groups` argument)
# A tibble: 4 x 7
# Groups:   studyid, country [1]
  studyid country agecat         ptar ncase nchild nstudy
  <chr>   <chr>   <fct>         <dbl> <dbl>  <int>  <int>
1 MAL-ED  BRAZIL  0-6 months   31051      8    233      1
2 MAL-ED  BRAZIL  6-12 months  35566.     3    207      1
3 MAL-ED  BRAZIL  12-18 months 33302.     2    194      1
4 MAL-ED  BRAZIL  18-24 months 30342      4    176      1
`summarise()` ungrouping output (override with `.groups` argument)
# A tibble: 3 x 4
  agecat       inc.case   ptar cruderate
  <fct>           <dbl>  <dbl>     <dbl>
1 0-6 months          5 39606.  0.000126
2 6-12 months        21 47270   0.000444
3 12-18 months        6 15858.  0.000378
`summarise()` regrouping output by 'studyid', 'country' (override with `.groups` argument)
# A tibble: 3 x 7
# Groups:   studyid, country [1]
  studyid       country   agecat         ptar ncase nchild nstudy
  <chr>         <chr>     <fct>         <dbl> <dbl>  <int>  <int>
1 Guatemala BSC GUATEMALA 0-6 months   39606.     5    295      1
2 Guatemala BSC GUATEMALA 6-12 months  47270     21    277      1
3 Guatemala BSC GUATEMALA 12-18 months 15858.     6    186      1
`summarise()` ungrouping output (override with `.groups` argument)
# A tibble: 5 x 4
  agecat       inc.case    ptar cruderate
  <fct>           <dbl>   <dbl>     <dbl>
1 0-6 months         11 136342. 0.0000807
2 6-12 months        10 157318  0.0000636
3 12-18 months       14 127761  0.000110 
4 18-24 months       11 111235  0.0000989
5 <NA>                2 120432. 0.0000166
`summarise()` regrouping output by 'studyid', 'country' (override with `.groups` argument)
# A tibble: 16 x 7
# Groups:   studyid, country [4]
   studyid     country agecat         ptar ncase nchild nstudy
   <chr>       <chr>   <fct>         <dbl> <dbl>  <int>  <int>
 1 CMIN Peru89 PERU    0-6 months   29120      1    209      1
 2 CMIN Peru89 PERU    6-12 months  32658      2    195      1
 3 CMIN Peru89 PERU    12-18 months 23220.     1    148      1
 4 CMIN Peru89 PERU    18-24 months 12751      0     87      1
 5 CMIN Peru95 PERU    0-6 months   32401      2    224      1
 6 CMIN Peru95 PERU    6-12 months  37916.     2    223      1
 7 CMIN Peru95 PERU    12-18 months 31373      1    180      1
 8 CMIN Peru95 PERU    18-24 months 26138      2    159      1
 9 CONTENT     PERU    0-6 months   34970.     3    215      1
10 CONTENT     PERU    6-12 months  40798.     0    215      1
11 CONTENT     PERU    12-18 months 31704.     1    214      1
12 CONTENT     PERU    18-24 months 35398      2    197      1
13 MAL-ED      PERU    0-6 months   39851      5    302      1
14 MAL-ED      PERU    6-12 months  45946      6    270      1
15 MAL-ED      PERU    12-18 months 41464     11    244      1
16 MAL-ED      PERU    18-24 months 36948      7    219      1
There were 39 warnings (use warnings() to see them)
> ir.cohort.nobirth <-
+   ir.data$ir.cohort %>% subset(., select = c(cohort, agecat,  yi,  ci.lb,  ci.ub)) %>%
+   rename(est = yi,  lb = ci.lb,  ub = ci.ub)
> 
> ir_noBW <- bind_rows(
+   data.frame(cohort = "pooled", region = "Overall", ir.data.nobirth$ir.res),
+   data.frame(cohort = "pooled", ir.country.nobirth),
+   data.frame(cohort = "pooled", ir.region.nobirth),
+   ir.cohort.nobirth
+ )
> 
> #Incidence rate - severe wasting
> sev.ir.data <- summary.ir(d, sev.wasting = T)
`summarise()` ungrouping output (override with `.groups` argument)
# A tibble: 5 x 4
  agecat       inc.case    ptar cruderate
  <fct>           <dbl>   <dbl>     <dbl>
1 0-6 months        771 1383246 0.000557 
2 6-12 months       349 1559382 0.000224 
3 12-18 months      270 1351406 0.000200 
4 18-24 months      158 1177634 0.000134 
5 <NA>               93 1786355 0.0000521
`summarise()` regrouping output by 'studyid', 'country' (override with `.groups` argument)
# A tibble: 78 x 7
# Groups:   studyid, country [20]
   studyid           country    agecat         ptar ncase nchild nstudy
   <chr>             <chr>      <fct>         <dbl> <dbl>  <int>  <int>
 1 CMC-V-BCS-2002    INDIA      0-6 months   51274.    67    368      1
 2 CMC-V-BCS-2002    INDIA      6-12 months  64238.    18    372      1
 3 CMC-V-BCS-2002    INDIA      12-18 months 65014.     9    373      1
 4 CMC-V-BCS-2002    INDIA      18-24 months 65585      5    373      1
 5 CMIN Bangladesh93 BANGLADESH 0-6 months   37178.    14    272      1
 6 CMIN Bangladesh93 BANGLADESH 6-12 months  45040.    12    252      1
 7 CMIN Bangladesh93 BANGLADESH 12-18 months 42838.     5    250      1
 8 CMIN Bangladesh93 BANGLADESH 18-24 months 43509     13    247      1
 9 CMIN Peru89       PERU       0-6 months   29380.     2    209      1
10 CMIN Peru89       PERU       6-12 months  32812.     0    195      1
# … with 68 more rows
Warning messages:
1: Extra argument ('method') disregarded. 
2: Extra argument ('method') disregarded. 
3: Extra argument ('method') disregarded. 
4: Extra argument ('method') disregarded. 
> sev.ir.region <- d %>% group_by(region) %>% do(summary.ir(., sev.wasting = T)$ir.res)
`summarise()` ungrouping output (override with `.groups` argument)
# A tibble: 5 x 4
  agecat       inc.case    ptar cruderate
  <fct>           <dbl>   <dbl>     <dbl>
1 0-6 months        324 729144. 0.000444 
2 6-12 months       211 789486. 0.000267 
3 12-18 months      138 672472. 0.000205 
4 18-24 months       88 566608. 0.000155 
5 <NA>               54 556771  0.0000970
`summarise()` regrouping output by 'studyid', 'country' (override with `.groups` argument)
# A tibble: 16 x 7
# Groups:   studyid, country [4]
   studyid       country                  agecat        ptar ncase nchild nstudy
   <chr>         <chr>                    <fct>        <dbl> <dbl>  <int>  <int>
 1 Keneba        GAMBIA                   0-6 months  3.20e5   235   2466      1
 2 Keneba        GAMBIA                   6-12 months 3.89e5   157   2388      1
 3 Keneba        GAMBIA                   12-18 mont… 3.59e5   104   2283      1
 4 Keneba        GAMBIA                   18-24 mont… 4.30e5    75   2206      1
 5 MAL-ED        SOUTH AFRICA             0-6 months  3.99e4     6    312      1
 6 MAL-ED        SOUTH AFRICA             6-12 months 4.62e4     3    259      1
 7 MAL-ED        SOUTH AFRICA             12-18 mont… 4.45e4     5    253      1
 8 MAL-ED        SOUTH AFRICA             18-24 mont… 4.40e4     2    242      1
 9 MAL-ED        TANZANIA, UNITED REPUBL… 0-6 months  3.85e4     4    261      1
10 MAL-ED        TANZANIA, UNITED REPUBL… 6-12 months 4.42e4     3    245      1
11 MAL-ED        TANZANIA, UNITED REPUBL… 12-18 mont… 4.06e4     1    233      1
12 MAL-ED        TANZANIA, UNITED REPUBL… 18-24 mont… 4.10e4     2    228      1
13 TanzaniaChil… TANZANIA, UNITED REPUBL… 0-6 months  3.31e5    79   2396      1
14 TanzaniaChil… TANZANIA, UNITED REPUBL… 6-12 months 3.10e5    48   1996      1
15 TanzaniaChil… TANZANIA, UNITED REPUBL… 12-18 mont… 2.28e5    28   1455      1
16 TanzaniaChil… TANZANIA, UNITED REPUBL… 18-24 mont… 5.15e4     9    960      1
`summarise()` ungrouping output (override with `.groups` argument)
# A tibble: 5 x 4
  agecat       inc.case    ptar cruderate
  <fct>           <dbl>   <dbl>     <dbl>
1 0-6 months        438 444430. 0.000986 
2 6-12 months       135 527500. 0.000256 
3 12-18 months      131 499720  0.000262 
4 18-24 months       68 467603  0.000145 
5 <NA>               37 953438. 0.0000388
`summarise()` regrouping output by 'studyid', 'country' (override with `.groups` argument)
# A tibble: 39 x 7
# Groups:   studyid, country [10]
   studyid           country    agecat         ptar ncase nchild nstudy
   <chr>             <chr>      <fct>         <dbl> <dbl>  <int>  <int>
 1 CMC-V-BCS-2002    INDIA      0-6 months   51274.    67    368      1
 2 CMC-V-BCS-2002    INDIA      6-12 months  64238.    18    372      1
 3 CMC-V-BCS-2002    INDIA      12-18 months 65014.     9    373      1
 4 CMC-V-BCS-2002    INDIA      18-24 months 65585      5    373      1
 5 CMIN Bangladesh93 BANGLADESH 0-6 months   37178.    14    272      1
 6 CMIN Bangladesh93 BANGLADESH 6-12 months  45040.    12    252      1
 7 CMIN Bangladesh93 BANGLADESH 12-18 months 42838.     5    250      1
 8 CMIN Bangladesh93 BANGLADESH 18-24 months 43509     13    247      1
 9 EE                PAKISTAN   0-6 months   54408     36    380      1
10 EE                PAKISTAN   6-12 months  64780     18    374      1
# … with 29 more rows
`summarise()` ungrouping output (override with `.groups` argument)
# A tibble: 5 x 4
  agecat       inc.case    ptar  cruderate
  <fct>           <dbl>   <dbl>      <dbl>
1 0-6 months          9 209672  0.0000429 
2 6-12 months         3 242395  0.0000124 
3 12-18 months        1 179214. 0.00000558
4 18-24 months        2 143422. 0.0000139 
5 <NA>                2 276146. 0.00000724
`summarise()` regrouping output by 'studyid', 'country' (override with `.groups` argument)
# A tibble: 23 x 7
# Groups:   studyid, country [6]
   studyid     country agecat         ptar ncase nchild nstudy
   <chr>       <chr>   <fct>         <dbl> <dbl>  <int>  <int>
 1 CMIN Peru89 PERU    0-6 months   29380.     2    209      1
 2 CMIN Peru89 PERU    6-12 months  32812.     0    195      1
 3 CMIN Peru89 PERU    12-18 months 23252      0    148      1
 4 CMIN Peru89 PERU    18-24 months 12751      0     87      1
 5 CMIN Peru95 PERU    0-6 months   32648.     1    224      1
 6 CMIN Peru95 PERU    6-12 months  38030.     0    223      1
 7 CMIN Peru95 PERU    12-18 months 31436.     0    180      1
 8 CMIN Peru95 PERU    18-24 months 26240.     0    159      1
 9 CONTENT     PERU    0-6 months   35176      1    215      1
10 CONTENT     PERU    6-12 months  40928.     0    215      1
# … with 13 more rows
There were 12 warnings (use warnings() to see them)
> sev.ir.country <- d %>% group_by(region, country) %>% do(summary.ir(., sev.wasting = T)$ir.res) 
`summarise()` ungrouping output (override with `.groups` argument)
# A tibble: 5 x 4
  agecat       inc.case    ptar cruderate
  <fct>           <dbl>   <dbl>     <dbl>
1 0-6 months        235 319710.  0.000735
2 6-12 months       157 388774.  0.000404
3 12-18 months      104 358910   0.000290
4 18-24 months       75 430131   0.000174
5 <NA>               41 178885   0.000229
`summarise()` regrouping output by 'studyid', 'country' (override with `.groups` argument)
# A tibble: 4 x 7
# Groups:   studyid, country [1]
  studyid country agecat          ptar ncase nchild nstudy
  <chr>   <chr>   <fct>          <dbl> <dbl>  <int>  <int>
1 Keneba  GAMBIA  0-6 months   319710.   235   2466      1
2 Keneba  GAMBIA  6-12 months  388774.   157   2388      1
3 Keneba  GAMBIA  12-18 months 358910    104   2283      1
4 Keneba  GAMBIA  18-24 months 430131     75   2206      1
`summarise()` ungrouping output (override with `.groups` argument)
# A tibble: 5 x 4
  agecat       inc.case    ptar cruderate
  <fct>           <dbl>   <dbl>     <dbl>
1 0-6 months          6  39877  0.000150 
2 6-12 months         3  46238  0.0000649
3 12-18 months        5  44481  0.000112 
4 18-24 months        2  43979  0.0000455
5 <NA>                7 201334. 0.0000348
`summarise()` regrouping output by 'studyid', 'country' (override with `.groups` argument)
# A tibble: 4 x 7
# Groups:   studyid, country [1]
  studyid country      agecat        ptar ncase nchild nstudy
  <chr>   <chr>        <fct>        <dbl> <dbl>  <int>  <int>
1 MAL-ED  SOUTH AFRICA 0-6 months   39877     6    312      1
2 MAL-ED  SOUTH AFRICA 6-12 months  46238     3    259      1
3 MAL-ED  SOUTH AFRICA 12-18 months 44481     5    253      1
4 MAL-ED  SOUTH AFRICA 18-24 months 43979     2    242      1
`summarise()` ungrouping output (override with `.groups` argument)
# A tibble: 5 x 4
  agecat       inc.case    ptar cruderate
  <fct>           <dbl>   <dbl>     <dbl>
1 0-6 months         83 369558  0.000225 
2 6-12 months        51 354474  0.000144 
3 12-18 months       29 269082. 0.000108 
4 18-24 months       11  92498. 0.000119 
5 <NA>                6 176552. 0.0000340
`summarise()` regrouping output by 'studyid', 'country' (override with `.groups` argument)
# A tibble: 8 x 7
# Groups:   studyid, country [2]
  studyid       country                   agecat        ptar ncase nchild nstudy
  <chr>         <chr>                     <fct>        <dbl> <dbl>  <int>  <int>
1 MAL-ED        TANZANIA, UNITED REPUBLI… 0-6 months  3.85e4     4    261      1
2 MAL-ED        TANZANIA, UNITED REPUBLI… 6-12 months 4.42e4     3    245      1
3 MAL-ED        TANZANIA, UNITED REPUBLI… 12-18 mont… 4.06e4     1    233      1
4 MAL-ED        TANZANIA, UNITED REPUBLI… 18-24 mont… 4.10e4     2    228      1
5 TanzaniaChil… TANZANIA, UNITED REPUBLI… 0-6 months  3.31e5    79   2396      1
6 TanzaniaChil… TANZANIA, UNITED REPUBLI… 6-12 months 3.10e5    48   1996      1
7 TanzaniaChil… TANZANIA, UNITED REPUBLI… 12-18 mont… 2.28e5    28   1455      1
8 TanzaniaChil… TANZANIA, UNITED REPUBLI… 18-24 mont… 5.15e4     9    960      1
`summarise()` ungrouping output (override with `.groups` argument)
# A tibble: 5 x 4
  agecat       inc.case    ptar  cruderate
  <fct>           <dbl>   <dbl>      <dbl>
1 0-6 months         31  72820. 0.000426  
2 6-12 months        15  87634. 0.000171  
3 12-18 months        7  82265  0.0000851 
4 18-24 months       13  82099  0.000158  
5 <NA>                2 208555  0.00000959
`summarise()` regrouping output by 'studyid', 'country' (override with `.groups` argument)
# A tibble: 8 x 7
# Groups:   studyid, country [2]
  studyid           country    agecat         ptar ncase nchild nstudy
  <chr>             <chr>      <fct>         <dbl> <dbl>  <int>  <int>
1 CMIN Bangladesh93 BANGLADESH 0-6 months   37178.    14    272      1
2 CMIN Bangladesh93 BANGLADESH 6-12 months  45040.    12    252      1
3 CMIN Bangladesh93 BANGLADESH 12-18 months 42838.     5    250      1
4 CMIN Bangladesh93 BANGLADESH 18-24 months 43509     13    247      1
5 MAL-ED            BANGLADESH 0-6 months   35642     17    263      1
6 MAL-ED            BANGLADESH 6-12 months  42594      3    240      1
7 MAL-ED            BANGLADESH 12-18 months 39426.     2    231      1
8 MAL-ED            BANGLADESH 18-24 months 38590      0    219      1
`summarise()` ungrouping output (override with `.groups` argument)
# A tibble: 5 x 4
  agecat       inc.case    ptar cruderate
  <fct>           <dbl>   <dbl>     <dbl>
1 0-6 months        242 161808. 0.00150  
2 6-12 months        46 201615  0.000228 
3 12-18 months       28 197032  0.000142 
4 18-24 months       14 209582  0.0000668
5 <NA>               28 594668  0.0000471
`summarise()` regrouping output by 'studyid', 'country' (override with `.groups` argument)
# A tibble: 16 x 7
# Groups:   studyid, country [4]
   studyid        country agecat         ptar ncase nchild nstudy
   <chr>          <chr>   <fct>         <dbl> <dbl>  <int>  <int>
 1 CMC-V-BCS-2002 INDIA   0-6 months   51274.    67    368      1
 2 CMC-V-BCS-2002 INDIA   6-12 months  64238.    18    372      1
 3 CMC-V-BCS-2002 INDIA   12-18 months 65014.     9    373      1
 4 CMC-V-BCS-2002 INDIA   18-24 months 65585      5    373      1
 5 IRC            INDIA   0-6 months   54190    131    410      1
 6 IRC            INDIA   6-12 months  67743     12    409      1
 7 IRC            INDIA   12-18 months 68338.     9    410      1
 8 IRC            INDIA   18-24 months 74118.     7    410      1
 9 MAL-ED         INDIA   0-6 months   34525     21    251      1
10 MAL-ED         INDIA   6-12 months  41112.     4    235      1
11 MAL-ED         INDIA   12-18 months 38606.     2    229      1
12 MAL-ED         INDIA   18-24 months 40966      0    228      1
13 TDC            INDIA   0-6 months   21819     23    160      1
14 TDC            INDIA   6-12 months  28522     12    160      1
15 TDC            INDIA   12-18 months 25074.     8    160      1
16 TDC            INDIA   18-24 months 28914.     2    160      1
`summarise()` ungrouping output (override with `.groups` argument)
# A tibble: 5 x 4
  agecat       inc.case    ptar cruderate
  <fct>           <dbl>   <dbl>     <dbl>
1 0-6 months         86 119093  0.000722 
2 6-12 months        41 136994. 0.000299 
3 12-18 months       53 140390. 0.000378 
4 18-24 months       27 126962. 0.000213 
5 <NA>                7 146835  0.0000477
`summarise()` regrouping output by 'studyid', 'country' (override with `.groups` argument)
# A tibble: 8 x 7
# Groups:   studyid, country [2]
  studyid   country agecat          ptar ncase nchild nstudy
  <chr>     <chr>   <fct>          <dbl> <dbl>  <int>  <int>
1 GMS-Nepal NEPAL   0-6 months    83696.    79    686      1
2 GMS-Nepal NEPAL   6-12 months   93480     40    582      1
3 GMS-Nepal NEPAL   12-18 months 100791     52    574      1
4 GMS-Nepal NEPAL   18-24 months  84616.    27    568      1
5 MAL-ED    NEPAL   0-6 months    35398.     7    240      1
6 MAL-ED    NEPAL   6-12 months   43514.     1    235      1
7 MAL-ED    NEPAL   12-18 months  39598.     1    231      1
8 MAL-ED    NEPAL   18-24 months  42346      0    229      1
`summarise()` ungrouping output (override with `.groups` argument)
# A tibble: 5 x 4
  agecat       inc.case    ptar cruderate
  <fct>           <dbl>   <dbl>     <dbl>
1 0-6 months         79  90710.  0.000871
2 6-12 months        33 101258.  0.000326
3 12-18 months       43  80034.  0.000537
4 18-24 months       14  48960.  0.000286
5 <NA>                0   3380.  0       
`summarise()` regrouping output by 'studyid', 'country' (override with `.groups` argument)
# A tibble: 7 x 7
# Groups:   studyid, country [2]
  studyid country  agecat         ptar ncase nchild nstudy
  <chr>   <chr>    <fct>         <dbl> <dbl>  <int>  <int>
1 EE      PAKISTAN 0-6 months   54408     36    380      1
2 EE      PAKISTAN 6-12 months  64780     18    374      1
3 EE      PAKISTAN 12-18 months 61081     25    365      1
4 EE      PAKISTAN 18-24 months 48960.    14    350      1
5 ResPak  PAKISTAN 0-6 months   36302.    43    282      1
6 ResPak  PAKISTAN 6-12 months  36478.    15    236      1
7 ResPak  PAKISTAN 12-18 months 18952.    18    189      1
`summarise()` ungrouping output (override with `.groups` argument)
# A tibble: 5 x 4
  agecat       inc.case    ptar cruderate
  <fct>           <dbl>   <dbl>     <dbl>
1 0-6 months          3  31880. 0.0000941
2 6-12 months         0  35660. 0        
3 12-18 months        0  33696. 0        
4 18-24 months        1  30876. 0.0000324
5 <NA>                0 154915  0        
`summarise()` regrouping output by 'studyid', 'country' (override with `.groups` argument)
# A tibble: 4 x 7
# Groups:   studyid, country [1]
  studyid country agecat         ptar ncase nchild nstudy
  <chr>   <chr>   <fct>         <dbl> <dbl>  <int>  <int>
1 MAL-ED  BRAZIL  0-6 months   31880.     3    233      1
2 MAL-ED  BRAZIL  6-12 months  35660.     0    207      1
3 MAL-ED  BRAZIL  12-18 months 33696.     0    194      1
4 MAL-ED  BRAZIL  18-24 months 30876.     1    176      1
`summarise()` ungrouping output (override with `.groups` argument)
# A tibble: 3 x 4
  agecat       inc.case   ptar cruderate
  <fct>           <dbl>  <dbl>     <dbl>
1 0-6 months          1 40133  0.0000249
2 6-12 months         2 48774. 0.0000410
3 12-18 months        0 16620  0        
`summarise()` regrouping output by 'studyid', 'country' (override with `.groups` argument)
# A tibble: 3 x 7
# Groups:   studyid, country [1]
  studyid       country   agecat         ptar ncase nchild nstudy
  <chr>         <chr>     <fct>         <dbl> <dbl>  <int>  <int>
1 Guatemala BSC GUATEMALA 0-6 months   40133      1    295      1
2 Guatemala BSC GUATEMALA 6-12 months  48774.     2    277      1
3 Guatemala BSC GUATEMALA 12-18 months 16620      0    186      1
`summarise()` ungrouping output (override with `.groups` argument)
# A tibble: 5 x 4
  agecat       inc.case    ptar  cruderate
  <fct>           <dbl>   <dbl>      <dbl>
1 0-6 months          5 137660. 0.0000363 
2 6-12 months         1 157961  0.00000633
3 12-18 months        1 128898  0.00000776
4 18-24 months        1 112546  0.00000889
5 <NA>                2 121232. 0.0000165 
`summarise()` regrouping output by 'studyid', 'country' (override with `.groups` argument)
# A tibble: 16 x 7
# Groups:   studyid, country [4]
   studyid     country agecat         ptar ncase nchild nstudy
   <chr>       <chr>   <fct>         <dbl> <dbl>  <int>  <int>
 1 CMIN Peru89 PERU    0-6 months   29380.     2    209      1
 2 CMIN Peru89 PERU    6-12 months  32812.     0    195      1
 3 CMIN Peru89 PERU    12-18 months 23252      0    148      1
 4 CMIN Peru89 PERU    18-24 months 12751      0     87      1
 5 CMIN Peru95 PERU    0-6 months   32648.     1    224      1
 6 CMIN Peru95 PERU    6-12 months  38030.     0    223      1
 7 CMIN Peru95 PERU    12-18 months 31436.     0    180      1
 8 CMIN Peru95 PERU    18-24 months 26240.     0    159      1
 9 CONTENT     PERU    0-6 months   35176      1    215      1
10 CONTENT     PERU    6-12 months  40928.     0    215      1
11 CONTENT     PERU    12-18 months 31764      0    214      1
12 CONTENT     PERU    18-24 months 35457      0    197      1
13 MAL-ED      PERU    0-6 months   40454.     1    302      1
14 MAL-ED      PERU    6-12 months  46190.     1    270      1
15 MAL-ED      PERU    12-18 months 42446.     1    244      1
16 MAL-ED      PERU    18-24 months 38098.     1    219      1
There were 39 warnings (use warnings() to see them)
> sev.ir.cohort <-
+   sev.ir.data$ir.cohort %>% subset(., select = c(cohort, agecat,  yi,  ci.lb,  ci.ub)) %>%
+   rename(est = yi,  lb = ci.lb,  ub = ci.ub)
> 
> sev.ir <- bind_rows(
+   data.frame(cohort = "pooled", region = "Overall", sev.ir.data$ir.res),
+   data.frame(cohort = "pooled", sev.ir.country),
+   data.frame(cohort = "pooled", sev.ir.region),
+   sev.ir.cohort
+ )
> 
> 
> 
> 
> 
> #Incidence rate - 3 month intervals
> d3 <- calc.ci.agecat(d, range = 3)
> agelst3 = list(
+   "0-3 months",
+   "3-6 months",
+   "6-9 months",
+   "9-12 months",
+   "12-15 months",
+   "15-18 months",
+   "18-21 months",
+   "21-24 months"
+ )
> ir.data <- summary.ir(d3)
`summarise()` ungrouping output (override with `.groups` argument)
# A tibble: 9 x 4
  agecat       inc.case     ptar cruderate
  <fct>           <dbl>    <dbl>     <dbl>
1 0-3 months       1795  482700.  0.00372 
2 3-6 months        632  775766.  0.000815
3 6-9 months        643  754730.  0.000852
4 9-12 months       683  683598.  0.000999
5 12-15 months      536  607016.  0.000883
6 15-18 months      451  616350   0.000732
7 18-21 months      381  563482.  0.000676
8 21-24 months      329  518150   0.000635
9 <NA>              548 1702955   0.000322
`summarise()` regrouping output by 'studyid', 'country' (override with `.groups` argument)
# A tibble: 155 x 7
# Groups:   studyid, country [20]
   studyid           country    agecat         ptar ncase nchild nstudy
   <chr>             <chr>      <fct>         <dbl> <dbl>  <int>  <int>
 1 CMC-V-BCS-2002    INDIA      0-3 months   17142.   155    362      1
 2 CMC-V-BCS-2002    INDIA      3-6 months   22598.    46    366      1
 3 CMC-V-BCS-2002    INDIA      6-9 months   26650.    35    371      1
 4 CMC-V-BCS-2002    INDIA      9-12 months  28104.    31    370      1
 5 CMC-V-BCS-2002    INDIA      12-15 months 28862.    19    371      1
 6 CMC-V-BCS-2002    INDIA      15-18 months 29272     15    371      1
 7 CMC-V-BCS-2002    INDIA      18-21 months 29886.    13    372      1
 8 CMC-V-BCS-2002    INDIA      21-24 months 31252     10    371      1
 9 CMIN Bangladesh93 BANGLADESH 0-3 months   13480.    28    264      1
10 CMIN Bangladesh93 BANGLADESH 3-6 months   21579     24    259      1
# … with 145 more rows
Warning messages:
1: Extra argument ('method') disregarded. 
2: Extra argument ('method') disregarded. 
3: Extra argument ('method') disregarded. 
4: Extra argument ('method') disregarded. 
5: Extra argument ('method') disregarded. 
6: Extra argument ('method') disregarded. 
7: Extra argument ('method') disregarded. 
8: Extra argument ('method') disregarded. 
> ir.region <- d3 %>% group_by(region) %>% do(summary.ir(.)$ir.res)
`summarise()` ungrouping output (override with `.groups` argument)
# A tibble: 9 x 4
  agecat       inc.case    ptar cruderate
  <fct>           <dbl>   <dbl>     <dbl>
1 0-3 months        782 266688.  0.00293 
2 3-6 months        332 407940.  0.000814
3 6-9 months        394 399930   0.000985
4 9-12 months       344 332616   0.00103 
5 12-15 months      257 295144   0.000871
6 15-18 months      228 327745   0.000696
7 18-21 months      185 288496   0.000641
8 21-24 months      157 245046   0.000641
9 <NA>              180 542801   0.000332
`summarise()` regrouping output by 'studyid', 'country' (override with `.groups` argument)
# A tibble: 32 x 7
# Groups:   studyid, country [4]
   studyid country      agecat          ptar ncase nchild nstudy
   <chr>   <chr>        <fct>          <dbl> <dbl>  <int>  <int>
 1 Keneba  GAMBIA       0-3 months   111004.   552   2295      1
 2 Keneba  GAMBIA       3-6 months   174783    172   2266      1
 3 Keneba  GAMBIA       6-9 months   196108    259   2220      1
 4 Keneba  GAMBIA       9-12 months  159892.   230   2129      1
 5 Keneba  GAMBIA       12-15 months 147266.   164   1924      1
 6 Keneba  GAMBIA       15-18 months 181008.   153   1892      1
 7 Keneba  GAMBIA       18-21 months 203984.   153   1893      1
 8 Keneba  GAMBIA       21-24 months 198056.   145   1789      1
 9 MAL-ED  SOUTH AFRICA 0-3 months    15860     29    312      1
10 MAL-ED  SOUTH AFRICA 3-6 months    22070      7    271      1
# … with 22 more rows
`summarise()` ungrouping output (override with `.groups` argument)
# A tibble: 9 x 4
  agecat       inc.case    ptar cruderate
  <fct>           <dbl>   <dbl>     <dbl>
1 0-3 months        983 150804.  0.00652 
2 3-6 months        281 225507   0.00125 
3 6-9 months        235 227649   0.00103 
4 9-12 months       318 237878   0.00134 
5 12-15 months      268 216066.  0.00124 
6 15-18 months      212 207490   0.00102 
7 18-21 months      189 201454.  0.000938
8 21-24 months      164 205059   0.000800
9 <NA>              358 886815   0.000404
`summarise()` regrouping output by 'studyid', 'country' (override with `.groups` argument)
# A tibble: 78 x 7
# Groups:   studyid, country [10]
   studyid           country    agecat         ptar ncase nchild nstudy
   <chr>             <chr>      <fct>         <dbl> <dbl>  <int>  <int>
 1 CMC-V-BCS-2002    INDIA      0-3 months   17142.   155    362      1
 2 CMC-V-BCS-2002    INDIA      3-6 months   22598.    46    366      1
 3 CMC-V-BCS-2002    INDIA      6-9 months   26650.    35    371      1
 4 CMC-V-BCS-2002    INDIA      9-12 months  28104.    31    370      1
 5 CMC-V-BCS-2002    INDIA      12-15 months 28862.    19    371      1
 6 CMC-V-BCS-2002    INDIA      15-18 months 29272     15    371      1
 7 CMC-V-BCS-2002    INDIA      18-21 months 29886.    13    372      1
 8 CMC-V-BCS-2002    INDIA      21-24 months 31252     10    371      1
 9 CMIN Bangladesh93 BANGLADESH 0-3 months   13480.    28    264      1
10 CMIN Bangladesh93 BANGLADESH 3-6 months   21579     24    259      1
# … with 68 more rows
`summarise()` ungrouping output (override with `.groups` argument)
# A tibble: 9 x 4
  agecat       inc.case    ptar cruderate
  <fct>           <dbl>   <dbl>     <dbl>
1 0-3 months         30  65208. 0.000460 
2 3-6 months         19 142318  0.000134 
3 6-9 months         14 127150. 0.000110 
4 9-12 months        21 113104. 0.000186 
5 12-15 months       11  95806  0.000115 
6 15-18 months       11  81115  0.000136 
7 18-21 months        7  73532  0.0000952
8 21-24 months        8  68045  0.000118 
9 <NA>               10 273339  0.0000366
`summarise()` regrouping output by 'studyid', 'country' (override with `.groups` argument)
# A tibble: 45 x 7
# Groups:   studyid, country [6]
   studyid     country agecat         ptar ncase nchild nstudy
   <chr>       <chr>   <fct>         <dbl> <dbl>  <int>  <int>
 1 CMIN Peru89 PERU    0-3 months    9217      3    182      1
 2 CMIN Peru89 PERU    3-6 months   19938.     1    205      1
 3 CMIN Peru89 PERU    6-9 months   17078      2    191      1
 4 CMIN Peru89 PERU    9-12 months  15580      0    173      1
 5 CMIN Peru89 PERU    12-15 months 13062.     0    146      1
 6 CMIN Peru89 PERU    15-18 months 10158      1    113      1
 7 CMIN Peru89 PERU    18-21 months  7992      0     85      1
 8 CMIN Peru89 PERU    21-24 months  4759      0     54      1
 9 CMIN Peru95 PERU    0-3 months   11626.     3    220      1
10 CMIN Peru95 PERU    3-6 months   20830.     2    222      1
# … with 35 more rows
There were 24 warnings (use warnings() to see them)
> ir.country <- d3 %>% group_by(region, country) %>% do(summary.ir(.)$ir.res) 
`summarise()` ungrouping output (override with `.groups` argument)
# A tibble: 9 x 4
  agecat       inc.case    ptar cruderate
  <fct>           <dbl>   <dbl>     <dbl>
1 0-3 months        552 111004.  0.00497 
2 3-6 months        172 174783   0.000984
3 6-9 months        259 196108   0.00132 
4 9-12 months       230 159892.  0.00144 
5 12-15 months      164 147266.  0.00111 
6 15-18 months      153 181008.  0.000845
7 18-21 months      153 203984.  0.000750
8 21-24 months      145 198056.  0.000732
9 <NA>              136 166442.  0.000817
`summarise()` regrouping output by 'studyid', 'country' (override with `.groups` argument)
# A tibble: 8 x 7
# Groups:   studyid, country [1]
  studyid country agecat          ptar ncase nchild nstudy
  <chr>   <chr>   <fct>          <dbl> <dbl>  <int>  <int>
1 Keneba  GAMBIA  0-3 months   111004.   552   2295      1
2 Keneba  GAMBIA  3-6 months   174783    172   2266      1
3 Keneba  GAMBIA  6-9 months   196108    259   2220      1
4 Keneba  GAMBIA  9-12 months  159892.   230   2129      1
5 Keneba  GAMBIA  12-15 months 147266.   164   1924      1
6 Keneba  GAMBIA  15-18 months 181008.   153   1892      1
7 Keneba  GAMBIA  18-21 months 203984.   153   1893      1
8 Keneba  GAMBIA  21-24 months 198056.   145   1789      1
`summarise()` ungrouping output (override with `.groups` argument)
# A tibble: 9 x 4
  agecat       inc.case    ptar cruderate
  <fct>           <dbl>   <dbl>     <dbl>
1 0-3 months         29  15860   0.00183 
2 3-6 months          7  22070   0.000317
3 6-9 months          8  22168.  0.000361
4 9-12 months        15  22726.  0.000660
5 12-15 months       12  21882.  0.000548
6 15-18 months        6  20642.  0.000291
7 18-21 months        3  20760   0.000145
8 21-24 months        7  22076.  0.000317
9 <NA>               25 200511   0.000125
`summarise()` regrouping output by 'studyid', 'country' (override with `.groups` argument)
# A tibble: 8 x 7
# Groups:   studyid, country [1]
  studyid country      agecat         ptar ncase nchild nstudy
  <chr>   <chr>        <fct>         <dbl> <dbl>  <int>  <int>
1 MAL-ED  SOUTH AFRICA 0-3 months   15860     29    312      1
2 MAL-ED  SOUTH AFRICA 3-6 months   22070      7    271      1
3 MAL-ED  SOUTH AFRICA 6-9 months   22168.     8    257      1
4 MAL-ED  SOUTH AFRICA 9-12 months  22726.    15    254      1
5 MAL-ED  SOUTH AFRICA 12-15 months 21882.    12    253      1
6 MAL-ED  SOUTH AFRICA 15-18 months 20642.     6    246      1
7 MAL-ED  SOUTH AFRICA 18-21 months 20760      3    242      1
8 MAL-ED  SOUTH AFRICA 21-24 months 22076.     7    241      1
`summarise()` ungrouping output (override with `.groups` argument)
# A tibble: 9 x 4
  agecat       inc.case    ptar cruderate
  <fct>           <dbl>   <dbl>     <dbl>
1 0-3 months        201 139824   0.00144 
2 3-6 months        153 211088.  0.000725
3 6-9 months        127 181654.  0.000699
4 9-12 months        99 149998   0.000660
5 12-15 months       81 125995   0.000643
6 15-18 months       69 126094   0.000547
7 18-21 months       29  63752.  0.000455
8 21-24 months        5  24915   0.000201
9 <NA>               19 175848.  0.000108
`summarise()` regrouping output by 'studyid', 'country' (override with `.groups` argument)
# A tibble: 16 x 7
# Groups:   studyid, country [2]
   studyid       country                  agecat        ptar ncase nchild nstudy
   <chr>         <chr>                    <fct>        <dbl> <dbl>  <int>  <int>
 1 MAL-ED        TANZANIA, UNITED REPUBL… 0-3 months  1.61e4     7    261      1
 2 MAL-ED        TANZANIA, UNITED REPUBL… 3-6 months  2.19e4     7    253      1
 3 MAL-ED        TANZANIA, UNITED REPUBL… 6-9 months  2.09e4     6    245      1
 4 MAL-ED        TANZANIA, UNITED REPUBL… 9-12 months 2.23e4    10    238      1
 5 MAL-ED        TANZANIA, UNITED REPUBL… 12-15 mont… 1.90e4     6    233      1
 6 MAL-ED        TANZANIA, UNITED REPUBL… 15-18 mont… 2.01e4     5    232      1
 7 MAL-ED        TANZANIA, UNITED REPUBL… 18-21 mont… 1.97e4     5    227      1
 8 MAL-ED        TANZANIA, UNITED REPUBL… 21-24 mont… 2.05e4     5    219      1
 9 TanzaniaChil… TANZANIA, UNITED REPUBL… 0-3 months  1.24e5   194   2391      1
10 TanzaniaChil… TANZANIA, UNITED REPUBL… 3-6 months  1.89e5   146   2234      1
11 TanzaniaChil… TANZANIA, UNITED REPUBL… 6-9 months  1.61e5   121   1956      1
12 TanzaniaChil… TANZANIA, UNITED REPUBL… 9-12 months 1.28e5    89   1722      1
13 TanzaniaChil… TANZANIA, UNITED REPUBL… 12-15 mont… 1.07e5    75   1385      1
14 TanzaniaChil… TANZANIA, UNITED REPUBL… 15-18 mont… 1.06e5    64   1185      1
15 TanzaniaChil… TANZANIA, UNITED REPUBL… 18-21 mont… 4.40e4    24    927      1
16 TanzaniaChil… TANZANIA, UNITED REPUBL… 21-24 mont… 4.41e3     0     36      1
`summarise()` ungrouping output (override with `.groups` argument)
# A tibble: 9 x 4
  agecat       inc.case    ptar cruderate
  <fct>           <dbl>   <dbl>     <dbl>
1 0-3 months         81  25986   0.00312 
2 3-6 months         34  41352.  0.000822
3 6-9 months         31  40330.  0.000769
4 9-12 months        43  40832   0.00105 
5 12-15 months       32  37366.  0.000856
6 15-18 months       36  35704   0.00101 
7 18-21 months       33  35594   0.000927
8 21-24 months       24  36104.  0.000665
9 <NA>               36 199616.  0.000180
`summarise()` regrouping output by 'studyid', 'country' (override with `.groups` argument)
# A tibble: 16 x 7
# Groups:   studyid, country [2]
   studyid           country    agecat         ptar ncase nchild nstudy
   <chr>             <chr>      <fct>         <dbl> <dbl>  <int>  <int>
 1 CMIN Bangladesh93 BANGLADESH 0-3 months   13480.    28    264      1
 2 CMIN Bangladesh93 BANGLADESH 3-6 months   21579     24    259      1
 3 CMIN Bangladesh93 BANGLADESH 6-9 months   20443     25    252      1
 4 CMIN Bangladesh93 BANGLADESH 9-12 months  20046.    31    250      1
 5 CMIN Bangladesh93 BANGLADESH 12-15 months 18137     19    249      1
 6 CMIN Bangladesh93 BANGLADESH 15-18 months 18670     24    247      1
 7 CMIN Bangladesh93 BANGLADESH 18-21 months 18452.    21    245      1
 8 CMIN Bangladesh93 BANGLADESH 21-24 months 18771     18    243      1
 9 MAL-ED            BANGLADESH 0-3 months   12506.    53    263      1
10 MAL-ED            BANGLADESH 3-6 months   19772.    10    246      1
11 MAL-ED            BANGLADESH 6-9 months   19886.     6    239      1
12 MAL-ED            BANGLADESH 9-12 months  20786.    12    234      1
13 MAL-ED            BANGLADESH 12-15 months 19228.    13    231      1
14 MAL-ED            BANGLADESH 15-18 months 17034     12    224      1
15 MAL-ED            BANGLADESH 18-21 months 17142.    12    219      1
16 MAL-ED            BANGLADESH 21-24 months 17332.     6    214      1
`summarise()` ungrouping output (override with `.groups` argument)
# A tibble: 9 x 4
  agecat       inc.case    ptar cruderate
  <fct>           <dbl>   <dbl>     <dbl>
1 0-3 months        471  50002.  0.00942 
2 3-6 months        127  80126.  0.00159 
3 6-9 months         96  84220.  0.00114 
4 9-12 months       107  89902.  0.00119 
5 12-15 months       83  84410.  0.000983
6 15-18 months       74  85364.  0.000867
7 18-21 months       62  87638.  0.000707
8 21-24 months       48  97810   0.000491
9 <NA>              289 544134.  0.000531
`summarise()` regrouping output by 'studyid', 'country' (override with `.groups` argument)
# A tibble: 32 x 7
# Groups:   studyid, country [4]
   studyid        country agecat         ptar ncase nchild nstudy
   <chr>          <chr>   <fct>         <dbl> <dbl>  <int>  <int>
 1 CMC-V-BCS-2002 INDIA   0-3 months   17142.   155    362      1
 2 CMC-V-BCS-2002 INDIA   3-6 months   22598.    46    366      1
 3 CMC-V-BCS-2002 INDIA   6-9 months   26650.    35    371      1
 4 CMC-V-BCS-2002 INDIA   9-12 months  28104.    31    370      1
 5 CMC-V-BCS-2002 INDIA   12-15 months 28862.    19    371      1
 6 CMC-V-BCS-2002 INDIA   15-18 months 29272     15    371      1
 7 CMC-V-BCS-2002 INDIA   18-21 months 29886.    13    372      1
 8 CMC-V-BCS-2002 INDIA   21-24 months 31252     10    371      1
 9 IRC            INDIA   0-3 months   16110.   193    408      1
10 IRC            INDIA   3-6 months   26776     47    407      1
# … with 22 more rows
`summarise()` ungrouping output (override with `.groups` argument)
# A tibble: 9 x 4
  agecat       inc.case    ptar cruderate
  <fct>           <dbl>   <dbl>     <dbl>
1 0-3 months        268  42496.  0.00631 
2 3-6 months         43  57587   0.000747
3 6-9 months         64  62198   0.00103 
4 9-12 months       102  59448.  0.00172 
5 12-15 months       80  56212.  0.00142 
6 15-18 months       45  57338.  0.000785
7 18-21 months       60  55182   0.00109 
8 21-24 months       79  54922.  0.00144 
9 <NA>               32 140611   0.000228
`summarise()` regrouping output by 'studyid', 'country' (override with `.groups` argument)
# A tibble: 16 x 7
# Groups:   studyid, country [2]
   studyid   country agecat         ptar ncase nchild nstudy
   <chr>     <chr>   <fct>         <dbl> <dbl>  <int>  <int>
 1 GMS-Nepal NEPAL   0-3 months   28694.   229    686      1
 2 GMS-Nepal NEPAL   3-6 months   39155     34    567      1
 3 GMS-Nepal NEPAL   6-9 months   41980.    62    570      1
 4 GMS-Nepal NEPAL   9-12 months  37350.    93    561      1
 5 GMS-Nepal NEPAL   12-15 months 38132.    72    564      1
 6 GMS-Nepal NEPAL   15-18 months 37439     34    559      1
 7 GMS-Nepal NEPAL   18-21 months 36213     50    554      1
 8 GMS-Nepal NEPAL   21-24 months 33192.    69    545      1
 9 MAL-ED    NEPAL   0-3 months   13801     39    240      1
10 MAL-ED    NEPAL   3-6 months   18432      9    238      1
11 MAL-ED    NEPAL   6-9 months   20218.     2    235      1
12 MAL-ED    NEPAL   9-12 months  22098      9    231      1
13 MAL-ED    NEPAL   12-15 months 18080      8    231      1
14 MAL-ED    NEPAL   15-18 months 19898.    11    231      1
15 MAL-ED    NEPAL   18-21 months 18969     10    229      1
16 MAL-ED    NEPAL   21-24 months 21730     10    229      1
`summarise()` ungrouping output (override with `.groups` argument)
# A tibble: 9 x 4
  agecat       inc.case   ptar cruderate
  <fct>           <dbl>  <dbl>     <dbl>
1 0-3 months        163 32320.  0.00504 
2 3-6 months         77 46443   0.00166 
3 6-9 months         44 40901   0.00108 
4 9-12 months        66 47695   0.00138 
5 12-15 months       73 38078   0.00192 
6 15-18 months       57 29085   0.00196 
7 18-21 months       34 23039   0.00148 
8 21-24 months       13 16224   0.000801
9 <NA>                1  2453   0.000408
`summarise()` regrouping output by 'studyid', 'country' (override with `.groups` argument)
# A tibble: 14 x 7
# Groups:   studyid, country [2]
   studyid country  agecat         ptar ncase nchild nstudy
   <chr>   <chr>    <fct>         <dbl> <dbl>  <int>  <int>
 1 EE      PAKISTAN 0-3 months   19698.    82    378      1
 2 EE      PAKISTAN 3-6 months   28292.    45    374      1
 3 EE      PAKISTAN 6-9 months   23638     31    374      1
 4 EE      PAKISTAN 9-12 months  31856.    31    370      1
 5 EE      PAKISTAN 12-15 months 27239     38    364      1
 6 EE      PAKISTAN 15-18 months 25514.    49    356      1
 7 EE      PAKISTAN 18-21 months 23039     34    350      1
 8 EE      PAKISTAN 21-24 months 16224     13    300      1
 9 ResPak  PAKISTAN 0-3 months   12621     81    280      1
10 ResPak  PAKISTAN 3-6 months   18150.    32    258      1
11 ResPak  PAKISTAN 6-9 months   17263     13    231      1
12 ResPak  PAKISTAN 9-12 months  15840.    35    211      1
13 ResPak  PAKISTAN 12-15 months 10839     35    188      1
14 ResPak  PAKISTAN 15-18 months  3572.     8    111      1
`summarise()` ungrouping output (override with `.groups` argument)
# A tibble: 9 x 4
  agecat       inc.case    ptar cruderate
  <fct>           <dbl>   <dbl>     <dbl>
1 0-3 months         14  12233  0.00114  
2 3-6 months          1  18850. 0.0000530
3 6-9 months          1  17728. 0.0000564
4 9-12 months         2  17838  0.000112 
5 12-15 months        1  16956. 0.0000590
6 15-18 months        1  16346  0.0000612
7 18-21 months        2  15266. 0.000131 
8 21-24 months        2  15076. 0.000133 
9 <NA>                8 152908. 0.0000523
`summarise()` regrouping output by 'studyid', 'country' (override with `.groups` argument)
# A tibble: 8 x 7
# Groups:   studyid, country [1]
  studyid country agecat         ptar ncase nchild nstudy
  <chr>   <chr>   <fct>         <dbl> <dbl>  <int>  <int>
1 MAL-ED  BRAZIL  0-3 months   12233     14    233      1
2 MAL-ED  BRAZIL  3-6 months   18850.     1    218      1
3 MAL-ED  BRAZIL  6-9 months   17728.     1    207      1
4 MAL-ED  BRAZIL  9-12 months  17838      2    198      1
5 MAL-ED  BRAZIL  12-15 months 16956.     1    194      1
6 MAL-ED  BRAZIL  15-18 months 16346      1    184      1
7 MAL-ED  BRAZIL  18-21 months 15266.     2    176      1
8 MAL-ED  BRAZIL  21-24 months 15076.     2    169      1
`summarise()` ungrouping output (override with `.groups` argument)
# A tibble: 5 x 4
  agecat       inc.case   ptar cruderate
  <fct>           <dbl>  <dbl>     <dbl>
1 3-6 months         10 39983   0.000250
2 6-9 months          9 28850.  0.000312
3 9-12 months        13 18521   0.000702
4 12-15 months        6 13994.  0.000429
5 15-18 months        0  1863   0       
`summarise()` regrouping output by 'studyid', 'country' (override with `.groups` argument)
# A tibble: 5 x 7
# Groups:   studyid, country [1]
  studyid       country   agecat         ptar ncase nchild nstudy
  <chr>         <chr>     <fct>         <dbl> <dbl>  <int>  <int>
1 Guatemala BSC GUATEMALA 3-6 months   39983     10    295      1
2 Guatemala BSC GUATEMALA 6-9 months   28850.     9    277      1
3 Guatemala BSC GUATEMALA 9-12 months  18521     13    216      1
4 Guatemala BSC GUATEMALA 12-15 months 13994.     6    186      1
5 Guatemala BSC GUATEMALA 15-18 months  1863      0     56      1
`summarise()` ungrouping output (override with `.groups` argument)
# A tibble: 9 x 4
  agecat       inc.case    ptar cruderate
  <fct>           <dbl>   <dbl>     <dbl>
1 0-3 months         16  52976. 0.000302 
2 3-6 months          8  83484. 0.0000958
3 6-9 months          4  80572. 0.0000496
4 9-12 months         6  76746. 0.0000782
5 12-15 months        4  64855  0.0000617
6 15-18 months       10  62906  0.000159 
7 18-21 months        5  58266. 0.0000858
8 21-24 months        6  52968. 0.000113 
9 <NA>                2 120432. 0.0000166
`summarise()` regrouping output by 'studyid', 'country' (override with `.groups` argument)
# A tibble: 32 x 7
# Groups:   studyid, country [4]
   studyid     country agecat         ptar ncase nchild nstudy
   <chr>       <chr>   <fct>         <dbl> <dbl>  <int>  <int>
 1 CMIN Peru89 PERU    0-3 months    9217      3    182      1
 2 CMIN Peru89 PERU    3-6 months   19938.     1    205      1
 3 CMIN Peru89 PERU    6-9 months   17078      2    191      1
 4 CMIN Peru89 PERU    9-12 months  15580      0    173      1
 5 CMIN Peru89 PERU    12-15 months 13062.     0    146      1
 6 CMIN Peru89 PERU    15-18 months 10158      1    113      1
 7 CMIN Peru89 PERU    18-21 months  7992      0     85      1
 8 CMIN Peru89 PERU    21-24 months  4759      0     54      1
 9 CMIN Peru95 PERU    0-3 months   11626.     3    220      1
10 CMIN Peru95 PERU    3-6 months   20830.     2    222      1
# … with 22 more rows
There were 50 or more warnings (use warnings() to see the first 50)
> ir.cohort <-
+   ir.data$ir.cohort %>% subset(., select = c(cohort, agecat,  yi,  ci.lb,  ci.ub)) %>%
+   rename(est = yi,  lb = ci.lb,  ub = ci.ub)
> 
> ir3 <- bind_rows(
+   data.frame(cohort = "pooled", region = "Overall", ir.data$ir.res),
+   data.frame(cohort = "pooled", ir.country),
+   data.frame(cohort = "pooled", ir.region),
+   ir.cohort
+ )
> 
> #Incidence rate - no birth wasting
> d_noBW <- calc.ci.agecat(d_noBW, range = 3)
> ir.data.nobirth <- summary.ir(d_noBW)
`summarise()` ungrouping output (override with `.groups` argument)
# A tibble: 9 x 4
  agecat       inc.case     ptar cruderate
  <fct>           <dbl>    <dbl>     <dbl>
1 0-3 months        571  473650   0.00121 
2 3-6 months        613  774524.  0.000791
3 6-9 months        630  753176.  0.000836
4 9-12 months       675  682298.  0.000989
5 12-15 months      526  604960.  0.000869
6 15-18 months      440  613602   0.000717
7 18-21 months      379  562908.  0.000673
8 21-24 months      321  515424.  0.000623
9 <NA>              541 1700310.  0.000318
`summarise()` regrouping output by 'studyid', 'country' (override with `.groups` argument)
# A tibble: 155 x 7
# Groups:   studyid, country [20]
   studyid           country    agecat         ptar ncase nchild nstudy
   <chr>             <chr>      <fct>         <dbl> <dbl>  <int>  <int>
 1 CMC-V-BCS-2002    INDIA      0-3 months   15792.    66    362      1
 2 CMC-V-BCS-2002    INDIA      3-6 months   22496     44    366      1
 3 CMC-V-BCS-2002    INDIA      6-9 months   26650.    35    371      1
 4 CMC-V-BCS-2002    INDIA      9-12 months  28104.    31    370      1
 5 CMC-V-BCS-2002    INDIA      12-15 months 28862.    19    371      1
 6 CMC-V-BCS-2002    INDIA      15-18 months 29272     15    371      1
 7 CMC-V-BCS-2002    INDIA      18-21 months 29886.    13    372      1
 8 CMC-V-BCS-2002    INDIA      21-24 months 31252     10    371      1
 9 CMIN Bangladesh93 BANGLADESH 0-3 months   13237      9    264      1
10 CMIN Bangladesh93 BANGLADESH 3-6 months   21529     23    259      1
# … with 145 more rows
Warning messages:
1: Extra argument ('method') disregarded. 
2: Extra argument ('method') disregarded. 
3: Extra argument ('method') disregarded. 
4: Extra argument ('method') disregarded. 
5: Extra argument ('method') disregarded. 
6: Extra argument ('method') disregarded. 
7: Extra argument ('method') disregarded. 
8: Extra argument ('method') disregarded. 
> ir.region.nobirth <- d_noBW %>% group_by(region) %>% do(summary.ir(.)$ir.res)
`summarise()` ungrouping output (override with `.groups` argument)
# A tibble: 9 x 4
  agecat       inc.case    ptar cruderate
  <fct>           <dbl>   <dbl>     <dbl>
1 0-3 months        189 262320.  0.000720
2 3-6 months        323 407329   0.000793
3 6-9 months        382 398478.  0.000959
4 9-12 months       336 331315   0.00101 
5 12-15 months      247 293088   0.000843
6 15-18 months      217 324997   0.000668
7 18-21 months      183 287923   0.000636
8 21-24 months      149 242320.  0.000615
9 <NA>              173 540156.  0.000320
`summarise()` regrouping output by 'studyid', 'country' (override with `.groups` argument)
# A tibble: 32 x 7
# Groups:   studyid, country [4]
   studyid country      agecat          ptar ncase nchild nstudy
   <chr>   <chr>        <fct>          <dbl> <dbl>  <int>  <int>
 1 Keneba  GAMBIA       0-3 months   109652.   120   2295      1
 2 Keneba  GAMBIA       3-6 months   174172.   163   2266      1
 3 Keneba  GAMBIA       6-9 months   194656.   247   2220      1
 4 Keneba  GAMBIA       9-12 months  158590.   222   2129      1
 5 Keneba  GAMBIA       12-15 months 145210.   154   1924      1
 6 Keneba  GAMBIA       15-18 months 178260.   142   1892      1
 7 Keneba  GAMBIA       18-21 months 203412.   151   1893      1
 8 Keneba  GAMBIA       21-24 months 195329    137   1789      1
 9 MAL-ED  SOUTH AFRICA 0-3 months    15764      7    312      1
10 MAL-ED  SOUTH AFRICA 3-6 months    22070      7    271      1
# … with 22 more rows
`summarise()` ungrouping output (override with `.groups` argument)
# A tibble: 9 x 4
  agecat       inc.case    ptar cruderate
  <fct>           <dbl>   <dbl>     <dbl>
1 0-3 months        372 146273   0.00254 
2 3-6 months        276 225254   0.00123 
3 6-9 months        235 227649   0.00103 
4 9-12 months       318 237878   0.00134 
5 12-15 months      268 216066.  0.00124 
6 15-18 months      212 207490   0.00102 
7 18-21 months      189 201454.  0.000938
8 21-24 months      164 205059   0.000800
9 <NA>              358 886815   0.000404
`summarise()` regrouping output by 'studyid', 'country' (override with `.groups` argument)
# A tibble: 78 x 7
# Groups:   studyid, country [10]
   studyid           country    agecat         ptar ncase nchild nstudy
   <chr>             <chr>      <fct>         <dbl> <dbl>  <int>  <int>
 1 CMC-V-BCS-2002    INDIA      0-3 months   15792.    66    362      1
 2 CMC-V-BCS-2002    INDIA      3-6 months   22496     44    366      1
 3 CMC-V-BCS-2002    INDIA      6-9 months   26650.    35    371      1
 4 CMC-V-BCS-2002    INDIA      9-12 months  28104.    31    370      1
 5 CMC-V-BCS-2002    INDIA      12-15 months 28862.    19    371      1
 6 CMC-V-BCS-2002    INDIA      15-18 months 29272     15    371      1
 7 CMC-V-BCS-2002    INDIA      18-21 months 29886.    13    372      1
 8 CMC-V-BCS-2002    INDIA      21-24 months 31252     10    371      1
 9 CMIN Bangladesh93 BANGLADESH 0-3 months   13237      9    264      1
10 CMIN Bangladesh93 BANGLADESH 3-6 months   21529     23    259      1
# … with 68 more rows
`summarise()` ungrouping output (override with `.groups` argument)
# A tibble: 9 x 4
  agecat       inc.case    ptar cruderate
  <fct>           <dbl>   <dbl>     <dbl>
1 0-3 months         10  65058. 0.000154 
2 3-6 months         14 141942. 0.0000986
3 6-9 months         13 127049  0.000102 
4 9-12 months        21 113104. 0.000186 
5 12-15 months       11  95806  0.000115 
6 15-18 months       11  81115  0.000136 
7 18-21 months        7  73532  0.0000952
8 21-24 months        8  68045  0.000118 
9 <NA>               10 273339  0.0000366
`summarise()` regrouping output by 'studyid', 'country' (override with `.groups` argument)
# A tibble: 45 x 7
# Groups:   studyid, country [6]
   studyid     country agecat         ptar ncase nchild nstudy
   <chr>       <chr>   <fct>         <dbl> <dbl>  <int>  <int>
 1 CMIN Peru89 PERU    0-3 months    9182.     0    182      1
 2 CMIN Peru89 PERU    3-6 months   19938.     1    205      1
 3 CMIN Peru89 PERU    6-9 months   17078      2    191      1
 4 CMIN Peru89 PERU    9-12 months  15580      0    173      1
 5 CMIN Peru89 PERU    12-15 months 13062.     0    146      1
 6 CMIN Peru89 PERU    15-18 months 10158      1    113      1
 7 CMIN Peru89 PERU    18-21 months  7992      0     85      1
 8 CMIN Peru89 PERU    21-24 months  4759      0     54      1
 9 CMIN Peru95 PERU    0-3 months   11570.     0    220      1
10 CMIN Peru95 PERU    3-6 months   20830.     2    222      1
# … with 35 more rows
There were 24 warnings (use warnings() to see them)
> ir.country.nobirth <- d_noBW %>% group_by(region, country) %>% do(summary.ir(.)$ir.res) 
`summarise()` ungrouping output (override with `.groups` argument)
# A tibble: 9 x 4
  agecat       inc.case    ptar cruderate
  <fct>           <dbl>   <dbl>     <dbl>
1 0-3 months        120 109652.  0.00109 
2 3-6 months        163 174172.  0.000936
3 6-9 months        247 194656.  0.00127 
4 9-12 months       222 158590.  0.00140 
5 12-15 months      154 145210.  0.00106 
6 15-18 months      142 178260.  0.000797
7 18-21 months      151 203412.  0.000742
8 21-24 months      137 195329   0.000701
9 <NA>              129 163797   0.000788
`summarise()` regrouping output by 'studyid', 'country' (override with `.groups` argument)
# A tibble: 8 x 7
# Groups:   studyid, country [1]
  studyid country agecat          ptar ncase nchild nstudy
  <chr>   <chr>   <fct>          <dbl> <dbl>  <int>  <int>
1 Keneba  GAMBIA  0-3 months   109652.   120   2295      1
2 Keneba  GAMBIA  3-6 months   174172.   163   2266      1
3 Keneba  GAMBIA  6-9 months   194656.   247   2220      1
4 Keneba  GAMBIA  9-12 months  158590.   222   2129      1
5 Keneba  GAMBIA  12-15 months 145210.   154   1924      1
6 Keneba  GAMBIA  15-18 months 178260.   142   1892      1
7 Keneba  GAMBIA  18-21 months 203412.   151   1893      1
8 Keneba  GAMBIA  21-24 months 195329    137   1789      1
`summarise()` ungrouping output (override with `.groups` argument)
# A tibble: 9 x 4
  agecat       inc.case    ptar cruderate
  <fct>           <dbl>   <dbl>     <dbl>
1 0-3 months          7  15764   0.000444
2 3-6 months          7  22070   0.000317
3 6-9 months          8  22168.  0.000361
4 9-12 months        15  22726.  0.000660
5 12-15 months       12  21882.  0.000548
6 15-18 months        6  20642.  0.000291
7 18-21 months        3  20760   0.000145
8 21-24 months        7  22076.  0.000317
9 <NA>               25 200511   0.000125
`summarise()` regrouping output by 'studyid', 'country' (override with `.groups` argument)
# A tibble: 8 x 7
# Groups:   studyid, country [1]
  studyid country      agecat         ptar ncase nchild nstudy
  <chr>   <chr>        <fct>         <dbl> <dbl>  <int>  <int>
1 MAL-ED  SOUTH AFRICA 0-3 months   15764      7    312      1
2 MAL-ED  SOUTH AFRICA 3-6 months   22070      7    271      1
3 MAL-ED  SOUTH AFRICA 6-9 months   22168.     8    257      1
4 MAL-ED  SOUTH AFRICA 9-12 months  22726.    15    254      1
5 MAL-ED  SOUTH AFRICA 12-15 months 21882.    12    253      1
6 MAL-ED  SOUTH AFRICA 15-18 months 20642.     6    246      1
7 MAL-ED  SOUTH AFRICA 18-21 months 20760      3    242      1
8 MAL-ED  SOUTH AFRICA 21-24 months 22076.     7    241      1
`summarise()` ungrouping output (override with `.groups` argument)
# A tibble: 9 x 4
  agecat       inc.case    ptar cruderate
  <fct>           <dbl>   <dbl>     <dbl>
1 0-3 months         62 136903   0.000453
2 3-6 months        153 211088.  0.000725
3 6-9 months        127 181654.  0.000699
4 9-12 months        99 149998   0.000660
5 12-15 months       81 125995   0.000643
6 15-18 months       69 126094   0.000547
7 18-21 months       29  63752.  0.000455
8 21-24 months        5  24915   0.000201
9 <NA>               19 175848.  0.000108
`summarise()` regrouping output by 'studyid', 'country' (override with `.groups` argument)
# A tibble: 16 x 7
# Groups:   studyid, country [2]
   studyid       country                  agecat        ptar ncase nchild nstudy
   <chr>         <chr>                    <fct>        <dbl> <dbl>  <int>  <int>
 1 MAL-ED        TANZANIA, UNITED REPUBL… 0-3 months  1.61e4     4    261      1
 2 MAL-ED        TANZANIA, UNITED REPUBL… 3-6 months  2.19e4     7    253      1
 3 MAL-ED        TANZANIA, UNITED REPUBL… 6-9 months  2.09e4     6    245      1
 4 MAL-ED        TANZANIA, UNITED REPUBL… 9-12 months 2.23e4    10    238      1
 5 MAL-ED        TANZANIA, UNITED REPUBL… 12-15 mont… 1.90e4     6    233      1
 6 MAL-ED        TANZANIA, UNITED REPUBL… 15-18 mont… 2.01e4     5    232      1
 7 MAL-ED        TANZANIA, UNITED REPUBL… 18-21 mont… 1.97e4     5    227      1
 8 MAL-ED        TANZANIA, UNITED REPUBL… 21-24 mont… 2.05e4     5    219      1
 9 TanzaniaChil… TANZANIA, UNITED REPUBL… 0-3 months  1.21e5    58   2391      1
10 TanzaniaChil… TANZANIA, UNITED REPUBL… 3-6 months  1.89e5   146   2234      1
11 TanzaniaChil… TANZANIA, UNITED REPUBL… 6-9 months  1.61e5   121   1956      1
12 TanzaniaChil… TANZANIA, UNITED REPUBL… 9-12 months 1.28e5    89   1722      1
13 TanzaniaChil… TANZANIA, UNITED REPUBL… 12-15 mont… 1.07e5    75   1385      1
14 TanzaniaChil… TANZANIA, UNITED REPUBL… 15-18 mont… 1.06e5    64   1185      1
15 TanzaniaChil… TANZANIA, UNITED REPUBL… 18-21 mont… 4.40e4    24    927      1
16 TanzaniaChil… TANZANIA, UNITED REPUBL… 21-24 mont… 4.41e3     0     36      1
`summarise()` ungrouping output (override with `.groups` argument)
# A tibble: 9 x 4
  agecat       inc.case    ptar cruderate
  <fct>           <dbl>   <dbl>     <dbl>
1 0-3 months         18  25606   0.000703
2 3-6 months         33  41302.  0.000799
3 6-9 months         31  40330.  0.000769
4 9-12 months        43  40832   0.00105 
5 12-15 months       32  37366.  0.000856
6 15-18 months       36  35704   0.00101 
7 18-21 months       33  35594   0.000927
8 21-24 months       24  36104.  0.000665
9 <NA>               36 199616.  0.000180
`summarise()` regrouping output by 'studyid', 'country' (override with `.groups` argument)
# A tibble: 16 x 7
# Groups:   studyid, country [2]
   studyid           country    agecat         ptar ncase nchild nstudy
   <chr>             <chr>      <fct>         <dbl> <dbl>  <int>  <int>
 1 CMIN Bangladesh93 BANGLADESH 0-3 months   13237      9    264      1
 2 CMIN Bangladesh93 BANGLADESH 3-6 months   21529     23    259      1
 3 CMIN Bangladesh93 BANGLADESH 6-9 months   20443     25    252      1
 4 CMIN Bangladesh93 BANGLADESH 9-12 months  20046.    31    250      1
 5 CMIN Bangladesh93 BANGLADESH 12-15 months 18137     19    249      1
 6 CMIN Bangladesh93 BANGLADESH 15-18 months 18670     24    247      1
 7 CMIN Bangladesh93 BANGLADESH 18-21 months 18452.    21    245      1
 8 CMIN Bangladesh93 BANGLADESH 21-24 months 18771     18    243      1
 9 MAL-ED            BANGLADESH 0-3 months   12369      9    263      1
10 MAL-ED            BANGLADESH 3-6 months   19772.    10    246      1
11 MAL-ED            BANGLADESH 6-9 months   19886.     6    239      1
12 MAL-ED            BANGLADESH 9-12 months  20786.    12    234      1
13 MAL-ED            BANGLADESH 12-15 months 19228.    13    231      1
14 MAL-ED            BANGLADESH 15-18 months 17034     12    224      1
15 MAL-ED            BANGLADESH 18-21 months 17142.    12    219      1
16 MAL-ED            BANGLADESH 21-24 months 17332.     6    214      1
`summarise()` ungrouping output (override with `.groups` argument)
# A tibble: 9 x 4
  agecat       inc.case    ptar cruderate
  <fct>           <dbl>   <dbl>     <dbl>
1 0-3 months        188  47275   0.00398 
2 3-6 months        123  79922.  0.00154 
3 6-9 months         96  84220.  0.00114 
4 9-12 months       107  89902.  0.00119 
5 12-15 months       83  84410.  0.000983
6 15-18 months       74  85364.  0.000867
7 18-21 months       62  87638.  0.000707
8 21-24 months       48  97810   0.000491
9 <NA>              289 544134.  0.000531
`summarise()` regrouping output by 'studyid', 'country' (override with `.groups` argument)
# A tibble: 32 x 7
# Groups:   studyid, country [4]
   studyid        country agecat         ptar ncase nchild nstudy
   <chr>          <chr>   <fct>         <dbl> <dbl>  <int>  <int>
 1 CMC-V-BCS-2002 INDIA   0-3 months   15792.    66    362      1
 2 CMC-V-BCS-2002 INDIA   3-6 months   22496     44    366      1
 3 CMC-V-BCS-2002 INDIA   6-9 months   26650.    35    371      1
 4 CMC-V-BCS-2002 INDIA   9-12 months  28104.    31    370      1
 5 CMC-V-BCS-2002 INDIA   12-15 months 28862.    19    371      1
 6 CMC-V-BCS-2002 INDIA   15-18 months 29272     15    371      1
 7 CMC-V-BCS-2002 INDIA   18-21 months 29886.    13    372      1
 8 CMC-V-BCS-2002 INDIA   21-24 months 31252     10    371      1
 9 IRC            INDIA   0-3 months   15774.    87    408      1
10 IRC            INDIA   3-6 months   26776     47    407      1
# … with 22 more rows
`summarise()` ungrouping output (override with `.groups` argument)
# A tibble: 9 x 4
  agecat       inc.case    ptar cruderate
  <fct>           <dbl>   <dbl>     <dbl>
1 0-3 months         97  41942.  0.00231 
2 3-6 months         43  57587   0.000747
3 6-9 months         64  62198   0.00103 
4 9-12 months       102  59448.  0.00172 
5 12-15 months       80  56212.  0.00142 
6 15-18 months       45  57338.  0.000785
7 18-21 months       60  55182   0.00109 
8 21-24 months       79  54922.  0.00144 
9 <NA>               32 140611   0.000228
`summarise()` regrouping output by 'studyid', 'country' (override with `.groups` argument)
# A tibble: 16 x 7
# Groups:   studyid, country [2]
   studyid   country agecat         ptar ncase nchild nstudy
   <chr>     <chr>   <fct>         <dbl> <dbl>  <int>  <int>
 1 GMS-Nepal NEPAL   0-3 months   28366     90    686      1
 2 GMS-Nepal NEPAL   3-6 months   39155     34    567      1
 3 GMS-Nepal NEPAL   6-9 months   41980.    62    570      1
 4 GMS-Nepal NEPAL   9-12 months  37350.    93    561      1
 5 GMS-Nepal NEPAL   12-15 months 38132.    72    564      1
 6 GMS-Nepal NEPAL   15-18 months 37439     34    559      1
 7 GMS-Nepal NEPAL   18-21 months 36213     50    554      1
 8 GMS-Nepal NEPAL   21-24 months 33192.    69    545      1
 9 MAL-ED    NEPAL   0-3 months   13576.     7    240      1
10 MAL-ED    NEPAL   3-6 months   18432      9    238      1
11 MAL-ED    NEPAL   6-9 months   20218.     2    235      1
12 MAL-ED    NEPAL   9-12 months  22098      9    231      1
13 MAL-ED    NEPAL   12-15 months 18080      8    231      1
14 MAL-ED    NEPAL   15-18 months 19898.    11    231      1
15 MAL-ED    NEPAL   18-21 months 18969     10    229      1
16 MAL-ED    NEPAL   21-24 months 21730     10    229      1
`summarise()` ungrouping output (override with `.groups` argument)
# A tibble: 9 x 4
  agecat       inc.case   ptar cruderate
  <fct>           <dbl>  <dbl>     <dbl>
1 0-3 months         69 31450.  0.00219 
2 3-6 months         77 46443   0.00166 
3 6-9 months         44 40901   0.00108 
4 9-12 months        66 47695   0.00138 
5 12-15 months       73 38078   0.00192 
6 15-18 months       57 29085   0.00196 
7 18-21 months       34 23039   0.00148 
8 21-24 months       13 16224   0.000801
9 <NA>                1  2453   0.000408
`summarise()` regrouping output by 'studyid', 'country' (override with `.groups` argument)
# A tibble: 14 x 7
# Groups:   studyid, country [2]
   studyid country  agecat         ptar ncase nchild nstudy
   <chr>   <chr>    <fct>         <dbl> <dbl>  <int>  <int>
 1 EE      PAKISTAN 0-3 months   19474.    38    378      1
 2 EE      PAKISTAN 3-6 months   28292.    45    374      1
 3 EE      PAKISTAN 6-9 months   23638     31    374      1
 4 EE      PAKISTAN 9-12 months  31856.    31    370      1
 5 EE      PAKISTAN 12-15 months 27239     38    364      1
 6 EE      PAKISTAN 15-18 months 25514.    49    356      1
 7 EE      PAKISTAN 18-21 months 23039     34    350      1
 8 EE      PAKISTAN 21-24 months 16224     13    300      1
 9 ResPak  PAKISTAN 0-3 months   11976     31    280      1
10 ResPak  PAKISTAN 3-6 months   18150.    32    258      1
11 ResPak  PAKISTAN 6-9 months   17263     13    231      1
12 ResPak  PAKISTAN 9-12 months  15840.    35    211      1
13 ResPak  PAKISTAN 12-15 months 10839     35    188      1
14 ResPak  PAKISTAN 15-18 months  3572.     8    111      1
`summarise()` ungrouping output (override with `.groups` argument)
# A tibble: 9 x 4
  agecat       inc.case    ptar cruderate
  <fct>           <dbl>   <dbl>     <dbl>
1 0-3 months          7  12200. 0.000574 
2 3-6 months          1  18850. 0.0000530
3 6-9 months          1  17728. 0.0000564
4 9-12 months         2  17838  0.000112 
5 12-15 months        1  16956. 0.0000590
6 15-18 months        1  16346  0.0000612
7 18-21 months        2  15266. 0.000131 
8 21-24 months        2  15076. 0.000133 
9 <NA>                8 152908. 0.0000523
`summarise()` regrouping output by 'studyid', 'country' (override with `.groups` argument)
# A tibble: 8 x 7
# Groups:   studyid, country [1]
  studyid country agecat         ptar ncase nchild nstudy
  <chr>   <chr>   <fct>         <dbl> <dbl>  <int>  <int>
1 MAL-ED  BRAZIL  0-3 months   12200.     7    233      1
2 MAL-ED  BRAZIL  3-6 months   18850.     1    218      1
3 MAL-ED  BRAZIL  6-9 months   17728.     1    207      1
4 MAL-ED  BRAZIL  9-12 months  17838      2    198      1
5 MAL-ED  BRAZIL  12-15 months 16956.     1    194      1
6 MAL-ED  BRAZIL  15-18 months 16346      1    184      1
7 MAL-ED  BRAZIL  18-21 months 15266.     2    176      1
8 MAL-ED  BRAZIL  21-24 months 15076.     2    169      1
`summarise()` ungrouping output (override with `.groups` argument)
# A tibble: 5 x 4
  agecat       inc.case   ptar cruderate
  <fct>           <dbl>  <dbl>     <dbl>
1 3-6 months          5 39606.  0.000126
2 6-9 months          8 28749   0.000278
3 9-12 months        13 18521   0.000702
4 12-15 months        6 13994.  0.000429
5 15-18 months        0  1863   0       
`summarise()` regrouping output by 'studyid', 'country' (override with `.groups` argument)
# A tibble: 5 x 7
# Groups:   studyid, country [1]
  studyid       country   agecat         ptar ncase nchild nstudy
  <chr>         <chr>     <fct>         <dbl> <dbl>  <int>  <int>
1 Guatemala BSC GUATEMALA 3-6 months   39606.     5    295      1
2 Guatemala BSC GUATEMALA 6-9 months   28749      8    277      1
3 Guatemala BSC GUATEMALA 9-12 months  18521     13    216      1
4 Guatemala BSC GUATEMALA 12-15 months 13994.     6    186      1
5 Guatemala BSC GUATEMALA 15-18 months  1863      0     56      1
`summarise()` ungrouping output (override with `.groups` argument)
# A tibble: 9 x 4
  agecat       inc.case    ptar cruderate
  <fct>           <dbl>   <dbl>     <dbl>
1 0-3 months          3  52857  0.0000568
2 3-6 months          8  83484. 0.0000958
3 6-9 months          4  80572. 0.0000496
4 9-12 months         6  76746. 0.0000782
5 12-15 months        4  64855  0.0000617
6 15-18 months       10  62906  0.000159 
7 18-21 months        5  58266. 0.0000858
8 21-24 months        6  52968. 0.000113 
9 <NA>                2 120432. 0.0000166
`summarise()` regrouping output by 'studyid', 'country' (override with `.groups` argument)
# A tibble: 32 x 7
# Groups:   studyid, country [4]
   studyid     country agecat         ptar ncase nchild nstudy
   <chr>       <chr>   <fct>         <dbl> <dbl>  <int>  <int>
 1 CMIN Peru89 PERU    0-3 months    9182.     0    182      1
 2 CMIN Peru89 PERU    3-6 months   19938.     1    205      1
 3 CMIN Peru89 PERU    6-9 months   17078      2    191      1
 4 CMIN Peru89 PERU    9-12 months  15580      0    173      1
 5 CMIN Peru89 PERU    12-15 months 13062.     0    146      1
 6 CMIN Peru89 PERU    15-18 months 10158      1    113      1
 7 CMIN Peru89 PERU    18-21 months  7992      0     85      1
 8 CMIN Peru89 PERU    21-24 months  4759      0     54      1
 9 CMIN Peru95 PERU    0-3 months   11570.     0    220      1
10 CMIN Peru95 PERU    3-6 months   20830.     2    222      1
# … with 22 more rows
There were 50 or more warnings (use warnings() to see the first 50)
> ir.cohort.nobirth <-
+   ir.data$ir.cohort %>% subset(., select = c(cohort, agecat,  yi,  ci.lb,  ci.ub)) %>%
+   rename(est = yi,  lb = ci.lb,  ub = ci.ub)
> 
> ir_noBW3 <- bind_rows(
+   data.frame(cohort = "pooled", region = "Overall", ir.data.nobirth$ir.res),
+   data.frame(cohort = "pooled", ir.country.nobirth),
+   data.frame(cohort = "pooled", ir.region.nobirth),
+   ir.cohort.nobirth
+ )
> 
> 
> 
> #Duration
> df <- d %>% group_by(studyid, subjid, episode_id) %>% slice(1) %>% filter(!is.na(wasting_duration)) %>% filter(agedays < 30.6417 * 24)
> median(df$wasting_duration, na.rm=T)
[1] 42
> #Quantile CI's'
> sort(df$wasting_duration)[qbinom(c(.025,.975), length(df$wasting_duration), 0.5)]
[1] 38.5 43.5
> 
> #Recovery within 30, 60, 90 days
> #Overall
> df <- d %>% filter(agedays < 30.4617 * 24)
> df$agecat <- "0-24 months"
> overall.rec.data30 <- summary.rec60(df, length = 30)
`summarise()` regrouping output by 'studyid', 'country', 'agecat' (override with `.groups` argument)
`summarise()` regrouping output by 'studyid', 'country' (override with `.groups` argument)
Warning message:
Extra argument ('method') disregarded. 
> overall.rec.data60 <- summary.rec60(df, length = 60)
`summarise()` regrouping output by 'studyid', 'country', 'agecat' (override with `.groups` argument)
`summarise()` regrouping output by 'studyid', 'country' (override with `.groups` argument)
Warning message:
Extra argument ('method') disregarded. 
> overall.rec.data90 <- summary.rec60(df, length = 90)
`summarise()` regrouping output by 'studyid', 'country', 'agecat' (override with `.groups` argument)
`summarise()` regrouping output by 'studyid', 'country' (override with `.groups` argument)
Warning message:
Extra argument ('method') disregarded. 
> overall.rec.data30$ci.res
  nstudies nmeas      est        se      lb       ub               nmeas.f
1       20  3842 38.27122 0.1135339 33.1684 43.64639 N=3,842  measurements
      nstudy.f method.used      agecat ptest.f
1 N=20 studies        REML 0-24 months      38
> overall.rec.data60$ci.res
  nstudies nmeas      est        se      lb       ub               nmeas.f
1       20  3842 65.22902 0.1246014 59.5055 70.54402 N=3,842  measurements
      nstudy.f method.used      agecat ptest.f
1 N=20 studies        REML 0-24 months      65
> overall.rec.data90$ci.res
  nstudies nmeas      est        se       lb       ub               nmeas.f
1       20  3842 71.49201 0.1282125 66.10787 76.32711 N=3,842  measurements
      nstudy.f method.used      agecat ptest.f
1 N=20 studies        REML 0-24 months      71
> 
> #Age-strat
> d <- calc.ci.agecat(d, range = 6)
> rec.data30 <- summary.rec60( d, length = 30)
`summarise()` regrouping output by 'studyid', 'country', 'agecat' (override with `.groups` argument)
`summarise()` regrouping output by 'studyid', 'country' (override with `.groups` argument)
Warning messages:
1: Extra argument ('method') disregarded. 
2: Extra argument ('method') disregarded. 
3: Extra argument ('method') disregarded. 
4: Extra argument ('method') disregarded. 
> rec.data60 <- summary.rec60( d, length = 60)
`summarise()` regrouping output by 'studyid', 'country', 'agecat' (override with `.groups` argument)
`summarise()` regrouping output by 'studyid', 'country' (override with `.groups` argument)
Warning messages:
1: Extra argument ('method') disregarded. 
2: Extra argument ('method') disregarded. 
3: Extra argument ('method') disregarded. 
4: Extra argument ('method') disregarded. 
> rec.data90 <- summary.rec60( d, length = 90)
`summarise()` regrouping output by 'studyid', 'country', 'agecat' (override with `.groups` argument)
`summarise()` regrouping output by 'studyid', 'country' (override with `.groups` argument)
Warning messages:
1: Extra argument ('method') disregarded. 
2: Extra argument ('method') disregarded. 
3: Extra argument ('method') disregarded. 
4: Extra argument ('method') disregarded. 
> rec30.region <- d %>% group_by(region) %>% do(summary.rec60( ., length = 30)$ci.res)
`summarise()` regrouping output by 'studyid', 'country', 'agecat' (override with `.groups` argument)
`summarise()` regrouping output by 'studyid', 'country' (override with `.groups` argument)
`summarise()` regrouping output by 'studyid', 'country', 'agecat' (override with `.groups` argument)
`summarise()` regrouping output by 'studyid', 'country' (override with `.groups` argument)
`summarise()` regrouping output by 'studyid', 'country', 'agecat' (override with `.groups` argument)
`summarise()` regrouping output by 'studyid', 'country' (override with `.groups` argument)
There were 12 warnings (use warnings() to see them)
> rec60.region <- d %>% group_by(region) %>% do(summary.rec60( ., length = 60)$ci.res)
`summarise()` regrouping output by 'studyid', 'country', 'agecat' (override with `.groups` argument)
`summarise()` regrouping output by 'studyid', 'country' (override with `.groups` argument)
`summarise()` regrouping output by 'studyid', 'country', 'agecat' (override with `.groups` argument)
`summarise()` regrouping output by 'studyid', 'country' (override with `.groups` argument)
`summarise()` regrouping output by 'studyid', 'country', 'agecat' (override with `.groups` argument)
`summarise()` regrouping output by 'studyid', 'country' (override with `.groups` argument)
There were 12 warnings (use warnings() to see them)
> rec90.region <- d %>% group_by(region) %>% do(summary.rec60( ., length = 90)$ci.res)
`summarise()` regrouping output by 'studyid', 'country', 'agecat' (override with `.groups` argument)
`summarise()` regrouping output by 'studyid', 'country' (override with `.groups` argument)
`summarise()` regrouping output by 'studyid', 'country', 'agecat' (override with `.groups` argument)
`summarise()` regrouping output by 'studyid', 'country' (override with `.groups` argument)
`summarise()` regrouping output by 'studyid', 'country', 'agecat' (override with `.groups` argument)
`summarise()` regrouping output by 'studyid', 'country' (override with `.groups` argument)
There were 12 warnings (use warnings() to see them)
> rec30.country <- d %>% group_by(region, country) %>% do(summary.rec60( ., length = 30)$ci.res) 
`summarise()` regrouping output by 'studyid', 'country', 'agecat' (override with `.groups` argument)
`summarise()` regrouping output by 'studyid', 'country' (override with `.groups` argument)
`summarise()` regrouping output by 'studyid', 'country', 'agecat' (override with `.groups` argument)
`summarise()` regrouping output by 'studyid', 'country' (override with `.groups` argument)
`summarise()` regrouping output by 'studyid', 'country', 'agecat' (override with `.groups` argument)
`summarise()` regrouping output by 'studyid', 'country' (override with `.groups` argument)
`summarise()` regrouping output by 'studyid', 'country', 'agecat' (override with `.groups` argument)
`summarise()` regrouping output by 'studyid', 'country' (override with `.groups` argument)
`summarise()` regrouping output by 'studyid', 'country', 'agecat' (override with `.groups` argument)
`summarise()` regrouping output by 'studyid', 'country' (override with `.groups` argument)
`summarise()` regrouping output by 'studyid', 'country', 'agecat' (override with `.groups` argument)
`summarise()` regrouping output by 'studyid', 'country' (override with `.groups` argument)
`summarise()` regrouping output by 'studyid', 'country', 'agecat' (override with `.groups` argument)
`summarise()` regrouping output by 'studyid', 'country' (override with `.groups` argument)
`summarise()` regrouping output by 'studyid', 'country', 'agecat' (override with `.groups` argument)
`summarise()` regrouping output by 'studyid', 'country' (override with `.groups` argument)
`summarise()` regrouping output by 'studyid', 'country', 'agecat' (override with `.groups` argument)
`summarise()` regrouping output by 'studyid', 'country' (override with `.groups` argument)
`summarise()` regrouping output by 'studyid', 'country', 'agecat' (override with `.groups` argument)
`summarise()` regrouping output by 'studyid', 'country' (override with `.groups` argument)
There were 50 or more warnings (use warnings() to see the first 50)
> rec60.country <- d %>% group_by(region, country) %>% do(summary.rec60( ., length = 60)$ci.res) 
`summarise()` regrouping output by 'studyid', 'country', 'agecat' (override with `.groups` argument)
`summarise()` regrouping output by 'studyid', 'country' (override with `.groups` argument)
`summarise()` regrouping output by 'studyid', 'country', 'agecat' (override with `.groups` argument)
`summarise()` regrouping output by 'studyid', 'country' (override with `.groups` argument)
`summarise()` regrouping output by 'studyid', 'country', 'agecat' (override with `.groups` argument)
`summarise()` regrouping output by 'studyid', 'country' (override with `.groups` argument)
`summarise()` regrouping output by 'studyid', 'country', 'agecat' (override with `.groups` argument)
`summarise()` regrouping output by 'studyid', 'country' (override with `.groups` argument)
`summarise()` regrouping output by 'studyid', 'country', 'agecat' (override with `.groups` argument)
`summarise()` regrouping output by 'studyid', 'country' (override with `.groups` argument)
`summarise()` regrouping output by 'studyid', 'country', 'agecat' (override with `.groups` argument)
`summarise()` regrouping output by 'studyid', 'country' (override with `.groups` argument)
`summarise()` regrouping output by 'studyid', 'country', 'agecat' (override with `.groups` argument)
`summarise()` regrouping output by 'studyid', 'country' (override with `.groups` argument)
`summarise()` regrouping output by 'studyid', 'country', 'agecat' (override with `.groups` argument)
`summarise()` regrouping output by 'studyid', 'country' (override with `.groups` argument)
`summarise()` regrouping output by 'studyid', 'country', 'agecat' (override with `.groups` argument)
`summarise()` regrouping output by 'studyid', 'country' (override with `.groups` argument)
`summarise()` regrouping output by 'studyid', 'country', 'agecat' (override with `.groups` argument)
`summarise()` regrouping output by 'studyid', 'country' (override with `.groups` argument)
There were 50 or more warnings (use warnings() to see the first 50)
> rec90.country <- d %>% group_by(region, country) %>% do(summary.rec60( ., length = 90)$ci.res) 
`summarise()` regrouping output by 'studyid', 'country', 'agecat' (override with `.groups` argument)
`summarise()` regrouping output by 'studyid', 'country' (override with `.groups` argument)
`summarise()` regrouping output by 'studyid', 'country', 'agecat' (override with `.groups` argument)
`summarise()` regrouping output by 'studyid', 'country' (override with `.groups` argument)
`summarise()` regrouping output by 'studyid', 'country', 'agecat' (override with `.groups` argument)
`summarise()` regrouping output by 'studyid', 'country' (override with `.groups` argument)
`summarise()` regrouping output by 'studyid', 'country', 'agecat' (override with `.groups` argument)
`summarise()` regrouping output by 'studyid', 'country' (override with `.groups` argument)
`summarise()` regrouping output by 'studyid', 'country', 'agecat' (override with `.groups` argument)
`summarise()` regrouping output by 'studyid', 'country' (override with `.groups` argument)
`summarise()` regrouping output by 'studyid', 'country', 'agecat' (override with `.groups` argument)
`summarise()` regrouping output by 'studyid', 'country' (override with `.groups` argument)
`summarise()` regrouping output by 'studyid', 'country', 'agecat' (override with `.groups` argument)
`summarise()` regrouping output by 'studyid', 'country' (override with `.groups` argument)
`summarise()` regrouping output by 'studyid', 'country', 'agecat' (override with `.groups` argument)
`summarise()` regrouping output by 'studyid', 'country' (override with `.groups` argument)
`summarise()` regrouping output by 'studyid', 'country', 'agecat' (override with `.groups` argument)
`summarise()` regrouping output by 'studyid', 'country' (override with `.groups` argument)
`summarise()` regrouping output by 'studyid', 'country', 'agecat' (override with `.groups` argument)
`summarise()` regrouping output by 'studyid', 'country' (override with `.groups` argument)
There were 50 or more warnings (use warnings() to see the first 50)
> 
> rec30.cohort <-
+   rec.data30$ci.cohort %>% subset(., select = c(cohort, region, agecat,  yi,  ci.lb,  ci.ub)) %>%
+   rename(est = yi,  lb = ci.lb,  ub = ci.ub)
> rec60.cohort <-
+   rec.data60$ci.cohort %>% subset(., select = c(cohort, region, agecat,  yi,  ci.lb,  ci.ub)) %>%
+   rename(est = yi,  lb = ci.lb,  ub = ci.ub)
> rec90.cohort <-
+   rec.data90$ci.cohort %>% subset(., select = c(cohort, region, agecat,  yi,  ci.lb,  ci.ub)) %>%
+   rename(est = yi,  lb = ci.lb,  ub = ci.ub)
> 
> rec30<- bind_rows(
+   data.frame(cohort = "pooled", region = "Overall", rec.data30$ci.res),
+   data.frame(cohort = "pooled", rec30.country),
+   data.frame(cohort = "pooled", rec30.region),
+   rec30.cohort
+ )
> rec60<- bind_rows(
+   data.frame(cohort = "pooled", region = "Overall", rec.data60$ci.res),
+   data.frame(cohort = "pooled", rec60.country),
+   data.frame(cohort = "pooled", rec60.region),
+   rec60.cohort
+ )
> rec90<- bind_rows(
+   data.frame(cohort = "pooled", region = "Overall", rec.data90$ci.res),
+   data.frame(cohort = "pooled", rec90.country),
+   data.frame(cohort = "pooled", rec90.region),
+   rec90.cohort
+ )
> 
> #Persistant wasting
> perswast.data <- summary.perswast(d)
`summarise()` regrouping output by 'studyid', 'country', 'agecat' (override with `.groups` argument)
`summarise()` regrouping output by 'studyid', 'country' (override with `.groups` argument)
Warning messages:
1: Extra argument ('method') disregarded. 
2: Extra argument ('method') disregarded. 
3: Extra argument ('method') disregarded. 
4: Extra argument ('method') disregarded. 
> perswast.region <- d %>% group_by(region) %>% do(summary.perswast(.)$pers.res)
`summarise()` regrouping output by 'studyid', 'country', 'agecat' (override with `.groups` argument)
`summarise()` regrouping output by 'studyid', 'country' (override with `.groups` argument)
`summarise()` regrouping output by 'studyid', 'country', 'agecat' (override with `.groups` argument)
`summarise()` regrouping output by 'studyid', 'country' (override with `.groups` argument)
`summarise()` regrouping output by 'studyid', 'country', 'agecat' (override with `.groups` argument)
`summarise()` regrouping output by 'studyid', 'country' (override with `.groups` argument)
There were 12 warnings (use warnings() to see them)
> perswast.country <- d %>% group_by(region, country) %>% do(summary.perswast(.)$pers.res) 
`summarise()` regrouping output by 'studyid', 'country', 'agecat' (override with `.groups` argument)
`summarise()` regrouping output by 'studyid', 'country' (override with `.groups` argument)
`summarise()` regrouping output by 'studyid', 'country', 'agecat' (override with `.groups` argument)
`summarise()` regrouping output by 'studyid', 'country' (override with `.groups` argument)
`summarise()` regrouping output by 'studyid', 'country', 'agecat' (override with `.groups` argument)
`summarise()` regrouping output by 'studyid', 'country' (override with `.groups` argument)
`summarise()` regrouping output by 'studyid', 'country', 'agecat' (override with `.groups` argument)
`summarise()` regrouping output by 'studyid', 'country' (override with `.groups` argument)
`summarise()` regrouping output by 'studyid', 'country', 'agecat' (override with `.groups` argument)
`summarise()` regrouping output by 'studyid', 'country' (override with `.groups` argument)
`summarise()` regrouping output by 'studyid', 'country', 'agecat' (override with `.groups` argument)
`summarise()` regrouping output by 'studyid', 'country' (override with `.groups` argument)
`summarise()` regrouping output by 'studyid', 'country', 'agecat' (override with `.groups` argument)
`summarise()` regrouping output by 'studyid', 'country' (override with `.groups` argument)
`summarise()` regrouping output by 'studyid', 'country', 'agecat' (override with `.groups` argument)
`summarise()` regrouping output by 'studyid', 'country' (override with `.groups` argument)
`summarise()` regrouping output by 'studyid', 'country', 'agecat' (override with `.groups` argument)
`summarise()` regrouping output by 'studyid', 'country' (override with `.groups` argument)
`summarise()` regrouping output by 'studyid', 'country', 'agecat' (override with `.groups` argument)
`summarise()` regrouping output by 'studyid', 'country' (override with `.groups` argument)
There were 50 or more warnings (use warnings() to see the first 50)
> perswast.cohort <-
+   perswast.data$pers.cohort %>% subset(., select = c(cohort, region, agecat,  yi,  ci.lb,  ci.ub)) %>%
+   rename(est = yi,  lb = ci.lb,  ub = ci.ub)
> 
> perswast <- bind_rows(
+   data.frame(cohort = "pooled", region = "Overall", perswast.data$pers.res),
+   data.frame(cohort = "pooled", perswast.country),
+   data.frame(cohort = "pooled", perswast.region),
+   perswast.cohort
+ )
> 
> #0-24 month persistent wasting
> df<- d %>% mutate(agecat="0-24 months")
> perswast.data <- summary.perswast(df)
`summarise()` regrouping output by 'studyid', 'country', 'agecat' (override with `.groups` argument)
`summarise()` regrouping output by 'studyid', 'country' (override with `.groups` argument)
Warning message:
Extra argument ('method') disregarded. 
> perswast.region <- df %>% group_by(region) %>% do(summary.perswast(.)$pers.res)
`summarise()` regrouping output by 'studyid', 'country', 'agecat' (override with `.groups` argument)
`summarise()` regrouping output by 'studyid', 'country' (override with `.groups` argument)
`summarise()` regrouping output by 'studyid', 'country', 'agecat' (override with `.groups` argument)
`summarise()` regrouping output by 'studyid', 'country' (override with `.groups` argument)
`summarise()` regrouping output by 'studyid', 'country', 'agecat' (override with `.groups` argument)
`summarise()` regrouping output by 'studyid', 'country' (override with `.groups` argument)
Warning messages:
1: Extra argument ('method') disregarded. 
2: Extra argument ('method') disregarded. 
3: Extra argument ('method') disregarded. 
> perswast.country <- df %>% group_by(region, country) %>% do(summary.perswast(.)$pers.res) 
`summarise()` regrouping output by 'studyid', 'country', 'agecat' (override with `.groups` argument)
`summarise()` regrouping output by 'studyid', 'country' (override with `.groups` argument)
`summarise()` regrouping output by 'studyid', 'country', 'agecat' (override with `.groups` argument)
`summarise()` regrouping output by 'studyid', 'country' (override with `.groups` argument)
`summarise()` regrouping output by 'studyid', 'country', 'agecat' (override with `.groups` argument)
`summarise()` regrouping output by 'studyid', 'country' (override with `.groups` argument)
`summarise()` regrouping output by 'studyid', 'country', 'agecat' (override with `.groups` argument)
`summarise()` regrouping output by 'studyid', 'country' (override with `.groups` argument)
`summarise()` regrouping output by 'studyid', 'country', 'agecat' (override with `.groups` argument)
`summarise()` regrouping output by 'studyid', 'country' (override with `.groups` argument)
`summarise()` regrouping output by 'studyid', 'country', 'agecat' (override with `.groups` argument)
`summarise()` regrouping output by 'studyid', 'country' (override with `.groups` argument)
`summarise()` regrouping output by 'studyid', 'country', 'agecat' (override with `.groups` argument)
`summarise()` regrouping output by 'studyid', 'country' (override with `.groups` argument)
`summarise()` regrouping output by 'studyid', 'country', 'agecat' (override with `.groups` argument)
`summarise()` regrouping output by 'studyid', 'country' (override with `.groups` argument)
`summarise()` regrouping output by 'studyid', 'country', 'agecat' (override with `.groups` argument)
`summarise()` regrouping output by 'studyid', 'country' (override with `.groups` argument)
`summarise()` regrouping output by 'studyid', 'country', 'agecat' (override with `.groups` argument)
`summarise()` regrouping output by 'studyid', 'country' (override with `.groups` argument)
There were 14 warnings (use warnings() to see them)
> perswast.cohort <-
+   perswast.data$pers.cohort %>% subset(., select = c(cohort, region, agecat,  yi,  ci.lb,  ci.ub)) %>%
+   rename(est = yi,  lb = ci.lb,  ub = ci.ub)
> 
> perswast024 <- bind_rows(
+   data.frame(cohort = "pooled", region = "Overall", perswast.data$pers.res),
+   data.frame(cohort = "pooled", perswast.country),
+   data.frame(cohort = "pooled", perswast.region),
+   perswast.cohort
+ )
> save(perswast024, file = paste0(here(),"/results/persistent_wasting024.Rdata"))
> 
> 
> 
> 
> 
> 
> 
> 
> wasting_desc_data <- bind_rows(
+   data.frame(disease = "Wasting", age_range="3 months",   birth="yes", severe="no", measure= "Prevalence", prev),
+   data.frame(disease = "Wasting", age_range="3 months",   birth="yes", severe="yes", measure= "Prevalence", sev.prev),
+   data.frame(disease = "Wasting", age_range="3 months",   birth="yes", severe="no", measure= "Mean WLZ",  whz),
+   data.frame(disease = "Wasting", age_range="1 month",   birth="yes", severe="no", measure= "Mean WLZ",  monthly.whz),
+   data.frame(disease = "Wasting", age_range="3 months",   birth="yes", severe="no", measure= "Cumulative incidence", ci_3),
+   data.frame(disease = "Wasting", age_range="3 months",   birth="strat", severe="no", measure= "Cumulative incidence", ci_3_nobirth),
+   data.frame(disease = "Wasting", age_range="3 months",   birth="yes", severe="no", measure= "Incidence_proportion", ip_3),
+   data.frame(disease = "Wasting", age_range="3 months",   birth="strat", severe="no", measure= "Incidence_proportion", ip_3_nobirth),
+   data.frame(disease = "Wasting", age_range="6 months",   birth="no",  severe="no",   measure= "Cumulative incidence",  ci_nobw),
+   data.frame(disease = "Wasting", age_range="3 months",   birth="no",  severe="no",   measure= "Cumulative incidence",  ci_nobw3),
+   data.frame(disease = "Wasting", age_range="6 months",   birth="yes", severe="yes", measure= "Cumulative incidence",  sev.ci),
+   data.frame(disease = "Wasting", age_range="6 months",   birth="yes", severe="no", measure= "Incidence rate",  ir),
+   data.frame(disease = "Wasting", age_range="6 months",   birth="no", severe="no", measure= "Incidence rate",  ir_noBW),
+   data.frame(disease = "Wasting", age_range="3 months",   birth="yes", severe="no", measure= "Incidence rate",  ir3),
+   data.frame(disease = "Wasting", age_range="3 months",   birth="no", severe="no", measure= "Incidence rate",  ir_noBW3),  
+   data.frame(disease = "Wasting", age_range="6 months",   birth="yes", severe="yes", measure= "Incidence rate",  sev.ir),
+   data.frame(disease = "Wasting", age_range="6 months",   birth="yes", severe="no", measure= "Persistent wasting", perswast),
+   data.frame(disease = "Wasting", age_range="30 days",   birth="yes", severe="no", measure= "Recovery", rec30),
+   data.frame(disease = "Wasting", age_range="60 days",   birth="yes", severe="no", measure= "Recovery", rec60),
+   data.frame(disease = "Wasting", age_range="90 days",   birth="yes", severe="no", measure= "Recovery", rec90)#,
+   # data.frame(disease = "Wasting", age_range="3 months",   birth="yes", severe="no", measure= "Cumulative incidence - no recovery", ci_3_noRec),
+   # data.frame(disease = "Wasting", age_range="6 months",   birth="yes", severe="yes", measure= "Cumulative incidence - no recovery", sev.ci_noRec),
+   # data.frame(disease = "Wasting", age_range="6 months",   birth="yes", severe="no", measure= "Incidence rate - no recovery", ir_noRec)
+ )
> 
> wasting_desc_data <- droplevels(wasting_desc_data)
> 
> 
> wasting_desc_data <- wasting_desc_data %>% subset(., select = -c(se, nmeas.f,  ptest.f, pt.f))
> 
> unique(wasting_desc_data$agecat)
 [1] "Birth"           "3 months"        "6 months"        "9 months"       
 [5] "12 months"       "15 months"       "18 months"       "21 months"      
 [9] "24 months"       "Two weeks"       "One month"       "2 months"       
[13] "4 months"        "5 months"        "7 months"        "8 months"       
[17] "10 months"       "11 months"       "13 months"       "14 months"      
[21] "16 months"       "17 months"       "19 months"       "20 months"      
[25] "22 months"       "23 months"       "0-3 months"      "3-6 months"     
[29] "6-9 months"      "9-12 months"     "12-15 months"    "15-18 months"   
[33] "18-21 months"    "21-24 months"    "8 days-3 months" "0-6 months"     
[37] "6-12 months"     "12-18 months"    "18-24 months"   
> wasting_desc_data$agecat <- factor(wasting_desc_data$agecat, levels=unique(wasting_desc_data$agecat))
> 
> unique(wasting_desc_data$region)
[1] "Overall"       "Africa"        "South Asia"    "Latin America"
[5] NA             
> wasting_desc_data$region[wasting_desc_data$region=="Asia"] <- "South Asia"
> wasting_desc_data$region <- factor(wasting_desc_data$region, levels=c("Overall", "Africa", "Latin America", "South Asia"))
> 
> #Add in variable for level of pooling
> wasting_desc_data <- wasting_desc_data %>% 
+   mutate(pooling = case_when(
+     cohort != "pooled" ~ "no pooling",
+     cohort == "pooled" & !is.na(country) ~ "country",
+     region != "Overall" ~ "regional",
+     region == "Overall" ~ "overall"
+   ))
> 
> table(wasting_desc_data$pooling)

   country no pooling    overall   regional 
      1598       2736        146        501 
> table(is.na(wasting_desc_data$pooling))

FALSE 
 4981 
> 
> 
> #clean country names
> wasting_desc_data$country[wasting_desc_data$country=="TANZANIA, UNITED REPUBLIC OF"] <- "TANZANIA"
> wasting_desc_data$country <- stringr::str_to_title(wasting_desc_data$country)
> 
> 
>         
> 
> saveRDS(wasting_desc_data, file = paste0(here(),"/results/wasting_desc_data.RDS"))
> 
> 
> 
> 
> proc.time()
   user  system elapsed 
443.257   3.634 447.026 
